Archive member included to satisfy reference by file (symbol)

/usr/lib/gcc/arm-none-eabi/10.3.1/thumb/v6-m/nofp/libgcc.a(_dvmd_tls.o)
                              CMakeFiles/hx711_test.dir/home/webius/Desktop/pico-dev/pico/pico-sdk/src/rp2_common/pico_divider/divider.S.obj (__aeabi_idiv0)
/usr/lib/gcc/arm-none-eabi/10.3.1/../../../arm-none-eabi/lib/thumb/v6-m/nofp/libg.a(lib_a-atexit.o)
                              /usr/lib/gcc/arm-none-eabi/10.3.1/../../../arm-none-eabi/lib/thumb/v6-m/nofp/crt0.o (atexit)
/usr/lib/gcc/arm-none-eabi/10.3.1/../../../arm-none-eabi/lib/thumb/v6-m/nofp/libg.a(lib_a-calloc.o)
                              CMakeFiles/hx711_test.dir/home/webius/Desktop/pico-dev/pico/pico-sdk/src/rp2_common/pico_malloc/pico_malloc.c.obj (calloc)
/usr/lib/gcc/arm-none-eabi/10.3.1/../../../arm-none-eabi/lib/thumb/v6-m/nofp/libg.a(lib_a-callocr.o)
                              /usr/lib/gcc/arm-none-eabi/10.3.1/../../../arm-none-eabi/lib/thumb/v6-m/nofp/libg.a(lib_a-calloc.o) (_calloc_r)
/usr/lib/gcc/arm-none-eabi/10.3.1/../../../arm-none-eabi/lib/thumb/v6-m/nofp/libg.a(lib_a-fini.o)
                              /usr/lib/gcc/arm-none-eabi/10.3.1/../../../arm-none-eabi/lib/thumb/v6-m/nofp/crt0.o (__libc_fini_array)
/usr/lib/gcc/arm-none-eabi/10.3.1/../../../arm-none-eabi/lib/thumb/v6-m/nofp/libg.a(lib_a-impure.o)
                              /usr/lib/gcc/arm-none-eabi/10.3.1/../../../arm-none-eabi/lib/thumb/v6-m/nofp/libg.a(lib_a-calloc.o) (_impure_ptr)
/usr/lib/gcc/arm-none-eabi/10.3.1/../../../arm-none-eabi/lib/thumb/v6-m/nofp/libg.a(lib_a-init.o)
                              /usr/lib/gcc/arm-none-eabi/10.3.1/../../../arm-none-eabi/lib/thumb/v6-m/nofp/crt0.o (__libc_init_array)
/usr/lib/gcc/arm-none-eabi/10.3.1/../../../arm-none-eabi/lib/thumb/v6-m/nofp/libg.a(lib_a-malloc.o)
                              CMakeFiles/hx711_test.dir/home/webius/Desktop/pico-dev/pico/pico-sdk/src/rp2_common/pico_malloc/pico_malloc.c.obj (malloc)
/usr/lib/gcc/arm-none-eabi/10.3.1/../../../arm-none-eabi/lib/thumb/v6-m/nofp/libg.a(lib_a-mallocr.o)
                              /usr/lib/gcc/arm-none-eabi/10.3.1/../../../arm-none-eabi/lib/thumb/v6-m/nofp/libg.a(lib_a-callocr.o) (_malloc_r)
/usr/lib/gcc/arm-none-eabi/10.3.1/../../../arm-none-eabi/lib/thumb/v6-m/nofp/libg.a(lib_a-mlock.o)
                              /usr/lib/gcc/arm-none-eabi/10.3.1/../../../arm-none-eabi/lib/thumb/v6-m/nofp/libg.a(lib_a-mallocr.o) (__malloc_lock)
/usr/lib/gcc/arm-none-eabi/10.3.1/../../../arm-none-eabi/lib/thumb/v6-m/nofp/libg.a(lib_a-realloc.o)
                              CMakeFiles/hx711_test.dir/home/webius/Desktop/pico-dev/pico/pico-sdk/src/rp2_common/pico_malloc/pico_malloc.c.obj (realloc)
/usr/lib/gcc/arm-none-eabi/10.3.1/../../../arm-none-eabi/lib/thumb/v6-m/nofp/libg.a(lib_a-reallocr.o)
                              /usr/lib/gcc/arm-none-eabi/10.3.1/../../../arm-none-eabi/lib/thumb/v6-m/nofp/libg.a(lib_a-realloc.o) (_realloc_r)
/usr/lib/gcc/arm-none-eabi/10.3.1/../../../arm-none-eabi/lib/thumb/v6-m/nofp/libg.a(lib_a-sbrkr.o)
                              /usr/lib/gcc/arm-none-eabi/10.3.1/../../../arm-none-eabi/lib/thumb/v6-m/nofp/libg.a(lib_a-mallocr.o) (_sbrk_r)
/usr/lib/gcc/arm-none-eabi/10.3.1/../../../arm-none-eabi/lib/thumb/v6-m/nofp/libg.a(lib_a-strlen-stub.o)
                              CMakeFiles/hx711_test.dir/home/webius/Desktop/pico-dev/pico/pico-sdk/src/rp2_common/pico_stdio/stdio.c.obj (strlen)
/usr/lib/gcc/arm-none-eabi/10.3.1/../../../arm-none-eabi/lib/thumb/v6-m/nofp/libg.a(lib_a-__atexit.o)
                              /usr/lib/gcc/arm-none-eabi/10.3.1/../../../arm-none-eabi/lib/thumb/v6-m/nofp/libg.a(lib_a-atexit.o) (__register_exitproc)
/usr/lib/gcc/arm-none-eabi/10.3.1/../../../arm-none-eabi/lib/thumb/v6-m/nofp/libg.a(lib_a-freer.o)
                              /usr/lib/gcc/arm-none-eabi/10.3.1/../../../arm-none-eabi/lib/thumb/v6-m/nofp/libg.a(lib_a-malloc.o) (_free_r)
/usr/lib/gcc/arm-none-eabi/10.3.1/../../../arm-none-eabi/lib/thumb/v6-m/nofp/libg.a(lib_a-memmove.o)
                              /usr/lib/gcc/arm-none-eabi/10.3.1/../../../arm-none-eabi/lib/thumb/v6-m/nofp/libg.a(lib_a-reallocr.o) (memmove)
/usr/lib/gcc/arm-none-eabi/10.3.1/../../../arm-none-eabi/lib/thumb/v6-m/nofp/libg.a(lib_a-reent.o)
                              /usr/lib/gcc/arm-none-eabi/10.3.1/../../../arm-none-eabi/lib/thumb/v6-m/nofp/libg.a(lib_a-sbrkr.o) (errno)

Discarded input sections

 .text          0x0000000000000000        0x0 /usr/lib/gcc/arm-none-eabi/10.3.1/thumb/v6-m/nofp/crti.o
 .data          0x0000000000000000        0x0 /usr/lib/gcc/arm-none-eabi/10.3.1/thumb/v6-m/nofp/crti.o
 .bss           0x0000000000000000        0x0 /usr/lib/gcc/arm-none-eabi/10.3.1/thumb/v6-m/nofp/crti.o
 .data          0x0000000000000000        0x4 /usr/lib/gcc/arm-none-eabi/10.3.1/thumb/v6-m/nofp/crtbegin.o
 .rodata        0x0000000000000000       0x24 /usr/lib/gcc/arm-none-eabi/10.3.1/thumb/v6-m/nofp/crtbegin.o
[...]
Memory Configuration

Name             Origin             Length             Attributes
FLASH            0x0000000010000000 0x0000000000200000 xr
RAM              0x0000000020000000 0x0000000000040000 xrw
SCRATCH_X        0x0000000020040000 0x0000000000001000 xrw
SCRATCH_Y        0x0000000020041000 0x0000000000001000 xrw
*default*        0x0000000000000000 0xffffffffffffffff

Linker script and memory map

LOAD /usr/lib/gcc/arm-none-eabi/10.3.1/thumb/v6-m/nofp/crti.o
LOAD /usr/lib/gcc/arm-none-eabi/10.3.1/thumb/v6-m/nofp/crtbegin.o
LOAD /usr/lib/gcc/arm-none-eabi/10.3.1/../../../arm-none-eabi/lib/thumb/v6-m/nofp/crt0.o

.flash_begin    0x0000000010000000        0x0
                0x0000000010000000                __flash_binary_start = .

.boot2          0x0000000010000000      0x100
                0x0000000010000000                __boot2_start__ = .
 *(.boot2)
 .boot2         0x0000000010000000      0x100 /tmp/cciQ5mVX.o
                0x0000000010000100                __boot2_end__ = .
                0x0000000000000001                ASSERT (((__boot2_end__ - __boot2_start__) == 0x100), ERROR: Pico second stage bootloader must be 256 bytes in size)

.text           0x0000000010000100     0x71d0
                0x0000000010000100                __logical_binary_start = .
 *(.vectors)
 .vectors       0x0000000010000100       0xd4 CMakeFiles/hx711_test.dir/home/webius/Desktop/pico-dev/pico/pico-sdk/src/rp2_common/pico_standard_link/crt0.S.obj
                0x0000000010000100                __vectors
                0x0000000010000100                __VECTOR_TABLE
                0x00000000100001c0                isr_invalid
                0x00000000100001c0                __default_isrs_start
                0x00000000100001c2                isr_nmi
                0x00000000100001c4                isr_hardfault
                0x00000000100001c6                isr_svcall
                0x00000000100001c8                isr_pendsv
                0x00000000100001ca                isr_systick
                0x00000000100001cc                isr_irq30
                0x00000000100001cc                __unhandled_user_irq
                0x00000000100001cc                isr_irq13
                0x00000000100001cc                isr_irq27
                0x00000000100001cc                isr_irq31
                0x00000000100001cc                isr_irq5
                0x00000000100001cc                isr_irq11
                0x00000000100001cc                isr_irq23
                0x00000000100001cc                isr_irq18
                0x00000000100001cc                isr_irq28
                0x00000000100001cc                isr_irq19
                0x00000000100001cc                isr_irq0
                0x00000000100001cc                isr_irq6
                0x00000000100001cc                isr_irq22
                0x00000000100001cc                isr_irq17
                0x00000000100001cc                isr_irq14
                0x00000000100001cc                isr_irq2
                0x00000000100001cc                isr_irq10
                0x00000000100001cc                isr_irq8
                0x00000000100001cc                isr_irq24
                0x00000000100001cc                isr_irq1
                0x00000000100001cc                isr_irq7
                0x00000000100001cc                isr_irq21
                0x00000000100001cc                isr_irq20
                0x00000000100001cc                isr_irq15
                0x00000000100001cc                isr_irq25
                0x00000000100001cc                isr_irq4
                0x00000000100001cc                isr_irq16
                0x00000000100001cc                isr_irq29
                0x00000000100001cc                isr_irq26
                0x00000000100001cc                __default_isrs_end
                0x00000000100001cc                isr_irq3
                0x00000000100001cc                isr_irq12
                0x00000000100001cc                isr_irq9
                0x00000000100001d2                unhandled_user_irq_num_in_r0
 *(.binary_info_header)
 .binary_info_header
                0x00000000100001d4       0x14 CMakeFiles/hx711_test.dir/home/webius/Desktop/pico-dev/pico/pico-sdk/src/rp2_common/pico_standard_link/crt0.S.obj
                0x00000000100001e8                __binary_info_header_end = .
 *(.reset)
 .reset         0x00000000100001e8       0xa0 CMakeFiles/hx711_test.dir/home/webius/Desktop/pico-dev/pico/pico-sdk/src/rp2_common/pico_standard_link/crt0.S.obj
                0x00000000100001e8                _entry_point
 .reset         0x0000000010000288       0x30 CMakeFiles/hx711_test.dir/home/webius/Desktop/pico-dev/pico/pico-sdk/src/rp2_common/pico_standard_link/binary_info.c.obj
 *(.init)
 .init          0x00000000100002b8        0x4 /usr/lib/gcc/arm-none-eabi/10.3.1/thumb/v6-m/nofp/crti.o
                0x00000000100002b8                _init
 *(EXCLUDE_FILE(*libm.a: *libc.a:*lib_a-mem*.o *libgcc.a:) .text*)
 .text          0x00000000100002bc       0x98 /usr/lib/gcc/arm-none-eabi/10.3.1/thumb/v6-m/nofp/crtbegin.o
 .text.main     0x0000000010000354       0xbc CMakeFiles/hx711_test.dir/main.cpp.obj
                0x0000000010000354                main
 .text._Z14alarm_callbacklPv
                0x0000000010000410       0x10 CMakeFiles/hx711_test.dir/HX711.cpp.obj
                0x0000000010000410                alarm_callback(long, void*)
 .text._ZN5HX7118is_readyEl
                0x0000000010000420       0xc0 CMakeFiles/hx711_test.dir/HX711.cpp.obj
                0x0000000010000420                HX711::is_ready(long)
 .text._ZN5HX71110get_offsetEv
                0x00000000100004e0        0x4 CMakeFiles/hx711_test.dir/HX711.cpp.obj
                0x00000000100004e0                HX711::get_offset()
 .text._ZN5HX71114get_conversionEv
                0x00000000100004e4        0x4 CMakeFiles/hx711_test.dir/HX711.cpp.obj
                0x00000000100004e4                HX711::get_conversion()
 .text._ZN5HX7118power_upEv
                0x00000000100004e8        0xe CMakeFiles/hx711_test.dir/HX711.cpp.obj
                0x00000000100004e8                HX711::power_up()
 .text._ZN5HX7119_shift_inEb
                0x00000000100004f6       0x62 CMakeFiles/hx711_test.dir/HX711.cpp.obj
                0x00000000100004f6                HX711::_shift_in(bool)
 .text._ZN5HX71112_pulse_clockEh
                0x0000000010000558       0x40 CMakeFiles/hx711_test.dir/HX711.cpp.obj
                0x0000000010000558                HX711::_pulse_clock(unsigned char)
 .text._ZN5HX71112set_pga_gainE7PgaGain
                0x0000000010000598        0xe CMakeFiles/hx711_test.dir/HX711.cpp.obj
                0x0000000010000598                HX711::set_pga_gain(PgaGain)
 .text._ZN5HX711C2Ehh7PgaGain
                0x00000000100005a6       0x50 CMakeFiles/hx711_test.dir/HX711.cpp.obj
                0x00000000100005a6                HX711::HX711(unsigned char, unsigned char, PgaGain)
                0x00000000100005a6                HX711::HX711(unsigned char, unsigned char, PgaGain)
 .text._ZN5HX7118read_rawEv
                0x00000000100005f6       0x72 CMakeFiles/hx711_test.dir/HX711.cpp.obj
                0x00000000100005f6                HX711::read_raw()
 .text._ZN5HX71112read_raw_avgEh
                0x0000000010000668       0x26 CMakeFiles/hx711_test.dir/HX711.cpp.obj
                0x0000000010000668                HX711::read_raw_avg(unsigned char)
 .text._ZN5HX7114tareEh
                0x000000001000068e        0xc CMakeFiles/hx711_test.dir/HX711.cpp.obj
                0x000000001000068e                HX711::tare(unsigned char)
 .text._ZN5HX7114readEh
                0x000000001000069a       0x1e CMakeFiles/hx711_test.dir/HX711.cpp.obj
                0x000000001000069a                HX711::read(unsigned char)
 .text._ZN5HX71115calibrate_grammEm
                0x00000000100006b8       0x30 CMakeFiles/hx711_test.dir/HX711.cpp.obj
                0x00000000100006b8                HX711::calibrate_gramm(unsigned long)
 .text.gpio_set_function
                0x00000000100006e8       0x30 CMakeFiles/hx711_test.dir/home/webius/Desktop/pico-dev/pico/pico-sdk/src/rp2_common/hardware_gpio/gpio.c.obj
                0x00000000100006e8                gpio_set_function
 .text.gpio_set_pulls
                0x0000000010000718       0x34 CMakeFiles/hx711_test.dir/home/webius/Desktop/pico-dev/pico/pico-sdk/src/rp2_common/hardware_gpio/gpio.c.obj
                0x0000000010000718                gpio_set_pulls
 .text.gpio_init
                0x000000001000074c       0x16 CMakeFiles/hx711_test.dir/home/webius/Desktop/pico-dev/pico/pico-sdk/src/rp2_common/hardware_gpio/gpio.c.obj
                0x000000001000074c                gpio_init
 *fill*         0x0000000010000762        0x2 
 .text.running_on_fpga
                0x0000000010000764       0x14 CMakeFiles/hx711_test.dir/home/webius/Desktop/pico-dev/pico/pico-sdk/src/rp2_common/pico_platform/platform.c.obj
                0x0000000010000764                running_on_fpga
 .text.hw_claim_lock
                0x0000000010000778       0x18 CMakeFiles/hx711_test.dir/home/webius/Desktop/pico-dev/pico/pico-sdk/src/rp2_common/hardware_claim/claim.c.obj
                0x0000000010000778                hw_claim_lock
 .text.hw_claim_unlock
                0x0000000010000790       0x14 CMakeFiles/hx711_test.dir/home/webius/Desktop/pico-dev/pico/pico-sdk/src/rp2_common/hardware_claim/claim.c.obj
                0x0000000010000790                hw_claim_unlock
 .text.hw_claim_or_assert
                0x00000000100007a4       0x32 CMakeFiles/hx711_test.dir/home/webius/Desktop/pico-dev/pico/pico-sdk/src/rp2_common/hardware_claim/claim.c.obj
                0x00000000100007a4                hw_claim_or_assert
 .text.hw_claim_unused_from_range
                0x00000000100007d6       0x50 CMakeFiles/hx711_test.dir/home/webius/Desktop/pico-dev/pico/pico-sdk/src/rp2_common/hardware_claim/claim.c.obj
                0x00000000100007d6                hw_claim_unused_from_range
 *fill*         0x0000000010000826        0x2 
 .text.spin_locks_reset
                0x0000000010000828       0x20 CMakeFiles/hx711_test.dir/home/webius/Desktop/pico-dev/pico/pico-sdk/src/rp2_common/hardware_sync/sync.c.obj
                0x0000000010000828                spin_locks_reset
 .text.next_striped_spin_lock_num
                0x0000000010000848       0x1c CMakeFiles/hx711_test.dir/home/webius/Desktop/pico-dev/pico/pico-sdk/src/rp2_common/hardware_sync/sync.c.obj
                0x0000000010000848                next_striped_spin_lock_num
 .text.spin_lock_claim_unused
                0x0000000010000864       0x20 CMakeFiles/hx711_test.dir/home/webius/Desktop/pico-dev/pico/pico-sdk/src/rp2_common/hardware_sync/sync.c.obj
                0x0000000010000864                spin_lock_claim_unused
 .text.set_raw_irq_handler_and_unlock
                0x0000000010000884       0x28 CMakeFiles/hx711_test.dir/home/webius/Desktop/pico-dev/pico/pico-sdk/src/rp2_common/hardware_irq/irq.c.obj
 .text.make_branch
                0x00000000100008ac       0x48 CMakeFiles/hx711_test.dir/home/webius/Desktop/pico-dev/pico/pico-sdk/src/rp2_common/hardware_irq/irq.c.obj
 .text.insert_branch_and_link
                0x00000000100008f4       0x40 CMakeFiles/hx711_test.dir/home/webius/Desktop/pico-dev/pico/pico-sdk/src/rp2_common/hardware_irq/irq.c.obj
 .text.irq_is_enabled
                0x0000000010000934       0x18 CMakeFiles/hx711_test.dir/home/webius/Desktop/pico-dev/pico/pico-sdk/src/rp2_common/hardware_irq/irq.c.obj
                0x0000000010000934                irq_is_enabled
 .text.irq_set_mask_enabled
                0x000000001000094c       0x20 CMakeFiles/hx711_test.dir/home/webius/Desktop/pico-dev/pico/pico-sdk/src/rp2_common/hardware_irq/irq.c.obj
                0x000000001000094c                irq_set_mask_enabled
 .text.irq_set_enabled
                0x000000001000096c        0xe CMakeFiles/hx711_test.dir/home/webius/Desktop/pico-dev/pico/pico-sdk/src/rp2_common/hardware_irq/irq.c.obj
                0x000000001000096c                irq_set_enabled
 *fill*         0x000000001000097a        0x2 
 .text.irq_set_pending
                0x000000001000097c       0x10 CMakeFiles/hx711_test.dir/home/webius/Desktop/pico-dev/pico/pico-sdk/src/rp2_common/hardware_irq/irq.c.obj
                0x000000001000097c                irq_set_pending
 .text.irq_get_vtable_handler
                0x000000001000098c       0x10 CMakeFiles/hx711_test.dir/home/webius/Desktop/pico-dev/pico/pico-sdk/src/rp2_common/hardware_irq/irq.c.obj
                0x000000001000098c                irq_get_vtable_handler
 .text.irq_has_shared_handler
                0x000000001000099c       0x24 CMakeFiles/hx711_test.dir/home/webius/Desktop/pico-dev/pico/pico-sdk/src/rp2_common/hardware_irq/irq.c.obj
                0x000000001000099c                irq_has_shared_handler
 .text.irq_set_exclusive_handler
                0x00000000100009c0       0x54 CMakeFiles/hx711_test.dir/home/webius/Desktop/pico-dev/pico/pico-sdk/src/rp2_common/hardware_irq/irq.c.obj
                0x00000000100009c0                irq_set_exclusive_handler
 .text.irq_add_shared_handler
                0x0000000010000a14      0x234 CMakeFiles/hx711_test.dir/home/webius/Desktop/pico-dev/pico/pico-sdk/src/rp2_common/hardware_irq/irq.c.obj
                0x0000000010000a14                irq_add_shared_handler
 .text.irq_remove_handler
                0x0000000010000c48      0x1ac CMakeFiles/hx711_test.dir/home/webius/Desktop/pico-dev/pico/pico-sdk/src/rp2_common/hardware_irq/irq.c.obj
                0x0000000010000c48                irq_remove_handler
 .text.irq_add_tail_to_free_list
                0x0000000010000df4       0xf0 CMakeFiles/hx711_test.dir/home/webius/Desktop/pico-dev/pico/pico-sdk/src/rp2_common/hardware_irq/irq.c.obj
                0x0000000010000df4                irq_add_tail_to_free_list
 .text.irq_init_priorities
                0x0000000010000ee4       0x1c CMakeFiles/hx711_test.dir/home/webius/Desktop/pico-dev/pico/pico-sdk/src/rp2_common/hardware_irq/irq.c.obj
                0x0000000010000ee4                irq_init_priorities
 .text.user_irq_claim_unused
                0x0000000010000f00       0x28 CMakeFiles/hx711_test.dir/home/webius/Desktop/pico-dev/pico/pico-sdk/src/rp2_common/hardware_irq/irq.c.obj
                0x0000000010000f00                user_irq_claim_unused
 .text.lock_init
                0x0000000010000f28       0x10 CMakeFiles/hx711_test.dir/home/webius/Desktop/pico-dev/pico/pico-sdk/src/common/pico_sync/lock_core.c.obj
                0x0000000010000f28                lock_init
 .text.mutex_init
                0x0000000010000f38       0x1a CMakeFiles/hx711_test.dir/home/webius/Desktop/pico-dev/pico/pico-sdk/src/common/pico_sync/mutex.c.obj
                0x0000000010000f38                mutex_init
 .text.recursive_mutex_init
                0x0000000010000f52       0x1e CMakeFiles/hx711_test.dir/home/webius/Desktop/pico-dev/pico/pico-sdk/src/common/pico_sync/mutex.c.obj
                0x0000000010000f52                recursive_mutex_init
 .text.critical_section_init_with_lock_num
                0x0000000010000f70       0x14 CMakeFiles/hx711_test.dir/home/webius/Desktop/pico-dev/pico/pico-sdk/src/common/pico_sync/critical_section.c.obj
                0x0000000010000f70                critical_section_init_with_lock_num
 .text.critical_section_init
                0x0000000010000f84       0x14 CMakeFiles/hx711_test.dir/home/webius/Desktop/pico-dev/pico/pico-sdk/src/common/pico_sync/critical_section.c.obj
                0x0000000010000f84                critical_section_init
 .text.alarm_pool_post_alloc_init
                0x0000000010000f98       0x40 CMakeFiles/hx711_test.dir/home/webius/Desktop/pico-dev/pico/pico-sdk/src/common/pico_time/time.c.obj
 .text.sleep_until_callback
                0x0000000010000fd8       0x30 CMakeFiles/hx711_test.dir/home/webius/Desktop/pico-dev/pico/pico-sdk/src/common/pico_time/time.c.obj
 .text.timer_pool_entry_comparator
                0x0000000010001008       0x7c CMakeFiles/hx711_test.dir/home/webius/Desktop/pico-dev/pico/pico-sdk/src/common/pico_time/time.c.obj
                0x0000000010001008                timer_pool_entry_comparator
 .text.ph_add_child_node
                0x0000000010001084       0xa4 CMakeFiles/hx711_test.dir/home/webius/Desktop/pico-dev/pico/pico-sdk/src/common/pico_time/time.c.obj
 .text.ph_merge_nodes
                0x0000000010001128       0x3e CMakeFiles/hx711_test.dir/home/webius/Desktop/pico-dev/pico/pico-sdk/src/common/pico_time/time.c.obj
 *fill*         0x0000000010001166        0x2 
 .text.add_alarm_under_lock
                0x0000000010001168      0x174 CMakeFiles/hx711_test.dir/home/webius/Desktop/pico-dev/pico/pico-sdk/src/common/pico_time/time.c.obj
 .text.alarm_pool_alarm_callback
                0x00000000100012dc      0x33c CMakeFiles/hx711_test.dir/home/webius/Desktop/pico-dev/pico/pico-sdk/src/common/pico_time/time.c.obj
 .text.alarm_pool_init_default
                0x0000000010001618       0x40 CMakeFiles/hx711_test.dir/home/webius/Desktop/pico-dev/pico/pico-sdk/src/common/pico_time/time.c.obj
                0x0000000010001618                alarm_pool_init_default
 .text.alarm_pool_get_default
                0x0000000010001658       0x2c CMakeFiles/hx711_test.dir/home/webius/Desktop/pico-dev/pico/pico-sdk/src/common/pico_time/time.c.obj
                0x0000000010001658                alarm_pool_get_default
 .text.alarm_pool_add_alarm_at
                0x0000000010001684      0x168 CMakeFiles/hx711_test.dir/home/webius/Desktop/pico-dev/pico/pico-sdk/src/common/pico_time/time.c.obj
                0x0000000010001684                alarm_pool_add_alarm_at
 .text.alarm_pool_cancel_alarm
                0x00000000100017ec       0xf8 CMakeFiles/hx711_test.dir/home/webius/Desktop/pico-dev/pico/pico-sdk/src/common/pico_time/time.c.obj
                0x00000000100017ec                alarm_pool_cancel_alarm
 .text.alarm_pool_core_num
                0x00000000100018e4        0x4 CMakeFiles/hx711_test.dir/home/webius/Desktop/pico-dev/pico/pico-sdk/src/common/pico_time/time.c.obj
                0x00000000100018e4                alarm_pool_core_num
 .text.sleep_until
                0x00000000100018e8       0xfc CMakeFiles/hx711_test.dir/home/webius/Desktop/pico-dev/pico/pico-sdk/src/common/pico_time/time.c.obj
                0x00000000100018e8                sleep_until
 .text.sleep_us
                0x00000000100019e4       0x58 CMakeFiles/hx711_test.dir/home/webius/Desktop/pico-dev/pico/pico-sdk/src/common/pico_time/time.c.obj
                0x00000000100019e4                sleep_us
 .text.sleep_ms
                0x0000000010001a3c       0x14 CMakeFiles/hx711_test.dir/home/webius/Desktop/pico-dev/pico/pico-sdk/src/common/pico_time/time.c.obj
                0x0000000010001a3c                sleep_ms
 .text.best_effort_wfe_or_timeout
                0x0000000010001a50       0xac CMakeFiles/hx711_test.dir/home/webius/Desktop/pico-dev/pico/pico-sdk/src/common/pico_time/time.c.obj
                0x0000000010001a50                best_effort_wfe_or_timeout
 .text.hardware_alarm_irq_handler
                0x0000000010001afc       0x90 CMakeFiles/hx711_test.dir/home/webius/Desktop/pico-dev/pico/pico-sdk/src/rp2_common/hardware_timer/timer.c.obj
 .text.hardware_alarm_claim
                0x0000000010001b8c       0x18 CMakeFiles/hx711_test.dir/home/webius/Desktop/pico-dev/pico/pico-sdk/src/rp2_common/hardware_timer/timer.c.obj
                0x0000000010001b8c                hardware_alarm_claim
 .text.time_us_64
                0x0000000010001ba4       0x18 CMakeFiles/hx711_test.dir/home/webius/Desktop/pico-dev/pico/pico-sdk/src/rp2_common/hardware_timer/timer.c.obj
                0x0000000010001ba4                time_us_64
 .text.busy_wait_until
                0x0000000010001bbc       0x28 CMakeFiles/hx711_test.dir/home/webius/Desktop/pico-dev/pico/pico-sdk/src/rp2_common/hardware_timer/timer.c.obj
                0x0000000010001bbc                busy_wait_until
 .text.hardware_alarm_set_callback
                0x0000000010001be4       0x90 CMakeFiles/hx711_test.dir/home/webius/Desktop/pico-dev/pico/pico-sdk/src/rp2_common/hardware_timer/timer.c.obj
                0x0000000010001be4                hardware_alarm_set_callback
 .text.hardware_alarm_set_target
                0x0000000010001c74       0xe8 CMakeFiles/hx711_test.dir/home/webius/Desktop/pico-dev/pico/pico-sdk/src/rp2_common/hardware_timer/timer.c.obj
                0x0000000010001c74                hardware_alarm_set_target
 .text.hardware_alarm_cancel
                0x0000000010001d5c       0x40 CMakeFiles/hx711_test.dir/home/webius/Desktop/pico-dev/pico/pico-sdk/src/rp2_common/hardware_timer/timer.c.obj
                0x0000000010001d5c                hardware_alarm_cancel
 .text.ph_add_child_node
                0x0000000010001d9c       0xa4 CMakeFiles/hx711_test.dir/home/webius/Desktop/pico-dev/pico/pico-sdk/src/common/pico_util/pheap.c.obj
 .text.ph_merge_nodes
                0x0000000010001e40       0x3e CMakeFiles/hx711_test.dir/home/webius/Desktop/pico-dev/pico/pico-sdk/src/common/pico_util/pheap.c.obj
 *fill*         0x0000000010001e7e        0x2 
 .text.ph_clear
                0x0000000010001e80       0x70 CMakeFiles/hx711_test.dir/home/webius/Desktop/pico-dev/pico/pico-sdk/src/common/pico_util/pheap.c.obj
                0x0000000010001e80                ph_clear
 .text.ph_post_alloc_init
                0x0000000010001ef0        0xe CMakeFiles/hx711_test.dir/home/webius/Desktop/pico-dev/pico/pico-sdk/src/common/pico_util/pheap.c.obj
                0x0000000010001ef0                ph_post_alloc_init
 *fill*         0x0000000010001efe        0x2 
 .text.ph_merge_two_pass
                0x0000000010001f00       0xa8 CMakeFiles/hx711_test.dir/home/webius/Desktop/pico-dev/pico/pico-sdk/src/common/pico_util/pheap.c.obj
                0x0000000010001f00                ph_merge_two_pass
 .text.ph_remove_any_head
                0x0000000010001fa8      0x128 CMakeFiles/hx711_test.dir/home/webius/Desktop/pico-dev/pico/pico-sdk/src/common/pico_util/pheap.c.obj
 .text.ph_remove_head
                0x00000000100020d0       0x14 CMakeFiles/hx711_test.dir/home/webius/Desktop/pico-dev/pico/pico-sdk/src/common/pico_util/pheap.c.obj
                0x00000000100020d0                ph_remove_head
 .text.ph_remove_and_free_node
                0x00000000100020e4       0xf8 CMakeFiles/hx711_test.dir/home/webius/Desktop/pico-dev/pico/pico-sdk/src/common/pico_util/pheap.c.obj
                0x00000000100020e4                ph_remove_and_free_node
 .text.clock_configure
                0x00000000100021dc      0x108 CMakeFiles/hx711_test.dir/home/webius/Desktop/pico-dev/pico/pico-sdk/src/rp2_common/hardware_clocks/clocks.c.obj
                0x00000000100021dc                clock_configure
 .text.clocks_init
                0x00000000100022e4      0x100 CMakeFiles/hx711_test.dir/home/webius/Desktop/pico-dev/pico/pico-sdk/src/rp2_common/hardware_clocks/clocks.c.obj
                0x00000000100022e4                clocks_init
 .text.pll_init
                0x00000000100023e4      0x120 CMakeFiles/hx711_test.dir/home/webius/Desktop/pico-dev/pico/pico-sdk/src/rp2_common/hardware_pll/pll.c.obj
                0x00000000100023e4                pll_init
 .text.watchdog_start_tick
                0x0000000010002504       0x10 CMakeFiles/hx711_test.dir/home/webius/Desktop/pico-dev/pico/pico-sdk/src/rp2_common/hardware_watchdog/watchdog.c.obj
                0x0000000010002504                watchdog_start_tick
 .text.watchdog_update
                0x0000000010002514       0x14 CMakeFiles/hx711_test.dir/home/webius/Desktop/pico-dev/pico/pico-sdk/src/rp2_common/hardware_watchdog/watchdog.c.obj
                0x0000000010002514                watchdog_update
 .text._watchdog_enable
                0x0000000010002528       0x78 CMakeFiles/hx711_test.dir/home/webius/Desktop/pico-dev/pico/pico-sdk/src/rp2_common/hardware_watchdog/watchdog.c.obj
                0x0000000010002528                _watchdog_enable
 .text.watchdog_reboot
                0x00000000100025a0       0x48 CMakeFiles/hx711_test.dir/home/webius/Desktop/pico-dev/pico/pico-sdk/src/rp2_common/hardware_watchdog/watchdog.c.obj
                0x00000000100025a0                watchdog_reboot
 .text.xosc_init
                0x00000000100025e8       0x28 CMakeFiles/hx711_test.dir/home/webius/Desktop/pico-dev/pico/pico-sdk/src/rp2_common/hardware_xosc/xosc.c.obj
                0x00000000100025e8                xosc_init
 .text._exit    0x0000000010002610        0x4 CMakeFiles/hx711_test.dir/home/webius/Desktop/pico-dev/pico/pico-sdk/src/rp2_common/pico_runtime/runtime.c.obj
                0x0000000010002610                _exit
 .text.exit     0x0000000010002614        0x6 CMakeFiles/hx711_test.dir/home/webius/Desktop/pico-dev/pico/pico-sdk/src/rp2_common/pico_runtime/runtime.c.obj
                0x0000000010002614                exit
 *fill*         0x000000001000261a        0x2 
 .text.__assert_func
                0x000000001000261c       0x3c CMakeFiles/hx711_test.dir/home/webius/Desktop/pico-dev/pico/pico-sdk/src/rp2_common/pico_runtime/runtime.c.obj
                0x000000001000261c                __assert_func
 .text.runtime_init
                0x0000000010002658       0xf8 CMakeFiles/hx711_test.dir/home/webius/Desktop/pico-dev/pico/pico-sdk/src/rp2_common/pico_runtime/runtime.c.obj
                0x0000000010002658                runtime_init
 .text.panic    0x0000000010002750       0x30 CMakeFiles/hx711_test.dir/home/webius/Desktop/pico-dev/pico/pico-sdk/src/rp2_common/pico_runtime/runtime.c.obj
                0x0000000010002750                panic
 .text._out_null
                0x0000000010002780        0x2 CMakeFiles/hx711_test.dir/home/webius/Desktop/pico-dev/pico/pico-sdk/src/rp2_common/pico_printf/printf.c.obj
 .text._out_fct
                0x0000000010002782        0xe CMakeFiles/hx711_test.dir/home/webius/Desktop/pico-dev/pico/pico-sdk/src/rp2_common/pico_printf/printf.c.obj
 .text._atoi    0x0000000010002790       0x24 CMakeFiles/hx711_test.dir/home/webius/Desktop/pico-dev/pico/pico-sdk/src/rp2_common/pico_printf/printf.c.obj
 .text._out_rev
                0x00000000100027b4       0xae CMakeFiles/hx711_test.dir/home/webius/Desktop/pico-dev/pico/pico-sdk/src/rp2_common/pico_printf/printf.c.obj
 .text._ntoa_format
                0x0000000010002862      0x112 CMakeFiles/hx711_test.dir/home/webius/Desktop/pico-dev/pico/pico-sdk/src/rp2_common/pico_printf/printf.c.obj
 .text._ntoa_long
                0x0000000010002974       0xbc CMakeFiles/hx711_test.dir/home/webius/Desktop/pico-dev/pico/pico-sdk/src/rp2_common/pico_printf/printf.c.obj
 .text._ntoa_long_long
                0x0000000010002a30       0xe2 CMakeFiles/hx711_test.dir/home/webius/Desktop/pico-dev/pico/pico-sdk/src/rp2_common/pico_printf/printf.c.obj
 *fill*         0x0000000010002b12        0x2 
 .text._etoa    0x0000000010002b14      0x414 CMakeFiles/hx711_test.dir/home/webius/Desktop/pico-dev/pico/pico-sdk/src/rp2_common/pico_printf/printf.c.obj
 .text._ftoa    0x0000000010002f28      0x354 CMakeFiles/hx711_test.dir/home/webius/Desktop/pico-dev/pico/pico-sdk/src/rp2_common/pico_printf/printf.c.obj
 .text._vsnprintf
                0x000000001000327c      0x624 CMakeFiles/hx711_test.dir/home/webius/Desktop/pico-dev/pico/pico-sdk/src/rp2_common/pico_printf/printf.c.obj
 .text.vfctprintf
                0x00000000100038a0       0x20 CMakeFiles/hx711_test.dir/home/webius/Desktop/pico-dev/pico/pico-sdk/src/rp2_common/pico_printf/printf.c.obj
                0x00000000100038a0                vfctprintf
 .text          0x00000000100038c0       0x10 CMakeFiles/hx711_test.dir/home/webius/Desktop/pico-dev/pico/pico-sdk/src/rp2_common/pico_bit_ops/bit_ops_aeabi.S.obj
 .text.rom_func_lookup
                0x00000000100038d0       0x10 CMakeFiles/hx711_test.dir/home/webius/Desktop/pico-dev/pico/pico-sdk/src/rp2_common/pico_bootrom/bootrom.c.obj
                0x00000000100038d0                rom_func_lookup
 .text.rom_data_lookup
                0x00000000100038e0       0x10 CMakeFiles/hx711_test.dir/home/webius/Desktop/pico-dev/pico/pico-sdk/src/rp2_common/pico_bootrom/bootrom.c.obj
                0x00000000100038e0                rom_data_lookup
 .text.rom_funcs_lookup
                0x00000000100038f0       0x36 CMakeFiles/hx711_test.dir/home/webius/Desktop/pico-dev/pico/pico-sdk/src/rp2_common/pico_bootrom/bootrom.c.obj
                0x00000000100038f0                rom_funcs_lookup
 *fill*         0x0000000010003926        0x2 
 .text.__wrap___aeabi_idiv
                0x0000000010003928       0x50 CMakeFiles/hx711_test.dir/home/webius/Desktop/pico-dev/pico/pico-sdk/src/rp2_common/pico_divider/divider.S.obj
                0x0000000010003928                __wrap___aeabi_idivmod
                0x0000000010003928                divmod_s32s32
                0x0000000010003928                div_s32s32
                0x0000000010003928                __wrap___aeabi_idiv
                0x0000000010003930                divmod_s32s32_unsafe
                0x000000001000395c                divmod_s32s32_savestate
 .text.__wrap___aeabi_uidiv
                0x0000000010003978       0x4c CMakeFiles/hx711_test.dir/home/webius/Desktop/pico-dev/pico/pico-sdk/src/rp2_common/pico_divider/divider.S.obj
                0x0000000010003978                __wrap___aeabi_uidiv
                0x0000000010003978                __wrap___aeabi_uidivmod
                0x0000000010003978                div_u32u32
                0x0000000010003978                divmod_u32u32
                0x0000000010003980                divmod_u32u32_unsafe
                0x00000000100039a8                divmod_u32u32_savestate
 .text.__wrap___aeabi_ldiv
                0x00000000100039c4      0x424 CMakeFiles/hx711_test.dir/home/webius/Desktop/pico-dev/pico/pico-sdk/src/rp2_common/pico_divider/divider.S.obj
                0x00000000100039c4                div_s64s64
                0x00000000100039c4                divmod_s64s64
                0x00000000100039c4                __wrap___aeabi_ldivmod
                0x00000000100039f4                div_u64u64
                0x00000000100039f4                divmod_u64u64
                0x00000000100039f4                __wrap___aeabi_uldivmod
                0x0000000010003a04                divmod_u64u64_savestate
                0x0000000010003a24                divmod_s64s64_unsafe
                0x0000000010003aac                divmod_u64u64_unsafe
 .text.__wrap___aeabi_darithmetic
                0x0000000010003de8       0x80 CMakeFiles/hx711_test.dir/home/webius/Desktop/pico-dev/pico/pico-sdk/src/rp2_common/pico_double/double_aeabi.S.obj
                0x0000000010003de8                __wrap___aeabi_drsub
                0x0000000010003dee                __wrap___aeabi_dsub
                0x0000000010003e00                __wrap___aeabi_dadd
                0x0000000010003e12                __wrap___aeabi_ddiv
                0x0000000010003e4e                __wrap___aeabi_dmul
 .text.__wrap___aeabi_cdcmple
                0x0000000010003e68       0x6c CMakeFiles/hx711_test.dir/home/webius/Desktop/pico-dev/pico/pico-sdk/src/rp2_common/pico_double/double_aeabi.S.obj
                0x0000000010003e68                __wrap___aeabi_cdrcmple
                0x0000000010003e78                __wrap___aeabi_cdcmple
                0x0000000010003e78                __wrap___aeabi_cdcmpeq
 .text.__wrap___aeabi_dcmplt
                0x0000000010003ed4        0xc CMakeFiles/hx711_test.dir/home/webius/Desktop/pico-dev/pico/pico-sdk/src/rp2_common/pico_double/double_aeabi.S.obj
                0x0000000010003ed4                __wrap___aeabi_dcmplt
 .text.__wrap___aeabi_dcmple
                0x0000000010003ee0       0x10 CMakeFiles/hx711_test.dir/home/webius/Desktop/pico-dev/pico/pico-sdk/src/rp2_common/pico_double/double_aeabi.S.obj
                0x0000000010003ee0                __wrap___aeabi_dcmple
 .text.__wrap___aeabi_dcmpge
                0x0000000010003ef0       0x10 CMakeFiles/hx711_test.dir/home/webius/Desktop/pico-dev/pico/pico-sdk/src/rp2_common/pico_double/double_aeabi.S.obj
                0x0000000010003ef0                __wrap___aeabi_dcmpge
 .text.__wrap___aeabi_dcmpgt
                0x0000000010003f00        0xa CMakeFiles/hx711_test.dir/home/webius/Desktop/pico-dev/pico/pico-sdk/src/rp2_common/pico_double/double_aeabi.S.obj
                0x0000000010003f00                __wrap___aeabi_dcmpgt
 .text.__wrap___aeabi_dcmpun
                0x0000000010003f0a       0x1c CMakeFiles/hx711_test.dir/home/webius/Desktop/pico-dev/pico/pico-sdk/src/rp2_common/pico_double/double_aeabi.S.obj
                0x0000000010003f0a                __wrap___aeabi_dcmpun
 *fill*         0x0000000010003f26        0x2 
 .text.__wrap___aeabi_i2d
                0x0000000010003f28       0x38 CMakeFiles/hx711_test.dir/home/webius/Desktop/pico-dev/pico/pico-sdk/src/rp2_common/pico_double/double_aeabi.S.obj
                0x0000000010003f28                __wrap___aeabi_ui2d
                0x0000000010003f30                __wrap___aeabi_i2d
 .text.__wrap___aeabi_d2iz
                0x0000000010003f60       0x48 CMakeFiles/hx711_test.dir/home/webius/Desktop/pico-dev/pico/pico-sdk/src/rp2_common/pico_double/double_aeabi.S.obj
                0x0000000010003f60                __wrap___aeabi_d2iz
                0x0000000010003f60                double2int_z
 .text.__wrap___aeabi_d2uiz
                0x0000000010003fa8       0x18 CMakeFiles/hx711_test.dir/home/webius/Desktop/pico-dev/pico/pico-sdk/src/rp2_common/pico_double/double_aeabi.S.obj
                0x0000000010003fa8                double2uint
                0x0000000010003fa8                __wrap___aeabi_d2uiz
 .text.__wrap___aeabi_d2f
                0x0000000010003fc0       0x18 CMakeFiles/hx711_test.dir/home/webius/Desktop/pico-dev/pico/pico-sdk/src/rp2_common/pico_double/double_aeabi.S.obj
                0x0000000010003fc0                __wrap___aeabi_d2f
 .text.__aeabi_double_init
                0x0000000010003fd8       0xc8 CMakeFiles/hx711_test.dir/home/webius/Desktop/pico-dev/pico/pico-sdk/src/rp2_common/pico_double/double_init_rom.c.obj
                0x0000000010003fd8                __aeabi_double_init
 .text.double_table_shim_on_use_helper
                0x00000000100040a0       0x34 CMakeFiles/hx711_test.dir/home/webius/Desktop/pico-dev/pico/pico-sdk/src/rp2_common/pico_double/double_v1_rom_shim.S.obj
                0x00000000100040a0                double_table_shim_on_use_helper
 .text.__wrap___aeabi_dsub
                0x00000000100040d4       0x10 CMakeFiles/hx711_test.dir/home/webius/Desktop/pico-dev/pico/pico-sdk/src/rp2_common/pico_double/double_v1_rom_shim.S.obj
                0x00000000100040d4                drsub_shim
                0x00000000100040da                dsub_shim
 .text.dadd_shim
                0x00000000100040e4      0x15c CMakeFiles/hx711_test.dir/home/webius/Desktop/pico-dev/pico/pico-sdk/src/rp2_common/pico_double/double_v1_rom_shim.S.obj
                0x00000000100040e4                dadd_shim
 .text.dmul_shim
                0x0000000010004240      0x15c CMakeFiles/hx711_test.dir/home/webius/Desktop/pico-dev/pico/pico-sdk/src/rp2_common/pico_double/double_v1_rom_shim.S.obj
                0x0000000010004240                dmul_shim
 .text.ddiv_shim
                0x000000001000439c      0x1b0 CMakeFiles/hx711_test.dir/home/webius/Desktop/pico-dev/pico/pico-sdk/src/rp2_common/pico_double/double_v1_rom_shim.S.obj
                0x000000001000439c                ddiv_shim
 .text.double2uint_shim
                0x000000001000454c        0xe CMakeFiles/hx711_test.dir/home/webius/Desktop/pico-dev/pico/pico-sdk/src/rp2_common/pico_double/double_v1_rom_shim.S.obj
                0x000000001000454c                double2uint_shim
                0x000000001000454e                double2ufix_shim
 *fill*         0x000000001000455a        0x2 
 .text.double2uint64_shim
                0x000000001000455c       0x70 CMakeFiles/hx711_test.dir/home/webius/Desktop/pico-dev/pico/pico-sdk/src/rp2_common/pico_double/double_v1_rom_shim.S.obj
                0x000000001000455c                double2uint64_shim
                0x000000001000455e                double2ufix64_shim
                0x000000001000457e                d2fix_a
 .text.double2float_shim
                0x00000000100045cc       0x5c CMakeFiles/hx711_test.dir/home/webius/Desktop/pico-dev/pico/pico-sdk/src/rp2_common/pico_double/double_v1_rom_shim.S.obj
                0x00000000100045cc                double2float_shim
 .text.dunpacks
                0x0000000010004628       0x3c CMakeFiles/hx711_test.dir/home/webius/Desktop/pico-dev/pico/pico-sdk/src/rp2_common/pico_double/double_v1_rom_shim.S.obj
                0x0000000010004628                dunpacks
 .text.__aeabi_lmul
                0x0000000010004664       0x32 CMakeFiles/hx711_test.dir/home/webius/Desktop/pico-dev/pico/pico-sdk/src/rp2_common/pico_int64_ops/pico_int64_ops_aeabi.S.obj
                0x0000000010004664                __wrap___aeabi_lmul
 *fill*         0x0000000010004696        0x2 
 .text.__wrap___aeabi_farithmetic
                0x0000000010004698       0x58 CMakeFiles/hx711_test.dir/home/webius/Desktop/pico-dev/pico/pico-sdk/src/rp2_common/pico_float/float_aeabi.S.obj
                0x0000000010004698                __wrap___aeabi_frsub
                0x000000001000469e                __wrap___aeabi_fsub
                0x00000000100046a8                __wrap___aeabi_fadd
                0x00000000100046b2                __wrap___aeabi_fdiv
                0x00000000100046de                __wrap___aeabi_fmul
 .text.__wrap___aeabi_i2f
                0x00000000100046f0       0x44 CMakeFiles/hx711_test.dir/home/webius/Desktop/pico-dev/pico/pico-sdk/src/rp2_common/pico_float/float_aeabi.S.obj
                0x00000000100046f0                __wrap___aeabi_i2f
 .text.__wrap___aeabi_f2d
                0x0000000010004734       0x14 CMakeFiles/hx711_test.dir/home/webius/Desktop/pico-dev/pico/pico-sdk/src/rp2_common/pico_float/float_aeabi.S.obj
                0x0000000010004734                __wrap___aeabi_f2d
 .text.__aeabi_float_init
                0x0000000010004748       0xfc CMakeFiles/hx711_test.dir/home/webius/Desktop/pico-dev/pico/pico-sdk/src/rp2_common/pico_float/float_init_rom.c.obj
                0x0000000010004748                __aeabi_float_init
 .text.float_table_shim_on_use_helper
                0x0000000010004844       0x34 CMakeFiles/hx711_test.dir/home/webius/Desktop/pico-dev/pico/pico-sdk/src/rp2_common/pico_float/float_v1_rom_shim.S.obj
                0x0000000010004844                float_table_shim_on_use_helper
 .text.float2double_shim
                0x0000000010004878       0x30 CMakeFiles/hx711_test.dir/home/webius/Desktop/pico-dev/pico/pico-sdk/src/rp2_common/pico_float/float_v1_rom_shim.S.obj
                0x0000000010004878                float2double_shim
 .text          0x00000000100048a8       0x10 CMakeFiles/hx711_test.dir/home/webius/Desktop/pico-dev/pico/pico-sdk/src/rp2_common/pico_mem_ops/mem_ops_aeabi.S.obj
                0x00000000100048a8                __aeabi_mem_init
 .text.memset   0x00000000100048b8        0xc CMakeFiles/hx711_test.dir/home/webius/Desktop/pico-dev/pico/pico-sdk/src/rp2_common/pico_mem_ops/mem_ops_aeabi.S.obj
                0x00000000100048b8                __wrap_memset
 .text.memcpy   0x00000000100048c4        0xc CMakeFiles/hx711_test.dir/home/webius/Desktop/pico-dev/pico/pico-sdk/src/rp2_common/pico_mem_ops/mem_ops_aeabi.S.obj
                0x00000000100048c4                __wrap___aeabi_memcpy
                0x00000000100048c4                __wrap_memcpy
 .text.stdio_out_chars_no_crlf
                0x00000000100048d0        0xe CMakeFiles/hx711_test.dir/home/webius/Desktop/pico-dev/pico/pico-sdk/src/rp2_common/pico_stdio/stdio.c.obj
 *fill*         0x00000000100048de        0x2 
 .text.stdio_out_chars_crlf
                0x00000000100048e0       0x80 CMakeFiles/hx711_test.dir/home/webius/Desktop/pico-dev/pico/pico-sdk/src/rp2_common/pico_stdio/stdio.c.obj
 .text.stdio_stack_buffer_flush
                0x0000000010004960       0x44 CMakeFiles/hx711_test.dir/home/webius/Desktop/pico-dev/pico/pico-sdk/src/rp2_common/pico_stdio/stdio.c.obj
 .text.stdio_buffered_printer
                0x00000000100049a4       0x20 CMakeFiles/hx711_test.dir/home/webius/Desktop/pico-dev/pico/pico-sdk/src/rp2_common/pico_stdio/stdio.c.obj
 .text.stdout_serialize_begin
                0x00000000100049c4       0x5c CMakeFiles/hx711_test.dir/home/webius/Desktop/pico-dev/pico/pico-sdk/src/rp2_common/pico_stdio/stdio.c.obj
                0x00000000100049c4                stdout_serialize_begin
 .text.stdout_serialize_end
                0x0000000010004a20       0x10 CMakeFiles/hx711_test.dir/home/webius/Desktop/pico-dev/pico/pico-sdk/src/rp2_common/pico_stdio/stdio.c.obj
                0x0000000010004a20                stdout_serialize_end
 .text.stdio_put_string
                0x0000000010004a30       0x98 CMakeFiles/hx711_test.dir/home/webius/Desktop/pico-dev/pico/pico-sdk/src/rp2_common/pico_stdio/stdio.c.obj
 .text.stdio_set_driver_enabled
                0x0000000010004ac8       0x2c CMakeFiles/hx711_test.dir/home/webius/Desktop/pico-dev/pico/pico-sdk/src/rp2_common/pico_stdio/stdio.c.obj
                0x0000000010004ac8                stdio_set_driver_enabled
 .text.stdio_flush
                0x0000000010004af4       0x20 CMakeFiles/hx711_test.dir/home/webius/Desktop/pico-dev/pico/pico-sdk/src/rp2_common/pico_stdio/stdio.c.obj
                0x0000000010004af4                stdio_flush
 .text.__wrap_puts
                0x0000000010004b14       0x1e CMakeFiles/hx711_test.dir/home/webius/Desktop/pico-dev/pico/pico-sdk/src/rp2_common/pico_stdio/stdio.c.obj
                0x0000000010004b14                __wrap_puts
 *fill*         0x0000000010004b32        0x2 
 .text.__wrap_vprintf
                0x0000000010004b34       0x40 CMakeFiles/hx711_test.dir/home/webius/Desktop/pico-dev/pico/pico-sdk/src/rp2_common/pico_stdio/stdio.c.obj
                0x0000000010004b34                __wrap_vprintf
 .text.__wrap_printf
                0x0000000010004b74       0x18 CMakeFiles/hx711_test.dir/home/webius/Desktop/pico-dev/pico/pico-sdk/src/rp2_common/pico_stdio/stdio.c.obj
                0x0000000010004b74                __wrap_printf
 .text.stdio_init_all
                0x0000000010004b8c        0x8 CMakeFiles/hx711_test.dir/home/webius/Desktop/pico-dev/pico/pico-sdk/src/rp2_common/pico_stdio/stdio.c.obj
                0x0000000010004b8c                stdio_init_all
 .text.resetd_init
                0x0000000010004b94        0x2 CMakeFiles/hx711_test.dir/home/webius/Desktop/pico-dev/pico/pico-sdk/src/rp2_common/pico_stdio_usb/reset_interface.c.obj
 *fill*         0x0000000010004b96        0x2 
 .text.resetd_reset
                0x0000000010004b98        0xc CMakeFiles/hx711_test.dir/home/webius/Desktop/pico-dev/pico/pico-sdk/src/rp2_common/pico_stdio_usb/reset_interface.c.obj
 .text.resetd_open
                0x0000000010004ba4       0x34 CMakeFiles/hx711_test.dir/home/webius/Desktop/pico-dev/pico/pico-sdk/src/rp2_common/pico_stdio_usb/reset_interface.c.obj
 .text.resetd_xfer_cb
                0x0000000010004bd8        0x4 CMakeFiles/hx711_test.dir/home/webius/Desktop/pico-dev/pico/pico-sdk/src/rp2_common/pico_stdio_usb/reset_interface.c.obj
 .text.reset_usb_boot
                0x0000000010004bdc       0x18 CMakeFiles/hx711_test.dir/home/webius/Desktop/pico-dev/pico/pico-sdk/src/rp2_common/pico_stdio_usb/reset_interface.c.obj
 .text.resetd_control_xfer_cb
                0x0000000010004bf4       0x5c CMakeFiles/hx711_test.dir/home/webius/Desktop/pico-dev/pico/pico-sdk/src/rp2_common/pico_stdio_usb/reset_interface.c.obj
 .text.usbd_app_driver_get_cb
                0x0000000010004c50        0xc CMakeFiles/hx711_test.dir/home/webius/Desktop/pico-dev/pico/pico-sdk/src/rp2_common/pico_stdio_usb/reset_interface.c.obj
                0x0000000010004c50                usbd_app_driver_get_cb
 .text.tud_cdc_line_coding_cb
                0x0000000010004c5c       0x28 CMakeFiles/hx711_test.dir/home/webius/Desktop/pico-dev/pico/pico-sdk/src/rp2_common/pico_stdio_usb/reset_interface.c.obj
                0x0000000010004c5c                tud_cdc_line_coding_cb
 .text.stdio_usb_set_chars_available_callback
                0x0000000010004c84       0x14 CMakeFiles/hx711_test.dir/home/webius/Desktop/pico-dev/pico/pico-sdk/src/rp2_common/pico_stdio_usb/stdio_usb.c.obj
                0x0000000010004c84                stdio_usb_set_chars_available_callback
 .text.usb_irq  0x0000000010004c98       0x10 CMakeFiles/hx711_test.dir/home/webius/Desktop/pico-dev/pico/pico-sdk/src/rp2_common/pico_stdio_usb/stdio_usb.c.obj
 .text.timer_task
                0x0000000010004ca8       0x5c CMakeFiles/hx711_test.dir/home/webius/Desktop/pico-dev/pico/pico-sdk/src/rp2_common/pico_stdio_usb/stdio_usb.c.obj
 .text.low_priority_worker_irq
                0x0000000010004d04       0xdc CMakeFiles/hx711_test.dir/home/webius/Desktop/pico-dev/pico/pico-sdk/src/rp2_common/pico_stdio_usb/stdio_usb.c.obj
 .text.tud_cdc_rx_cb
                0x0000000010004de0       0x20 CMakeFiles/hx711_test.dir/home/webius/Desktop/pico-dev/pico/pico-sdk/src/rp2_common/pico_stdio_usb/stdio_usb.c.obj
                0x0000000010004de0                tud_cdc_rx_cb
 .text.stdio_usb_init
                0x0000000010004e00      0x11c CMakeFiles/hx711_test.dir/home/webius/Desktop/pico-dev/pico/pico-sdk/src/rp2_common/pico_stdio_usb/stdio_usb.c.obj
                0x0000000010004e00                stdio_usb_init
 .text.stdio_usb_connected
                0x0000000010004f1c        0xa CMakeFiles/hx711_test.dir/home/webius/Desktop/pico-dev/pico/pico-sdk/src/rp2_common/pico_stdio_usb/stdio_usb.c.obj
                0x0000000010004f1c                stdio_usb_connected
 *fill*         0x0000000010004f26        0x2 
 .text.stdio_usb_in_chars
                0x0000000010004f28       0xc4 CMakeFiles/hx711_test.dir/home/webius/Desktop/pico-dev/pico/pico-sdk/src/rp2_common/pico_stdio_usb/stdio_usb.c.obj
                0x0000000010004f28                stdio_usb_in_chars
 .text.stdio_usb_out_chars
                0x0000000010004fec      0x114 CMakeFiles/hx711_test.dir/home/webius/Desktop/pico-dev/pico/pico-sdk/src/rp2_common/pico_stdio_usb/stdio_usb.c.obj
 .text.tud_descriptor_device_cb
                0x0000000010005100        0x8 CMakeFiles/hx711_test.dir/home/webius/Desktop/pico-dev/pico/pico-sdk/src/rp2_common/pico_stdio_usb/stdio_usb_descriptors.c.obj
                0x0000000010005100                tud_descriptor_device_cb
 .text.tud_descriptor_configuration_cb
                0x0000000010005108        0x8 CMakeFiles/hx711_test.dir/home/webius/Desktop/pico-dev/pico/pico-sdk/src/rp2_common/pico_stdio_usb/stdio_usb_descriptors.c.obj
                0x0000000010005108                tud_descriptor_configuration_cb
 .text.tud_descriptor_string_cb
                0x0000000010005110       0x6c CMakeFiles/hx711_test.dir/home/webius/Desktop/pico-dev/pico/pico-sdk/src/rp2_common/pico_stdio_usb/stdio_usb_descriptors.c.obj
                0x0000000010005110                tud_descriptor_string_cb
 .text._retrieve_unique_id_on_boot
                0x000000001000517c       0x10 CMakeFiles/hx711_test.dir/home/webius/Desktop/pico-dev/pico/pico-sdk/src/rp2_common/pico_unique_id/unique_id.c.obj
 .text.pico_get_unique_board_id_string
                0x000000001000518c       0x60 CMakeFiles/hx711_test.dir/home/webius/Desktop/pico-dev/pico/pico-sdk/src/rp2_common/pico_unique_id/unique_id.c.obj
                0x000000001000518c                pico_get_unique_board_id_string
 .text.flash_get_unique_id
                0x00000000100051ec       0x46 CMakeFiles/hx711_test.dir/home/webius/Desktop/pico-dev/pico/pico-sdk/src/rp2_common/hardware_flash/flash.c.obj
                0x00000000100051ec                flash_get_unique_id
 *fill*         0x0000000010005232        0x2 
 .text.hw_endpoint_get_by_addr
                0x0000000010005234       0x18 CMakeFiles/hx711_test.dir/home/webius/Desktop/pico-dev/pico/pico-sdk/lib/tinyusb/src/portable/raspberrypi/rp2040/dcd_rp2040.c.obj
 .text._hw_endpoint_alloc
                0x000000001000524c       0x70 CMakeFiles/hx711_test.dir/home/webius/Desktop/pico-dev/pico/pico-sdk/lib/tinyusb/src/portable/raspberrypi/rp2040/dcd_rp2040.c.obj
 .text.hw_endpoint_init
                0x00000000100052bc       0x88 CMakeFiles/hx711_test.dir/home/webius/Desktop/pico-dev/pico/pico-sdk/lib/tinyusb/src/portable/raspberrypi/rp2040/dcd_rp2040.c.obj
 .text.hw_endpoint_xfer
                0x0000000010005344       0x14 CMakeFiles/hx711_test.dir/home/webius/Desktop/pico-dev/pico/pico-sdk/lib/tinyusb/src/portable/raspberrypi/rp2040/dcd_rp2040.c.obj
 .text.dcd_int_enable
                0x0000000010005358       0x2c CMakeFiles/hx711_test.dir/home/webius/Desktop/pico-dev/pico/pico-sdk/lib/tinyusb/src/portable/raspberrypi/rp2040/dcd_rp2040.c.obj
                0x0000000010005358                dcd_int_enable
 .text.dcd_set_address
                0x0000000010005384       0x2c CMakeFiles/hx711_test.dir/home/webius/Desktop/pico-dev/pico/pico-sdk/lib/tinyusb/src/portable/raspberrypi/rp2040/dcd_rp2040.c.obj
                0x0000000010005384                dcd_set_address
 .text.dcd_connect
                0x00000000100053b0       0x10 CMakeFiles/hx711_test.dir/home/webius/Desktop/pico-dev/pico/pico-sdk/lib/tinyusb/src/portable/raspberrypi/rp2040/dcd_rp2040.c.obj
                0x00000000100053b0                dcd_connect
 .text.dcd_init
                0x00000000100053c0       0x80 CMakeFiles/hx711_test.dir/home/webius/Desktop/pico-dev/pico/pico-sdk/lib/tinyusb/src/portable/raspberrypi/rp2040/dcd_rp2040.c.obj
                0x00000000100053c0                dcd_init
 .text.dcd_edpt0_status_complete
                0x0000000010005440       0x1c CMakeFiles/hx711_test.dir/home/webius/Desktop/pico-dev/pico/pico-sdk/lib/tinyusb/src/portable/raspberrypi/rp2040/dcd_rp2040.c.obj
                0x0000000010005440                dcd_edpt0_status_complete
 .text.dcd_edpt_open
                0x000000001000545c       0x40 CMakeFiles/hx711_test.dir/home/webius/Desktop/pico-dev/pico/pico-sdk/lib/tinyusb/src/portable/raspberrypi/rp2040/dcd_rp2040.c.obj
                0x000000001000545c                dcd_edpt_open
 .text.dcd_edpt_close_all
                0x000000001000549c        0x8 CMakeFiles/hx711_test.dir/home/webius/Desktop/pico-dev/pico/pico-sdk/lib/tinyusb/src/portable/raspberrypi/rp2040/dcd_rp2040.c.obj
                0x000000001000549c                dcd_edpt_close_all
 .text.dcd_edpt_xfer
                0x00000000100054a4       0x34 CMakeFiles/hx711_test.dir/home/webius/Desktop/pico-dev/pico/pico-sdk/lib/tinyusb/src/portable/raspberrypi/rp2040/dcd_rp2040.c.obj
                0x00000000100054a4                dcd_edpt_xfer
 .text.dcd_edpt_stall
                0x00000000100054d8       0x2c CMakeFiles/hx711_test.dir/home/webius/Desktop/pico-dev/pico/pico-sdk/lib/tinyusb/src/portable/raspberrypi/rp2040/dcd_rp2040.c.obj
                0x00000000100054d8                dcd_edpt_stall
 .text.dcd_edpt_clear_stall
                0x0000000010005504       0x20 CMakeFiles/hx711_test.dir/home/webius/Desktop/pico-dev/pico/pico-sdk/lib/tinyusb/src/portable/raspberrypi/rp2040/dcd_rp2040.c.obj
                0x0000000010005504                dcd_edpt_clear_stall
 .text.rp2040_usb_init
                0x0000000010005524       0x4c CMakeFiles/hx711_test.dir/home/webius/Desktop/pico-dev/pico/pico-sdk/lib/tinyusb/src/portable/raspberrypi/rp2040/rp2040_usb.c.obj
                0x0000000010005524                rp2040_usb_init
 .text.hw_endpoint_xfer_start
                0x0000000010005570       0x50 CMakeFiles/hx711_test.dir/home/webius/Desktop/pico-dev/pico/pico-sdk/lib/tinyusb/src/portable/raspberrypi/rp2040/rp2040_usb.c.obj
                0x0000000010005570                hw_endpoint_xfer_start
 .text.configuration_reset
                0x00000000100055c0       0x84 CMakeFiles/hx711_test.dir/home/webius/Desktop/pico-dev/pico/pico-sdk/lib/tinyusb/src/device/usbd.c.obj
 .text.usbd_reset
                0x0000000010005644        0xc CMakeFiles/hx711_test.dir/home/webius/Desktop/pico-dev/pico/pico-sdk/lib/tinyusb/src/device/usbd.c.obj
 .text.invoke_class_control
                0x0000000010005650       0x1a CMakeFiles/hx711_test.dir/home/webius/Desktop/pico-dev/pico/pico-sdk/lib/tinyusb/src/device/usbd.c.obj
 *fill*         0x000000001000566a        0x2 
 .text.process_set_config
                0x000000001000566c      0x178 CMakeFiles/hx711_test.dir/home/webius/Desktop/pico-dev/pico/pico-sdk/lib/tinyusb/src/device/usbd.c.obj
 .text.process_get_descriptor
                0x00000000100057e4       0xdc CMakeFiles/hx711_test.dir/home/webius/Desktop/pico-dev/pico/pico-sdk/lib/tinyusb/src/device/usbd.c.obj
 .text.tud_mounted
                0x00000000100058c0       0x10 CMakeFiles/hx711_test.dir/home/webius/Desktop/pico-dev/pico/pico-sdk/lib/tinyusb/src/device/usbd.c.obj
                0x00000000100058c0                tud_mounted
 .text.tud_suspended
                0x00000000100058d0       0x10 CMakeFiles/hx711_test.dir/home/webius/Desktop/pico-dev/pico/pico-sdk/lib/tinyusb/src/device/usbd.c.obj
                0x00000000100058d0                tud_suspended
 .text.tud_inited
                0x00000000100058e0       0x14 CMakeFiles/hx711_test.dir/home/webius/Desktop/pico-dev/pico/pico-sdk/lib/tinyusb/src/device/usbd.c.obj
                0x00000000100058e0                tud_inited
 .text.tud_init
                0x00000000100058f4       0xcc CMakeFiles/hx711_test.dir/home/webius/Desktop/pico-dev/pico/pico-sdk/lib/tinyusb/src/device/usbd.c.obj
                0x00000000100058f4                tud_init
 .text.usbd_defer_func
                0x00000000100059c0       0x2a CMakeFiles/hx711_test.dir/home/webius/Desktop/pico-dev/pico/pico-sdk/lib/tinyusb/src/device/usbd.c.obj
                0x00000000100059c0                usbd_defer_func
 *fill*         0x00000000100059ea        0x2 
 .text.usbd_edpt_open
                0x00000000100059ec       0x34 CMakeFiles/hx711_test.dir/home/webius/Desktop/pico-dev/pico/pico-sdk/lib/tinyusb/src/device/usbd.c.obj
                0x00000000100059ec                usbd_edpt_open
 .text.usbd_open_edpt_pair
                0x0000000010005a20       0x62 CMakeFiles/hx711_test.dir/home/webius/Desktop/pico-dev/pico/pico-sdk/lib/tinyusb/src/device/usbd.c.obj
                0x0000000010005a20                usbd_open_edpt_pair
 *fill*         0x0000000010005a82        0x2 
 .text.usbd_edpt_claim
                0x0000000010005a84       0x28 CMakeFiles/hx711_test.dir/home/webius/Desktop/pico-dev/pico/pico-sdk/lib/tinyusb/src/device/usbd.c.obj
                0x0000000010005a84                usbd_edpt_claim
 .text.usbd_edpt_release
                0x0000000010005aac       0x28 CMakeFiles/hx711_test.dir/home/webius/Desktop/pico-dev/pico/pico-sdk/lib/tinyusb/src/device/usbd.c.obj
                0x0000000010005aac                usbd_edpt_release
 .text.usbd_edpt_xfer
                0x0000000010005ad4       0x78 CMakeFiles/hx711_test.dir/home/webius/Desktop/pico-dev/pico/pico-sdk/lib/tinyusb/src/device/usbd.c.obj
                0x0000000010005ad4                usbd_edpt_xfer
 .text.usbd_edpt_stall
                0x0000000010005b4c       0x48 CMakeFiles/hx711_test.dir/home/webius/Desktop/pico-dev/pico/pico-sdk/lib/tinyusb/src/device/usbd.c.obj
                0x0000000010005b4c                usbd_edpt_stall
 .text.usbd_edpt_clear_stall
                0x0000000010005b94       0x48 CMakeFiles/hx711_test.dir/home/webius/Desktop/pico-dev/pico/pico-sdk/lib/tinyusb/src/device/usbd.c.obj
                0x0000000010005b94                usbd_edpt_clear_stall
 .text.usbd_edpt_stalled
                0x0000000010005bdc       0x1c CMakeFiles/hx711_test.dir/home/webius/Desktop/pico-dev/pico/pico-sdk/lib/tinyusb/src/device/usbd.c.obj
                0x0000000010005bdc                usbd_edpt_stalled
 .text.process_control_request
                0x0000000010005bf8      0x37c CMakeFiles/hx711_test.dir/home/webius/Desktop/pico-dev/pico/pico-sdk/lib/tinyusb/src/device/usbd.c.obj
 .text.tud_task_ext
                0x0000000010005f74      0x1b8 CMakeFiles/hx711_test.dir/home/webius/Desktop/pico-dev/pico/pico-sdk/lib/tinyusb/src/device/usbd.c.obj
                0x0000000010005f74                tud_task_ext
 .text._data_stage_xact
                0x000000001000612c       0x58 CMakeFiles/hx711_test.dir/home/webius/Desktop/pico-dev/pico/pico-sdk/lib/tinyusb/src/device/usbd_control.c.obj
 .text.tud_control_status
                0x0000000010006184       0x38 CMakeFiles/hx711_test.dir/home/webius/Desktop/pico-dev/pico/pico-sdk/lib/tinyusb/src/device/usbd_control.c.obj
                0x0000000010006184                tud_control_status
 .text.tud_control_xfer
                0x00000000100061bc       0x74 CMakeFiles/hx711_test.dir/home/webius/Desktop/pico-dev/pico/pico-sdk/lib/tinyusb/src/device/usbd_control.c.obj
                0x00000000100061bc                tud_control_xfer
 .text.usbd_control_reset
                0x0000000010006230       0x14 CMakeFiles/hx711_test.dir/home/webius/Desktop/pico-dev/pico/pico-sdk/lib/tinyusb/src/device/usbd_control.c.obj
                0x0000000010006230                usbd_control_reset
 .text.usbd_control_set_complete_callback
                0x0000000010006244        0xc CMakeFiles/hx711_test.dir/home/webius/Desktop/pico-dev/pico/pico-sdk/lib/tinyusb/src/device/usbd_control.c.obj
                0x0000000010006244                usbd_control_set_complete_callback
 .text.usbd_control_set_request
                0x0000000010006250       0x1c CMakeFiles/hx711_test.dir/home/webius/Desktop/pico-dev/pico/pico-sdk/lib/tinyusb/src/device/usbd_control.c.obj
                0x0000000010006250                usbd_control_set_request
 .text.usbd_control_xfer_cb
                0x000000001000626c       0xcc CMakeFiles/hx711_test.dir/home/webius/Desktop/pico-dev/pico/pico-sdk/lib/tinyusb/src/device/usbd_control.c.obj
                0x000000001000626c                usbd_control_xfer_cb
 .text._prep_out_transaction
                0x0000000010006338       0x4a CMakeFiles/hx711_test.dir/home/webius/Desktop/pico-dev/pico/pico-sdk/lib/tinyusb/src/class/cdc/cdc_device.c.obj
 *fill*         0x0000000010006382        0x2 
 .text.tud_cdc_n_connected
                0x0000000010006384       0x44 CMakeFiles/hx711_test.dir/home/webius/Desktop/pico-dev/pico/pico-sdk/lib/tinyusb/src/class/cdc/cdc_device.c.obj
                0x0000000010006384                tud_cdc_n_connected
 .text.tud_cdc_n_available
                0x00000000100063c8       0x18 CMakeFiles/hx711_test.dir/home/webius/Desktop/pico-dev/pico/pico-sdk/lib/tinyusb/src/class/cdc/cdc_device.c.obj
                0x00000000100063c8                tud_cdc_n_available
 .text.tud_cdc_n_read
                0x00000000100063e0       0x28 CMakeFiles/hx711_test.dir/home/webius/Desktop/pico-dev/pico/pico-sdk/lib/tinyusb/src/class/cdc/cdc_device.c.obj
                0x00000000100063e0                tud_cdc_n_read
 .text.tud_cdc_n_write_flush
                0x0000000010006408       0xb8 CMakeFiles/hx711_test.dir/home/webius/Desktop/pico-dev/pico/pico-sdk/lib/tinyusb/src/class/cdc/cdc_device.c.obj
                0x0000000010006408                tud_cdc_n_write_flush
 .text.tud_cdc_n_write
                0x00000000100064c0       0x38 CMakeFiles/hx711_test.dir/home/webius/Desktop/pico-dev/pico/pico-sdk/lib/tinyusb/src/class/cdc/cdc_device.c.obj
                0x00000000100064c0                tud_cdc_n_write
 .text.tud_cdc_n_write_available
                0x00000000100064f8       0x1c CMakeFiles/hx711_test.dir/home/webius/Desktop/pico-dev/pico/pico-sdk/lib/tinyusb/src/class/cdc/cdc_device.c.obj
                0x00000000100064f8                tud_cdc_n_write_available
 .text.cdcd_init
                0x0000000010006514       0xbc CMakeFiles/hx711_test.dir/home/webius/Desktop/pico-dev/pico/pico-sdk/lib/tinyusb/src/class/cdc/cdc_device.c.obj
                0x0000000010006514                cdcd_init
 .text.cdcd_reset
                0x00000000100065d0       0x44 CMakeFiles/hx711_test.dir/home/webius/Desktop/pico-dev/pico/pico-sdk/lib/tinyusb/src/class/cdc/cdc_device.c.obj
                0x00000000100065d0                cdcd_reset
 .text.cdcd_open
                0x0000000010006614       0xcc CMakeFiles/hx711_test.dir/home/webius/Desktop/pico-dev/pico/pico-sdk/lib/tinyusb/src/class/cdc/cdc_device.c.obj
                0x0000000010006614                cdcd_open
 .text.cdcd_control_xfer_cb
                0x00000000100066e0      0x134 CMakeFiles/hx711_test.dir/home/webius/Desktop/pico-dev/pico/pico-sdk/lib/tinyusb/src/class/cdc/cdc_device.c.obj
                0x00000000100066e0                cdcd_control_xfer_cb
 .text.cdcd_xfer_cb
                0x0000000010006814      0x130 CMakeFiles/hx711_test.dir/home/webius/Desktop/pico-dev/pico/pico-sdk/lib/tinyusb/src/class/cdc/cdc_device.c.obj
                0x0000000010006814                cdcd_xfer_cb
 .text.tusb_init
                0x0000000010006944        0xa CMakeFiles/hx711_test.dir/home/webius/Desktop/pico-dev/pico/pico-sdk/lib/tinyusb/src/tusb.c.obj
                0x0000000010006944                tusb_init
 .text.tusb_inited
                0x000000001000694e        0xe CMakeFiles/hx711_test.dir/home/webius/Desktop/pico-dev/pico/pico-sdk/lib/tinyusb/src/tusb.c.obj
                0x000000001000694e                tusb_inited
 .text.tu_edpt_claim
                0x000000001000695c       0x50 CMakeFiles/hx711_test.dir/home/webius/Desktop/pico-dev/pico/pico-sdk/lib/tinyusb/src/tusb.c.obj
                0x000000001000695c                tu_edpt_claim
 .text.tu_edpt_release
                0x00000000100069ac       0x3c CMakeFiles/hx711_test.dir/home/webius/Desktop/pico-dev/pico/pico-sdk/lib/tinyusb/src/tusb.c.obj
                0x00000000100069ac                tu_edpt_release
 .text.tu_edpt_validate
                0x00000000100069e8       0x78 CMakeFiles/hx711_test.dir/home/webius/Desktop/pico-dev/pico/pico-sdk/lib/tinyusb/src/tusb.c.obj
                0x00000000100069e8                tu_edpt_validate
 .text.tu_edpt_bind_driver
                0x0000000010006a60       0x26 CMakeFiles/hx711_test.dir/home/webius/Desktop/pico-dev/pico/pico-sdk/lib/tinyusb/src/tusb.c.obj
                0x0000000010006a60                tu_edpt_bind_driver
 .text.advance_index
                0x0000000010006a86       0x1a CMakeFiles/hx711_test.dir/home/webius/Desktop/pico-dev/pico/pico-sdk/lib/tinyusb/src/common/tusb_fifo.c.obj
 .text._tu_fifo_peek
                0x0000000010006aa0       0x56 CMakeFiles/hx711_test.dir/home/webius/Desktop/pico-dev/pico/pico-sdk/lib/tinyusb/src/common/tusb_fifo.c.obj
 .text._ff_pull_const_addr
                0x0000000010006af6       0x4c CMakeFiles/hx711_test.dir/home/webius/Desktop/pico-dev/pico/pico-sdk/lib/tinyusb/src/common/tusb_fifo.c.obj
 .text._ff_pull_n
                0x0000000010006b42      0x110 CMakeFiles/hx711_test.dir/home/webius/Desktop/pico-dev/pico/pico-sdk/lib/tinyusb/src/common/tusb_fifo.c.obj
 .text._tu_fifo_peek_n
                0x0000000010006c52       0x6a CMakeFiles/hx711_test.dir/home/webius/Desktop/pico-dev/pico/pico-sdk/lib/tinyusb/src/common/tusb_fifo.c.obj
 .text._tu_fifo_read_n
                0x0000000010006cbc       0x4e CMakeFiles/hx711_test.dir/home/webius/Desktop/pico-dev/pico/pico-sdk/lib/tinyusb/src/common/tusb_fifo.c.obj
 .text._ff_push_const_addr
                0x0000000010006d0a       0x40 CMakeFiles/hx711_test.dir/home/webius/Desktop/pico-dev/pico/pico-sdk/lib/tinyusb/src/common/tusb_fifo.c.obj
 .text._ff_push_n
                0x0000000010006d4a      0x10c CMakeFiles/hx711_test.dir/home/webius/Desktop/pico-dev/pico/pico-sdk/lib/tinyusb/src/common/tusb_fifo.c.obj
 .text._tu_fifo_write_n
                0x0000000010006e56       0xf0 CMakeFiles/hx711_test.dir/home/webius/Desktop/pico-dev/pico/pico-sdk/lib/tinyusb/src/common/tusb_fifo.c.obj
 .text.tu_fifo_config
                0x0000000010006f46       0x7c CMakeFiles/hx711_test.dir/home/webius/Desktop/pico-dev/pico/pico-sdk/lib/tinyusb/src/common/tusb_fifo.c.obj
                0x0000000010006f46                tu_fifo_config
 .text.tu_fifo_count
                0x0000000010006fc2       0x2a CMakeFiles/hx711_test.dir/home/webius/Desktop/pico-dev/pico/pico-sdk/lib/tinyusb/src/common/tusb_fifo.c.obj
                0x0000000010006fc2                tu_fifo_count
 .text.tu_fifo_empty
                0x0000000010006fec       0x10 CMakeFiles/hx711_test.dir/home/webius/Desktop/pico-dev/pico/pico-sdk/lib/tinyusb/src/common/tusb_fifo.c.obj
                0x0000000010006fec                tu_fifo_empty
 .text.tu_fifo_full
                0x0000000010006ffc       0x28 CMakeFiles/hx711_test.dir/home/webius/Desktop/pico-dev/pico/pico-sdk/lib/tinyusb/src/common/tusb_fifo.c.obj
                0x0000000010006ffc                tu_fifo_full
 .text.tu_fifo_remaining
                0x0000000010007024       0x2c CMakeFiles/hx711_test.dir/home/webius/Desktop/pico-dev/pico/pico-sdk/lib/tinyusb/src/common/tusb_fifo.c.obj
                0x0000000010007024                tu_fifo_remaining
 .text.tu_fifo_read
                0x0000000010007050       0x42 CMakeFiles/hx711_test.dir/home/webius/Desktop/pico-dev/pico/pico-sdk/lib/tinyusb/src/common/tusb_fifo.c.obj
                0x0000000010007050                tu_fifo_read
 .text.tu_fifo_read_n
                0x0000000010007092        0xa CMakeFiles/hx711_test.dir/home/webius/Desktop/pico-dev/pico/pico-sdk/lib/tinyusb/src/common/tusb_fifo.c.obj
                0x0000000010007092                tu_fifo_read_n
 .text.tu_fifo_write
                0x000000001000709c       0x64 CMakeFiles/hx711_test.dir/home/webius/Desktop/pico-dev/pico/pico-sdk/lib/tinyusb/src/common/tusb_fifo.c.obj
                0x000000001000709c                tu_fifo_write
 .text.tu_fifo_write_n
                0x0000000010007100        0xa CMakeFiles/hx711_test.dir/home/webius/Desktop/pico-dev/pico/pico-sdk/lib/tinyusb/src/common/tusb_fifo.c.obj
                0x0000000010007100                tu_fifo_write_n
 .text.tu_fifo_clear
                0x000000001000710a       0x3e CMakeFiles/hx711_test.dir/home/webius/Desktop/pico-dev/pico/pico-sdk/lib/tinyusb/src/common/tusb_fifo.c.obj
                0x000000001000710a                tu_fifo_clear
 .text.tu_fifo_set_overwritable
                0x0000000010007148       0x46 CMakeFiles/hx711_test.dir/home/webius/Desktop/pico-dev/pico/pico-sdk/lib/tinyusb/src/common/tusb_fifo.c.obj
                0x0000000010007148                tu_fifo_set_overwritable
 *fill*         0x000000001000718e        0x2 
 .text          0x0000000010007190       0x5c /usr/lib/gcc/arm-none-eabi/10.3.1/../../../arm-none-eabi/lib/thumb/v6-m/nofp/libg.a(lib_a-strlen-stub.o)
                0x0000000010007190                strlen
 *(.fini)
 .fini          0x00000000100071ec        0x4 /usr/lib/gcc/arm-none-eabi/10.3.1/thumb/v6-m/nofp/crti.o
                0x00000000100071ec                _fini
 .fini.__stub   0x00000000100071f0       0xe0 linker stubs
 *crtbegin.o(.ctors)
 *crtbegin?.o(.ctors)
 *(EXCLUDE_FILE(*crtend.o *crtend?.o) .ctors)
 *(SORT_BY_NAME(.ctors.*))
 *(.ctors)
 *crtbegin.o(.dtors)
 *crtbegin?.o(.dtors)
 *(EXCLUDE_FILE(*crtend.o *crtend?.o) .dtors)
 *(SORT_BY_NAME(.dtors.*))
 *(.dtors)
 *(.eh_frame*)
 .eh_frame      0x00000000100072d0        0x0 /usr/lib/gcc/arm-none-eabi/10.3.1/thumb/v6-m/nofp/crtbegin.o
                0x00000000100072d0                . = ALIGN (0x4)

.glue_7         0x00000000100072d0        0x0
 .glue_7        0x00000000100072d0        0x0 linker stubs

.glue_7t        0x00000000100072d0        0x0
 .glue_7t       0x00000000100072d0        0x0 linker stubs

.vfp11_veneer   0x00000000100072d0        0x0
 .vfp11_veneer  0x00000000100072d0        0x0 linker stubs

.v4_bx          0x00000000100072d0        0x0
 .v4_bx         0x00000000100072d0        0x0 linker stubs

.iplt           0x00000000100072d0        0x0
 .iplt          0x00000000100072d0        0x0 /usr/lib/gcc/arm-none-eabi/10.3.1/thumb/v6-m/nofp/crtbegin.o

.rodata         0x00000000100072d0     0x1768
 *(EXCLUDE_FILE(*libm.a: *libc.a:*lib_a-mem*.o *libgcc.a:) .rodata*)
 .rodata.main.str1.4
                0x00000000100072d0       0xb4 CMakeFiles/hx711_test.dir/main.cpp.obj
 .rodata._ZN5HX7118is_readyEl.str1.4
                0x0000000010007384       0xaa CMakeFiles/hx711_test.dir/HX711.cpp.obj
 *fill*         0x000000001000742e        0x2 
 .rodata.spin_lock_claim_unused.str1.4
                0x0000000010007430       0x1b CMakeFiles/hx711_test.dir/home/webius/Desktop/pico-dev/pico/pico-sdk/src/rp2_common/hardware_sync/sync.c.obj
 *fill*         0x000000001000744b        0x1 
 .rodata.make_branch.str1.4
                0x000000001000744c       0x7e CMakeFiles/hx711_test.dir/home/webius/Desktop/pico-dev/pico/pico-sdk/src/rp2_common/hardware_irq/irq.c.obj
 *fill*         0x00000000100074ca        0x2 
 .rodata.insert_branch_and_link.str1.4
                0x00000000100074cc       0x10 CMakeFiles/hx711_test.dir/home/webius/Desktop/pico-dev/pico/pico-sdk/src/rp2_common/hardware_irq/irq.c.obj
 .rodata.irq_set_exclusive_handler.str1.4
                0x00000000100074dc       0x36 CMakeFiles/hx711_test.dir/home/webius/Desktop/pico-dev/pico/pico-sdk/src/rp2_common/hardware_irq/irq.c.obj
 *fill*         0x0000000010007512        0x2 
 .rodata.irq_add_shared_handler.str1.4
                0x0000000010007514       0xd9 CMakeFiles/hx711_test.dir/home/webius/Desktop/pico-dev/pico/pico-sdk/src/rp2_common/hardware_irq/irq.c.obj
 *fill*         0x00000000100075ed        0x3 
 .rodata.irq_remove_handler.str1.4
                0x00000000100075f0       0x3a CMakeFiles/hx711_test.dir/home/webius/Desktop/pico-dev/pico/pico-sdk/src/rp2_common/hardware_irq/irq.c.obj
 *fill*         0x000000001000762a        0x2 
 .rodata.irq_add_tail_to_free_list.str1.4
                0x000000001000762c       0x3a CMakeFiles/hx711_test.dir/home/webius/Desktop/pico-dev/pico/pico-sdk/src/rp2_common/hardware_irq/irq.c.obj
 *fill*         0x0000000010007666        0x2 
 .rodata.user_irq_claim_unused.str1.4
                0x0000000010007668       0x1b CMakeFiles/hx711_test.dir/home/webius/Desktop/pico-dev/pico/pico-sdk/src/rp2_common/hardware_irq/irq.c.obj
 *fill*         0x0000000010007683        0x1 
 .rodata.__func__.0
                0x0000000010007684       0x1a CMakeFiles/hx711_test.dir/home/webius/Desktop/pico-dev/pico/pico-sdk/src/rp2_common/hardware_irq/irq.c.obj
 *fill*         0x000000001000769e        0x2 
 .rodata.__func__.1
                0x00000000100076a0       0x17 CMakeFiles/hx711_test.dir/home/webius/Desktop/pico-dev/pico/pico-sdk/src/rp2_common/hardware_irq/irq.c.obj
 *fill*         0x00000000100076b7        0x1 
 .rodata.__func__.2
                0x00000000100076b8       0x13 CMakeFiles/hx711_test.dir/home/webius/Desktop/pico-dev/pico/pico-sdk/src/rp2_common/hardware_irq/irq.c.obj
 *fill*         0x00000000100076cb        0x1 
 .rodata.__func__.3
                0x00000000100076cc        0xc CMakeFiles/hx711_test.dir/home/webius/Desktop/pico-dev/pico/pico-sdk/src/rp2_common/hardware_irq/irq.c.obj
 .rodata.__func__.4
                0x00000000100076d8        0xf CMakeFiles/hx711_test.dir/home/webius/Desktop/pico-dev/pico/pico-sdk/src/rp2_common/hardware_irq/irq.c.obj
 *fill*         0x00000000100076e7        0x1 
 .rodata.__func__.5
                0x00000000100076e8       0x17 CMakeFiles/hx711_test.dir/home/webius/Desktop/pico-dev/pico/pico-sdk/src/rp2_common/hardware_irq/irq.c.obj
 *fill*         0x00000000100076ff        0x1 
 .rodata.__func__.6
                0x0000000010007700       0x1a CMakeFiles/hx711_test.dir/home/webius/Desktop/pico-dev/pico/pico-sdk/src/rp2_common/hardware_irq/irq.c.obj
 *fill*         0x000000001000771a        0x2 
 .rodata.str1.4
                0x000000001000771c       0x9d CMakeFiles/hx711_test.dir/home/webius/Desktop/pico-dev/pico/pico-sdk/src/common/pico_sync/mutex.c.obj
                                        0x111 (size before relaxing)
 *fill*         0x00000000100077b9        0x3 
 .rodata.__func__.1
                0x00000000100077bc        0xb CMakeFiles/hx711_test.dir/home/webius/Desktop/pico-dev/pico/pico-sdk/src/common/pico_sync/mutex.c.obj
 *fill*         0x00000000100077c7        0x1 
 .rodata.__func__.3
                0x00000000100077c8       0x18 CMakeFiles/hx711_test.dir/home/webius/Desktop/pico-dev/pico/pico-sdk/src/common/pico_sync/mutex.c.obj
 .rodata.__func__.4
                0x00000000100077e0       0x15 CMakeFiles/hx711_test.dir/home/webius/Desktop/pico-dev/pico/pico-sdk/src/common/pico_sync/mutex.c.obj
 *fill*         0x00000000100077f5        0x3 
 .rodata.repeating_timer_callback.str1.4
                0x00000000100077f8       0x5c CMakeFiles/hx711_test.dir/home/webius/Desktop/pico-dev/pico/pico-sdk/src/common/pico_time/time.c.obj
 .rodata.timer_pool_entry_comparator.str1.4
                0x0000000010007854       0x22 CMakeFiles/hx711_test.dir/home/webius/Desktop/pico-dev/pico/pico-sdk/src/common/pico_time/time.c.obj
 *fill*         0x0000000010007876        0x2 
 .rodata.ph_add_child_node.str1.4
                0x0000000010007878       0xa6 CMakeFiles/hx711_test.dir/home/webius/Desktop/pico-dev/pico/pico-sdk/src/common/pico_time/time.c.obj
 *fill*         0x000000001000791e        0x2 
 .rodata.add_alarm_under_lock.str1.4
                0x0000000010007920       0x28 CMakeFiles/hx711_test.dir/home/webius/Desktop/pico-dev/pico/pico-sdk/src/common/pico_time/time.c.obj
                                         0x2b (size before relaxing)
 .rodata.alarm_pool_alarm_callback.str1.4
                0x0000000010007948       0x98 CMakeFiles/hx711_test.dir/home/webius/Desktop/pico-dev/pico/pico-sdk/src/common/pico_time/time.c.obj
                                        0x10c (size before relaxing)
 .rodata.alarm_pool_get_default.str1.4
                0x00000000100079e0       0x21 CMakeFiles/hx711_test.dir/home/webius/Desktop/pico-dev/pico/pico-sdk/src/common/pico_time/time.c.obj
 *fill*         0x0000000010007a01        0x3 
 .rodata.alarm_pool_cancel_alarm.str1.4
                0x0000000010007a04       0x27 CMakeFiles/hx711_test.dir/home/webius/Desktop/pico-dev/pico/pico-sdk/src/common/pico_time/time.c.obj
 *fill*         0x0000000010007a2b        0x1 
 .rodata.sleep_until.str1.4
                0x0000000010007a2c       0x4d CMakeFiles/hx711_test.dir/home/webius/Desktop/pico-dev/pico/pico-sdk/src/common/pico_time/time.c.obj
 *fill*         0x0000000010007a79        0x3 
 .rodata.__func__.1
                0x0000000010007a7c       0x18 CMakeFiles/hx711_test.dir/home/webius/Desktop/pico-dev/pico/pico-sdk/src/common/pico_time/time.c.obj
 .rodata.__func__.10
                0x0000000010007a94       0x15 CMakeFiles/hx711_test.dir/home/webius/Desktop/pico-dev/pico/pico-sdk/src/common/pico_time/time.c.obj
 *fill*         0x0000000010007aa9        0x3 
 .rodata.__func__.11
                0x0000000010007aac       0x1a CMakeFiles/hx711_test.dir/home/webius/Desktop/pico-dev/pico/pico-sdk/src/common/pico_time/time.c.obj
 *fill*         0x0000000010007ac6        0x2 
 .rodata.__func__.12
                0x0000000010007ac8        0xa CMakeFiles/hx711_test.dir/home/webius/Desktop/pico-dev/pico/pico-sdk/src/common/pico_time/time.c.obj
 *fill*         0x0000000010007ad2        0x2 
 .rodata.__func__.3
                0x0000000010007ad4       0x17 CMakeFiles/hx711_test.dir/home/webius/Desktop/pico-dev/pico/pico-sdk/src/common/pico_time/time.c.obj
 *fill*         0x0000000010007aeb        0x1 
 .rodata.__func__.4
                0x0000000010007aec       0x12 CMakeFiles/hx711_test.dir/home/webius/Desktop/pico-dev/pico/pico-sdk/src/common/pico_time/time.c.obj
 *fill*         0x0000000010007afe        0x2 
 .rodata.__func__.5
                0x0000000010007b00        0xd CMakeFiles/hx711_test.dir/home/webius/Desktop/pico-dev/pico/pico-sdk/src/common/pico_time/time.c.obj
 *fill*         0x0000000010007b0d        0x3 
 .rodata.__func__.6
                0x0000000010007b10       0x12 CMakeFiles/hx711_test.dir/home/webius/Desktop/pico-dev/pico/pico-sdk/src/common/pico_time/time.c.obj
 *fill*         0x0000000010007b22        0x2 
 .rodata.__func__.7
                0x0000000010007b24        0xf CMakeFiles/hx711_test.dir/home/webius/Desktop/pico-dev/pico/pico-sdk/src/common/pico_time/time.c.obj
 *fill*         0x0000000010007b33        0x1 
 .rodata.__func__.8
                0x0000000010007b34        0xc CMakeFiles/hx711_test.dir/home/webius/Desktop/pico-dev/pico/pico-sdk/src/common/pico_time/time.c.obj
 .rodata.__func__.9
                0x0000000010007b40       0x15 CMakeFiles/hx711_test.dir/home/webius/Desktop/pico-dev/pico/pico-sdk/src/common/pico_time/time.c.obj
 *fill*         0x0000000010007b55        0x3 
 .rodata.hardware_alarm_claim.str1.4
                0x0000000010007b58       0x22 CMakeFiles/hx711_test.dir/home/webius/Desktop/pico-dev/pico/pico-sdk/src/rp2_common/hardware_timer/timer.c.obj
 *fill*         0x0000000010007b7a        0x2 
 .rodata.hardware_alarm_set_target.str1.4
                0x0000000010007b7c       0x76 CMakeFiles/hx711_test.dir/home/webius/Desktop/pico-dev/pico/pico-sdk/src/rp2_common/hardware_timer/timer.c.obj
 *fill*         0x0000000010007bf2        0x2 
 .rodata.__func__.0
                0x0000000010007bf4       0x1a CMakeFiles/hx711_test.dir/home/webius/Desktop/pico-dev/pico/pico-sdk/src/rp2_common/hardware_timer/timer.c.obj
 .rodata.ph_add_child_node.str1.4
                0x0000000010007c0e       0xa6 CMakeFiles/hx711_test.dir/home/webius/Desktop/pico-dev/pico/pico-sdk/src/common/pico_util/pheap.c.obj
 *fill*         0x0000000010007c0e        0x2 
 .rodata.ph_remove_any_head.str1.4
                0x0000000010007c10       0xa0 CMakeFiles/hx711_test.dir/home/webius/Desktop/pico-dev/pico/pico-sdk/src/common/pico_util/pheap.c.obj
                                         0xb4 (size before relaxing)
 .rodata.ph_remove_and_free_node.str1.4
                0x0000000010007cb0       0x1e CMakeFiles/hx711_test.dir/home/webius/Desktop/pico-dev/pico/pico-sdk/src/common/pico_util/pheap.c.obj
                                         0x26 (size before relaxing)
 *fill*         0x0000000010007cce        0x2 
 .rodata.__func__.0
                0x0000000010007cd0       0x18 CMakeFiles/hx711_test.dir/home/webius/Desktop/pico-dev/pico/pico-sdk/src/common/pico_util/pheap.c.obj
 .rodata.__func__.1
                0x0000000010007ce8       0x13 CMakeFiles/hx711_test.dir/home/webius/Desktop/pico-dev/pico/pico-sdk/src/common/pico_util/pheap.c.obj
 *fill*         0x0000000010007cfb        0x1 
 .rodata.__func__.2
                0x0000000010007cfc       0x12 CMakeFiles/hx711_test.dir/home/webius/Desktop/pico-dev/pico/pico-sdk/src/common/pico_util/pheap.c.obj
 *fill*         0x0000000010007d0e        0x2 
 .rodata.__func__.3
                0x0000000010007d10        0xc CMakeFiles/hx711_test.dir/home/webius/Desktop/pico-dev/pico/pico-sdk/src/common/pico_util/pheap.c.obj
 .rodata.clock_configure.str1.4
                0x0000000010007d1c       0x68 CMakeFiles/hx711_test.dir/home/webius/Desktop/pico-dev/pico/pico-sdk/src/rp2_common/hardware_clocks/clocks.c.obj
 .rodata.__func__.1
                0x0000000010007d84       0x10 CMakeFiles/hx711_test.dir/home/webius/Desktop/pico-dev/pico/pico-sdk/src/rp2_common/hardware_clocks/clocks.c.obj
 .rodata.pll_init.str1.4
                0x0000000010007d94      0x134 CMakeFiles/hx711_test.dir/home/webius/Desktop/pico-dev/pico/pico-sdk/src/rp2_common/hardware_pll/pll.c.obj
 .rodata.__func__.0
                0x0000000010007ec8        0x9 CMakeFiles/hx711_test.dir/home/webius/Desktop/pico-dev/pico/pico-sdk/src/rp2_common/hardware_pll/pll.c.obj
 *fill*         0x0000000010007ed1        0x3 
 .rodata.__assert_func.str1.4
                0x0000000010007ed4       0x3f CMakeFiles/hx711_test.dir/home/webius/Desktop/pico-dev/pico/pico-sdk/src/rp2_common/pico_runtime/runtime.c.obj
                                         0x43 (size before relaxing)
 *fill*         0x0000000010007f13        0x1 
 .rodata.runtime_init.str1.4
                0x0000000010007f14       0x72 CMakeFiles/hx711_test.dir/home/webius/Desktop/pico-dev/pico/pico-sdk/src/rp2_common/pico_runtime/runtime.c.obj
 *fill*         0x0000000010007f86        0x2 
 .rodata.panic.str1.4
                0x0000000010007f88       0x12 CMakeFiles/hx711_test.dir/home/webius/Desktop/pico-dev/pico/pico-sdk/src/rp2_common/pico_runtime/runtime.c.obj
 *fill*         0x0000000010007f9a        0x2 
 .rodata.__func__.2
                0x0000000010007f9c        0xd CMakeFiles/hx711_test.dir/home/webius/Desktop/pico-dev/pico/pico-sdk/src/rp2_common/pico_runtime/runtime.c.obj
 *fill*         0x0000000010007fa9        0x3 
 .rodata._ftoa.str1.4
                0x0000000010007fac       0x15 CMakeFiles/hx711_test.dir/home/webius/Desktop/pico-dev/pico/pico-sdk/src/rp2_common/pico_printf/printf.c.obj
 *fill*         0x0000000010007fc1        0x3 
 .rodata._vsnprintf
                0x0000000010007fc4      0x1e0 CMakeFiles/hx711_test.dir/home/webius/Desktop/pico-dev/pico/pico-sdk/src/rp2_common/pico_printf/printf.c.obj
 *fill*         0x00000000100081a4        0x4 
 .rodata.pow10.0
                0x00000000100081a8       0x50 CMakeFiles/hx711_test.dir/home/webius/Desktop/pico-dev/pico/pico-sdk/src/rp2_common/pico_printf/printf.c.obj
 .rodata.__aeabi_double_init.str1.4
                0x00000000100081f8       0xad CMakeFiles/hx711_test.dir/home/webius/Desktop/pico-dev/pico/pico-sdk/src/rp2_common/pico_double/double_init_rom.c.obj
 *fill*         0x00000000100082a5        0x3 
 .rodata.__func__.0
                0x00000000100082a8       0x14 CMakeFiles/hx711_test.dir/home/webius/Desktop/pico-dev/pico/pico-sdk/src/rp2_common/pico_double/double_init_rom.c.obj
 .rodata.__aeabi_float_init.str1.4
                0x00000000100082bc       0x8b CMakeFiles/hx711_test.dir/home/webius/Desktop/pico-dev/pico/pico-sdk/src/rp2_common/pico_float/float_init_rom.c.obj
                                         0x8f (size before relaxing)
 *fill*         0x0000000010008347        0x1 
 .rodata.__func__.0
                0x0000000010008348       0x13 CMakeFiles/hx711_test.dir/home/webius/Desktop/pico-dev/pico/pico-sdk/src/rp2_common/pico_float/float_init_rom.c.obj
 *fill*         0x000000001000835b        0x1 
 .rodata.str1.4
                0x000000001000835c       0x40 CMakeFiles/hx711_test.dir/home/webius/Desktop/pico-dev/pico/pico-sdk/src/rp2_common/pico_standard_link/binary_info.c.obj
 .rodata.__bi_44
                0x000000001000839c        0xc CMakeFiles/hx711_test.dir/home/webius/Desktop/pico-dev/pico/pico-sdk/src/rp2_common/pico_standard_link/binary_info.c.obj
 .rodata.__bi_75
                0x00000000100083a8        0xc CMakeFiles/hx711_test.dir/home/webius/Desktop/pico-dev/pico/pico-sdk/src/rp2_common/pico_standard_link/binary_info.c.obj
 .rodata.__bi_81
                0x00000000100083b4        0xc CMakeFiles/hx711_test.dir/home/webius/Desktop/pico-dev/pico/pico-sdk/src/rp2_common/pico_standard_link/binary_info.c.obj
 .rodata.stdout_serialize_begin.str1.4
                0x00000000100083c0       0x72 CMakeFiles/hx711_test.dir/home/webius/Desktop/pico-dev/pico/pico-sdk/src/rp2_common/pico_stdio/stdio.c.obj
 .rodata.__func__.3
                0x00000000100083c0       0x15 CMakeFiles/hx711_test.dir/home/webius/Desktop/pico-dev/pico/pico-sdk/src/rp2_common/pico_stdio/stdio.c.obj
 *fill*         0x00000000100083d5        0x3 
 .rodata.crlf_str.2
                0x00000000100083d8        0x2 CMakeFiles/hx711_test.dir/home/webius/Desktop/pico-dev/pico/pico-sdk/src/rp2_common/pico_stdio/stdio.c.obj
 *fill*         0x00000000100083da        0x2 
 .rodata._resetd_driver
                0x00000000100083dc       0x18 CMakeFiles/hx711_test.dir/home/webius/Desktop/pico-dev/pico/pico-sdk/src/rp2_common/pico_stdio_usb/reset_interface.c.obj
 .rodata.low_priority_worker_irq.str1.4
                0x00000000100083f4       0x72 CMakeFiles/hx711_test.dir/home/webius/Desktop/pico-dev/pico/pico-sdk/src/rp2_common/pico_stdio_usb/stdio_usb.c.obj
 .rodata.stdio_usb_init.str1.4
                0x00000000100083f4       0x56 CMakeFiles/hx711_test.dir/home/webius/Desktop/pico-dev/pico/pico-sdk/src/rp2_common/pico_stdio_usb/stdio_usb.c.obj
                                         0x5e (size before relaxing)
 *fill*         0x000000001000844a        0x2 
 .rodata.str1.4
                0x000000001000844c       0x13 CMakeFiles/hx711_test.dir/home/webius/Desktop/pico-dev/pico/pico-sdk/src/rp2_common/pico_stdio_usb/stdio_usb.c.obj
 *fill*         0x000000001000845f        0x1 
 .rodata.__bi_182.0
                0x0000000010008460        0xc CMakeFiles/hx711_test.dir/home/webius/Desktop/pico-dev/pico/pico-sdk/src/rp2_common/pico_stdio_usb/stdio_usb.c.obj
 .rodata.__func__.1
                0x000000001000846c        0xf CMakeFiles/hx711_test.dir/home/webius/Desktop/pico-dev/pico/pico-sdk/src/rp2_common/pico_stdio_usb/stdio_usb.c.obj
 *fill*         0x000000001000847b        0x1 
 .rodata.__func__.3
                0x000000001000847c       0x15 CMakeFiles/hx711_test.dir/home/webius/Desktop/pico-dev/pico/pico-sdk/src/rp2_common/pico_stdio_usb/stdio_usb.c.obj
 *fill*         0x0000000010008491        0x3 
 .rodata.str1.4
                0x0000000010008494       0x2a CMakeFiles/hx711_test.dir/home/webius/Desktop/pico-dev/pico/pico-sdk/src/rp2_common/pico_stdio_usb/stdio_usb_descriptors.c.obj
 *fill*         0x00000000100084be        0x2 
 .rodata.usbd_desc_cfg
                0x00000000100084c0       0x54 CMakeFiles/hx711_test.dir/home/webius/Desktop/pico-dev/pico/pico-sdk/src/rp2_common/pico_stdio_usb/stdio_usb_descriptors.c.obj
 .rodata.usbd_desc_device
                0x0000000010008514       0x12 CMakeFiles/hx711_test.dir/home/webius/Desktop/pico-dev/pico/pico-sdk/src/rp2_common/pico_stdio_usb/stdio_usb_descriptors.c.obj
 *fill*         0x0000000010008526        0x2 
 .rodata.usbd_desc_str
                0x0000000010008528       0x18 CMakeFiles/hx711_test.dir/home/webius/Desktop/pico-dev/pico/pico-sdk/src/rp2_common/pico_stdio_usb/stdio_usb_descriptors.c.obj
 .rodata.pico_get_unique_board_id_string.str1.4
                0x0000000010008540       0x5e CMakeFiles/hx711_test.dir/home/webius/Desktop/pico-dev/pico/pico-sdk/src/rp2_common/pico_unique_id/unique_id.c.obj
 *fill*         0x000000001000859e        0x2 
 .rodata.__func__.0
                0x00000000100085a0       0x20 CMakeFiles/hx711_test.dir/home/webius/Desktop/pico-dev/pico/pico-sdk/src/rp2_common/pico_unique_id/unique_id.c.obj
 .rodata.str1.4
                0x00000000100085c0      0x16a CMakeFiles/hx711_test.dir/home/webius/Desktop/pico-dev/pico/pico-sdk/src/rp2_common/hardware_flash/flash.c.obj
 *fill*         0x000000001000872a        0x2 
 .rodata.__func__.0
                0x000000001000872c        0xd CMakeFiles/hx711_test.dir/home/webius/Desktop/pico-dev/pico/pico-sdk/src/rp2_common/hardware_flash/flash.c.obj
 *fill*         0x0000000010008739        0x3 
 .rodata._hw_endpoint_alloc.str1.4
                0x000000001000873c       0xc9 CMakeFiles/hx711_test.dir/home/webius/Desktop/pico-dev/pico/pico-sdk/lib/tinyusb/src/portable/raspberrypi/rp2040/dcd_rp2040.c.obj
 *fill*         0x0000000010008805        0x3 
 .rodata.str1.4
                0x0000000010008808       0x14 CMakeFiles/hx711_test.dir/home/webius/Desktop/pico-dev/pico/pico-sdk/lib/tinyusb/src/portable/raspberrypi/rp2040/dcd_rp2040.c.obj
 .rodata.dcd_int_enable.str1.4
                0x000000001000881c        0xc CMakeFiles/hx711_test.dir/home/webius/Desktop/pico-dev/pico/pico-sdk/lib/tinyusb/src/portable/raspberrypi/rp2040/dcd_rp2040.c.obj
 .rodata.__func__.0
                0x0000000010008828        0xe CMakeFiles/hx711_test.dir/home/webius/Desktop/pico-dev/pico/pico-sdk/lib/tinyusb/src/portable/raspberrypi/rp2040/dcd_rp2040.c.obj
 *fill*         0x0000000010008836        0x2 
 .rodata.__func__.1
                0x0000000010008838        0xe CMakeFiles/hx711_test.dir/home/webius/Desktop/pico-dev/pico/pico-sdk/lib/tinyusb/src/portable/raspberrypi/rp2040/dcd_rp2040.c.obj
 *fill*         0x0000000010008846        0x2 
 .rodata.__func__.3
                0x0000000010008848       0x10 CMakeFiles/hx711_test.dir/home/webius/Desktop/pico-dev/pico/pico-sdk/lib/tinyusb/src/portable/raspberrypi/rp2040/dcd_rp2040.c.obj
 .rodata.__func__.5
                0x0000000010008858        0xf CMakeFiles/hx711_test.dir/home/webius/Desktop/pico-dev/pico/pico-sdk/lib/tinyusb/src/portable/raspberrypi/rp2040/dcd_rp2040.c.obj
 *fill*         0x0000000010008867        0x1 
 .rodata.__func__.6
                0x0000000010008868       0x13 CMakeFiles/hx711_test.dir/home/webius/Desktop/pico-dev/pico/pico-sdk/lib/tinyusb/src/portable/raspberrypi/rp2040/dcd_rp2040.c.obj
 *fill*         0x000000001000887b        0x1 
 .rodata.__func__.7
                0x000000001000887c        0x9 CMakeFiles/hx711_test.dir/home/webius/Desktop/pico-dev/pico/pico-sdk/lib/tinyusb/src/portable/raspberrypi/rp2040/dcd_rp2040.c.obj
 *fill*         0x0000000010008885        0x3 
 .rodata.str1.4
                0x0000000010008888       0xfb CMakeFiles/hx711_test.dir/home/webius/Desktop/pico-dev/pico/pico-sdk/lib/tinyusb/src/portable/raspberrypi/rp2040/rp2040_usb.c.obj
 *fill*         0x0000000010008983        0x1 
 .rodata.__func__.0
                0x0000000010008984        0xf CMakeFiles/hx711_test.dir/home/webius/Desktop/pico-dev/pico/pico-sdk/lib/tinyusb/src/portable/raspberrypi/rp2040/rp2040_usb.c.obj
 *fill*         0x0000000010008993        0x1 
 .rodata.process_get_descriptor
                0x0000000010008994       0x40 CMakeFiles/hx711_test.dir/home/webius/Desktop/pico-dev/pico/pico-sdk/lib/tinyusb/src/device/usbd.c.obj
 .rodata.process_control_request
                0x00000000100089d4       0x28 CMakeFiles/hx711_test.dir/home/webius/Desktop/pico-dev/pico/pico-sdk/lib/tinyusb/src/device/usbd.c.obj
 .rodata.tud_task_ext
                0x00000000100089fc       0x24 CMakeFiles/hx711_test.dir/home/webius/Desktop/pico-dev/pico/pico-sdk/lib/tinyusb/src/device/usbd.c.obj
 .rodata._usbd_driver
                0x0000000010008a20       0x18 CMakeFiles/hx711_test.dir/home/webius/Desktop/pico-dev/pico/pico-sdk/lib/tinyusb/src/device/usbd.c.obj
                0x0000000010008a38                . = ALIGN (0x4)
 *(SORT_BY_ALIGNMENT(SORT_BY_NAME(.flashdata*)))
                0x0000000010008a38                . = ALIGN (0x4)

.ARM.extab
 *(.ARM.extab* .gnu.linkonce.armextab.*)
                0x0000000010008a38                __exidx_start = .

.ARM.exidx
 *(.ARM.exidx* .gnu.linkonce.armexidx.*)
                0x0000000010008a38                __exidx_end = .
                0x0000000010008a38                . = ALIGN (0x4)
                0x0000000010008a38                __binary_info_start = .

.binary_info    0x0000000010008a38       0x20
 *(.binary_info.keep.*)
 .binary_info.keep.__bi_ptr22
                0x0000000010008a38        0x4 CMakeFiles/hx711_test.dir/home/webius/Desktop/pico-dev/pico/pico-sdk/src/rp2_common/pico_standard_link/binary_info.c.obj
 .binary_info.keep.__bi_ptr30
                0x0000000010008a3c        0x4 CMakeFiles/hx711_test.dir/home/webius/Desktop/pico-dev/pico/pico-sdk/src/rp2_common/pico_standard_link/binary_info.c.obj
 .binary_info.keep.__bi_ptr38
                0x0000000010008a40        0x4 CMakeFiles/hx711_test.dir/home/webius/Desktop/pico-dev/pico/pico-sdk/src/rp2_common/pico_standard_link/binary_info.c.obj
 .binary_info.keep.__bi_ptr44
                0x0000000010008a44        0x4 CMakeFiles/hx711_test.dir/home/webius/Desktop/pico-dev/pico/pico-sdk/src/rp2_common/pico_standard_link/binary_info.c.obj
 .binary_info.keep.__bi_ptr50
                0x0000000010008a48        0x4 CMakeFiles/hx711_test.dir/home/webius/Desktop/pico-dev/pico/pico-sdk/src/rp2_common/pico_standard_link/binary_info.c.obj
 .binary_info.keep.__bi_ptr75
                0x0000000010008a4c        0x4 CMakeFiles/hx711_test.dir/home/webius/Desktop/pico-dev/pico/pico-sdk/src/rp2_common/pico_standard_link/binary_info.c.obj
 .binary_info.keep.__bi_ptr81
                0x0000000010008a50        0x4 CMakeFiles/hx711_test.dir/home/webius/Desktop/pico-dev/pico/pico-sdk/src/rp2_common/pico_standard_link/binary_info.c.obj
 *(.binary_info.*)
 .binary_info.__bi_ptr182
                0x0000000010008a54        0x4 CMakeFiles/hx711_test.dir/home/webius/Desktop/pico-dev/pico/pico-sdk/src/rp2_common/pico_stdio_usb/stdio_usb.c.obj
                0x0000000010008a58                __binary_info_end = .

.rel.dyn        0x0000000010008a58        0x0
 .rel.iplt      0x0000000010008a58        0x0 /usr/lib/gcc/arm-none-eabi/10.3.1/thumb/v6-m/nofp/crtbegin.o
                0x0000000010008a58                . = ALIGN (0x4)

.ram_vector_table
                0x0000000020000000       0xc0
 *(.ram_vector_table)
 .ram_vector_table
                0x0000000020000000       0xc0 CMakeFiles/hx711_test.dir/home/webius/Desktop/pico-dev/pico/pico-sdk/src/rp2_common/pico_runtime/runtime.c.obj
                0x0000000020000000                ram_vector_table

.data           0x00000000200000c0      0xbf0 load address 0x0000000010008a58
                0x00000000200000c0                __data_start__ = .
 *(vtable)
 *(.time_critical*)
 .time_critical.mutex_try_enter
                0x00000000200000c0       0x46 CMakeFiles/hx711_test.dir/home/webius/Desktop/pico-dev/pico/pico-sdk/src/common/pico_sync/mutex.c.obj
                0x00000000200000c0                mutex_try_enter
 *fill*         0x0000000020000106        0x2 
 .time_critical.mutex_enter_block_until
                0x0000000020000108       0x8c CMakeFiles/hx711_test.dir/home/webius/Desktop/pico-dev/pico/pico-sdk/src/common/pico_sync/mutex.c.obj
                0x0000000020000108                mutex_enter_block_until
 .time_critical.mutex_try_enter_block_until