Archive member included to satisfy reference by file (symbol)

/usr/lib/gcc/arm-none-eabi/10.3.1/thumb/v6-m/nofp/libgcc.a(_dvmd_tls.o)
                              CMakeFiles/stepper.dir/home/webius/Desktop/pico-dev/pico/pico-sdk/src/rp2_common/pico_divider/divider.S.obj (__aeabi_idiv0)
/usr/lib/gcc/arm-none-eabi/10.3.1/../../../arm-none-eabi/lib/thumb/v6-m/nofp/libg.a(lib_a-atexit.o)
                              /usr/lib/gcc/arm-none-eabi/10.3.1/../../../arm-none-eabi/lib/thumb/v6-m/nofp/crt0.o (atexit)
/usr/lib/gcc/arm-none-eabi/10.3.1/../../../arm-none-eabi/lib/thumb/v6-m/nofp/libg.a(lib_a-calloc.o)
                              CMakeFiles/stepper.dir/home/webius/Desktop/pico-dev/pico/pico-sdk/src/rp2_common/pico_malloc/pico_malloc.c.obj (calloc)
/usr/lib/gcc/arm-none-eabi/10.3.1/../../../arm-none-eabi/lib/thumb/v6-m/nofp/libg.a(lib_a-callocr.o)
                              /usr/lib/gcc/arm-none-eabi/10.3.1/../../../arm-none-eabi/lib/thumb/v6-m/nofp/libg.a(lib_a-calloc.o) (_calloc_r)
/usr/lib/gcc/arm-none-eabi/10.3.1/../../../arm-none-eabi/lib/thumb/v6-m/nofp/libg.a(lib_a-fini.o)
                              /usr/lib/gcc/arm-none-eabi/10.3.1/../../../arm-none-eabi/lib/thumb/v6-m/nofp/crt0.o (__libc_fini_array)
/usr/lib/gcc/arm-none-eabi/10.3.1/../../../arm-none-eabi/lib/thumb/v6-m/nofp/libg.a(lib_a-impure.o)
                              /usr/lib/gcc/arm-none-eabi/10.3.1/../../../arm-none-eabi/lib/thumb/v6-m/nofp/libg.a(lib_a-calloc.o) (_impure_ptr)
/usr/lib/gcc/arm-none-eabi/10.3.1/../../../arm-none-eabi/lib/thumb/v6-m/nofp/libg.a(lib_a-init.o)
                              /usr/lib/gcc/arm-none-eabi/10.3.1/../../../arm-none-eabi/lib/thumb/v6-m/nofp/crt0.o (__libc_init_array)
/usr/lib/gcc/arm-none-eabi/10.3.1/../../../arm-none-eabi/lib/thumb/v6-m/nofp/libg.a(lib_a-malloc.o)
                              CMakeFiles/stepper.dir/home/webius/Desktop/pico-dev/pico/pico-sdk/src/rp2_common/pico_malloc/pico_malloc.c.obj (malloc)
/usr/lib/gcc/arm-none-eabi/10.3.1/../../../arm-none-eabi/lib/thumb/v6-m/nofp/libg.a(lib_a-mallocr.o)
                              /usr/lib/gcc/arm-none-eabi/10.3.1/../../../arm-none-eabi/lib/thumb/v6-m/nofp/libg.a(lib_a-callocr.o) (_malloc_r)
/usr/lib/gcc/arm-none-eabi/10.3.1/../../../arm-none-eabi/lib/thumb/v6-m/nofp/libg.a(lib_a-mlock.o)
                              /usr/lib/gcc/arm-none-eabi/10.3.1/../../../arm-none-eabi/lib/thumb/v6-m/nofp/libg.a(lib_a-mallocr.o) (__malloc_lock)
/usr/lib/gcc/arm-none-eabi/10.3.1/../../../arm-none-eabi/lib/thumb/v6-m/nofp/libg.a(lib_a-realloc.o)
                              CMakeFiles/stepper.dir/home/webius/Desktop/pico-dev/pico/pico-sdk/src/rp2_common/pico_malloc/pico_malloc.c.obj (realloc)
/usr/lib/gcc/arm-none-eabi/10.3.1/../../../arm-none-eabi/lib/thumb/v6-m/nofp/libg.a(lib_a-reallocr.o)
                              /usr/lib/gcc/arm-none-eabi/10.3.1/../../../arm-none-eabi/lib/thumb/v6-m/nofp/libg.a(lib_a-realloc.o) (_realloc_r)
/usr/lib/gcc/arm-none-eabi/10.3.1/../../../arm-none-eabi/lib/thumb/v6-m/nofp/libg.a(lib_a-sbrkr.o)
                              /usr/lib/gcc/arm-none-eabi/10.3.1/../../../arm-none-eabi/lib/thumb/v6-m/nofp/libg.a(lib_a-mallocr.o) (_sbrk_r)
/usr/lib/gcc/arm-none-eabi/10.3.1/../../../arm-none-eabi/lib/thumb/v6-m/nofp/libg.a(lib_a-strlen-stub.o)
                              CMakeFiles/stepper.dir/home/webius/Desktop/pico-dev/pico/pico-sdk/src/rp2_common/pico_stdio/stdio.c.obj (strlen)
/usr/lib/gcc/arm-none-eabi/10.3.1/../../../arm-none-eabi/lib/thumb/v6-m/nofp/libg.a(lib_a-__atexit.o)
                              /usr/lib/gcc/arm-none-eabi/10.3.1/../../../arm-none-eabi/lib/thumb/v6-m/nofp/libg.a(lib_a-atexit.o) (__register_exitproc)
/usr/lib/gcc/arm-none-eabi/10.3.1/../../../arm-none-eabi/lib/thumb/v6-m/nofp/libg.a(lib_a-freer.o)
                              /usr/lib/gcc/arm-none-eabi/10.3.1/../../../arm-none-eabi/lib/thumb/v6-m/nofp/libg.a(lib_a-malloc.o) (_free_r)
/usr/lib/gcc/arm-none-eabi/10.3.1/../../../arm-none-eabi/lib/thumb/v6-m/nofp/libg.a(lib_a-memmove.o)
                              /usr/lib/gcc/arm-none-eabi/10.3.1/../../../arm-none-eabi/lib/thumb/v6-m/nofp/libg.a(lib_a-reallocr.o) (memmove)
/usr/lib/gcc/arm-none-eabi/10.3.1/../../../arm-none-eabi/lib/thumb/v6-m/nofp/libg.a(lib_a-reent.o)
                              /usr/lib/gcc/arm-none-eabi/10.3.1/../../../arm-none-eabi/lib/thumb/v6-m/nofp/libg.a(lib_a-sbrkr.o) (errno)

Discarded input sections

 .text          0x0000000000000000        0x0 /usr/lib/gcc/arm-none-eabi/10.3.1/thumb/v6-m/nofp/crti.o
 .data          0x0000000000000000        0x0 /usr/lib/gcc/arm-none-eabi/10.3.1/thumb/v6-m/nofp/crti.o
 .bss           0x0000000000000000        0x0 /usr/lib/gcc/arm-none-eabi/10.3.1/thumb/v6-m/nofp/crti.o
 .data          0x0000000000000000        0x4 /usr/lib/gcc/arm-none-eabi/10.3.1/thumb/v6-m/nofp/crtbegin.o
 .rodata        0x0000000000000000       0x24 /usr/lib/gcc/arm-none-eabi/10.3.1/thumb/v6-m/nofp/crtbegin.o
[...]
Memory Configuration

Name             Origin             Length             Attributes
FLASH            0x0000000010000000 0x0000000000200000 xr
RAM              0x0000000020000000 0x0000000000040000 xrw
SCRATCH_X        0x0000000020040000 0x0000000000001000 xrw
SCRATCH_Y        0x0000000020041000 0x0000000000001000 xrw
*default*        0x0000000000000000 0xffffffffffffffff

Linker script and memory map

LOAD /usr/lib/gcc/arm-none-eabi/10.3.1/thumb/v6-m/nofp/crti.o
LOAD /usr/lib/gcc/arm-none-eabi/10.3.1/thumb/v6-m/nofp/crtbegin.o
LOAD /usr/lib/gcc/arm-none-eabi/10.3.1/../../../arm-none-eabi/lib/thumb/v6-m/nofp/crt0.o

.flash_begin    0x0000000010000000        0x0
                0x0000000010000000                __flash_binary_start = .

.boot2          0x0000000010000000      0x100
                0x0000000010000000                __boot2_start__ = .
 *(.boot2)
 .boot2         0x0000000010000000      0x100 /tmp/ccslTsSZ.o
                0x0000000010000100                __boot2_end__ = .
                0x0000000000000001                ASSERT (((__boot2_end__ - __boot2_start__) == 0x100), ERROR: Pico second stage bootloader must be 256 bytes in size)

.text           0x0000000010000100     0x7640
                0x0000000010000100                __logical_binary_start = .
 *(.vectors)
 .vectors       0x0000000010000100       0xd4 CMakeFiles/stepper.dir/home/webius/Desktop/pico-dev/pico/pico-sdk/src/rp2_common/pico_standard_link/crt0.S.obj
                0x0000000010000100                __vectors
                0x0000000010000100                __VECTOR_TABLE
                0x00000000100001c0                isr_invalid
                0x00000000100001c0                __default_isrs_start
                0x00000000100001c2                isr_nmi
                0x00000000100001c4                isr_hardfault
                0x00000000100001c6                isr_svcall
                0x00000000100001c8                isr_pendsv
                0x00000000100001ca                isr_systick
                0x00000000100001cc                isr_irq30
                0x00000000100001cc                __unhandled_user_irq
                0x00000000100001cc                isr_irq13
                0x00000000100001cc                isr_irq27
                0x00000000100001cc                isr_irq31
                0x00000000100001cc                isr_irq5
                0x00000000100001cc                isr_irq11
                0x00000000100001cc                isr_irq23
                0x00000000100001cc                isr_irq18
                0x00000000100001cc                isr_irq28
                0x00000000100001cc                isr_irq19
                0x00000000100001cc                isr_irq0
                0x00000000100001cc                isr_irq6
                0x00000000100001cc                isr_irq22
                0x00000000100001cc                isr_irq17
                0x00000000100001cc                isr_irq14
                0x00000000100001cc                isr_irq2
                0x00000000100001cc                isr_irq10
                0x00000000100001cc                isr_irq8
                0x00000000100001cc                isr_irq24
                0x00000000100001cc                isr_irq1
                0x00000000100001cc                isr_irq7
                0x00000000100001cc                isr_irq21
                0x00000000100001cc                isr_irq20
                0x00000000100001cc                isr_irq15
                0x00000000100001cc                isr_irq25
                0x00000000100001cc                isr_irq4
                0x00000000100001cc                isr_irq16
                0x00000000100001cc                isr_irq29
                0x00000000100001cc                isr_irq26
                0x00000000100001cc                __default_isrs_end
                0x00000000100001cc                isr_irq3
                0x00000000100001cc                isr_irq12
                0x00000000100001cc                isr_irq9
                0x00000000100001d2                unhandled_user_irq_num_in_r0
 *(.binary_info_header)
 .binary_info_header
                0x00000000100001d4       0x14 CMakeFiles/stepper.dir/home/webius/Desktop/pico-dev/pico/pico-sdk/src/rp2_common/pico_standard_link/crt0.S.obj
                0x00000000100001e8                __binary_info_header_end = .
 *(.reset)
 .reset         0x00000000100001e8       0xa0 CMakeFiles/stepper.dir/home/webius/Desktop/pico-dev/pico/pico-sdk/src/rp2_common/pico_standard_link/crt0.S.obj
                0x00000000100001e8                _entry_point
 .reset         0x0000000010000288       0x30 CMakeFiles/stepper.dir/home/webius/Desktop/pico-dev/pico/pico-sdk/src/rp2_common/pico_standard_link/binary_info.c.obj
 *(.init)
 .init          0x00000000100002b8        0x4 /usr/lib/gcc/arm-none-eabi/10.3.1/thumb/v6-m/nofp/crti.o
                0x00000000100002b8                _init
 *(EXCLUDE_FILE(*libm.a: *libc.a:*lib_a-mem*.o *libgcc.a:) .text*)
 .text          0x00000000100002bc       0x98 /usr/lib/gcc/arm-none-eabi/10.3.1/thumb/v6-m/nofp/crtbegin.o
 .text.main     0x0000000010000354       0xbc CMakeFiles/stepper.dir/main.cpp.obj
                0x0000000010000354                main
 .text._ZN8Datagram13_calculateCrcEv
                0x0000000010000410       0x42 CMakeFiles/stepper.dir/TMC2209.cpp.obj
                0x0000000010000410                Datagram::_calculateCrc()
 .text._ZN13WriteDatagramC2Ehlh
                0x0000000010000452       0x30 CMakeFiles/stepper.dir/TMC2209.cpp.obj
                0x0000000010000452                WriteDatagram::WriteDatagram(unsigned char, long, unsigned char)
                0x0000000010000452                WriteDatagram::WriteDatagram(unsigned char, long, unsigned char)
 .text._ZN12ReadDatagramC2Ehh
                0x0000000010000482       0x26 CMakeFiles/stepper.dir/TMC2209.cpp.obj
                0x0000000010000482                ReadDatagram::ReadDatagram(unsigned char, unsigned char)
                0x0000000010000482                ReadDatagram::ReadDatagram(unsigned char, unsigned char)
 .text._ZN13ReplyDatagramC2EPh
                0x00000000100004a8       0x40 CMakeFiles/stepper.dir/TMC2209.cpp.obj
                0x00000000100004a8                ReplyDatagram::ReplyDatagram(unsigned char*)
                0x00000000100004a8                ReplyDatagram::ReplyDatagram(unsigned char*)
 .text._ZN7TMC22096_clampEhhh
                0x00000000100004e8       0x14 CMakeFiles/stepper.dir/TMC2209.cpp.obj
                0x00000000100004e8                TMC2209::_clamp(unsigned char, unsigned char, unsigned char)
 .text._ZN7TMC220920_send_unidirectionalER8Datagram
                0x00000000100004fc       0x20 CMakeFiles/stepper.dir/TMC2209.cpp.obj
                0x00000000100004fc                TMC2209::_send_unidirectional(Datagram&)
 .text._ZN7TMC220919_set_mode_to_serialEv
                0x000000001000051c       0x3e CMakeFiles/stepper.dir/TMC2209.cpp.obj
                0x000000001000051c                TMC2209::_set_mode_to_serial()
 *fill*         0x000000001000055a        0x2 
 .text._ZN7TMC2209C2EP9uart_instlh
                0x000000001000055c       0x94 CMakeFiles/stepper.dir/TMC2209.cpp.obj
                0x000000001000055c                TMC2209::TMC2209(uart_inst*, long, unsigned char)
                0x000000001000055c                TMC2209::TMC2209(uart_inst*, long, unsigned char)
 .text._ZN7TMC220919_send_bidirectionalER8Datagram
                0x00000000100005f0       0xb8 CMakeFiles/stepper.dir/TMC2209.cpp.obj
                0x00000000100005f0                TMC2209::_send_bidirectional(Datagram&)
 .text._ZN7TMC22095writeEhm
                0x00000000100006a8       0x1a CMakeFiles/stepper.dir/TMC2209.cpp.obj
                0x00000000100006a8                TMC2209::write(unsigned char, unsigned long)
 .text._ZN7TMC22096enableEv
                0x00000000100006c2       0x30 CMakeFiles/stepper.dir/TMC2209.cpp.obj
                0x00000000100006c2                TMC2209::enable()
 .text._ZN7TMC22097disableEv
                0x00000000100006f2       0x28 CMakeFiles/stepper.dir/TMC2209.cpp.obj
                0x00000000100006f2                TMC2209::disable()
 .text._ZN7TMC220920_write_driver_configEv
                0x000000001000071a       0x40 CMakeFiles/stepper.dir/TMC2209.cpp.obj
                0x000000001000071a                TMC2209::_write_driver_config()
 *fill*         0x000000001000075a        0x2 
 .text._ZN7TMC220916set_irun_percentEh
                0x000000001000075c       0x44 CMakeFiles/stepper.dir/TMC2209.cpp.obj
                0x000000001000075c                TMC2209::set_irun_percent(unsigned char)
 .text._ZN7TMC220917set_ihold_percentEh
                0x00000000100007a0       0x2e CMakeFiles/stepper.dir/TMC2209.cpp.obj
                0x00000000100007a0                TMC2209::set_ihold_percent(unsigned char)
 .text._ZN7TMC220922set_hold_delay_percentEh
                0x00000000100007ce       0x30 CMakeFiles/stepper.dir/TMC2209.cpp.obj
                0x00000000100007ce                TMC2209::set_hold_delay_percent(unsigned char)
 *fill*         0x00000000100007fe        0x2 
 .text._ZN7TMC220919set_powerdown_delayEf
                0x0000000010000800       0x48 CMakeFiles/stepper.dir/TMC2209.cpp.obj
                0x0000000010000800                TMC2209::set_powerdown_delay(float)
 .text._ZN7TMC220915index_fn_selectE7IndexFn
                0x0000000010000848       0x32 CMakeFiles/stepper.dir/TMC2209.cpp.obj
                0x0000000010000848                TMC2209::index_fn_select(IndexFn)
 .text._ZN7TMC220919enable_stealth_chopEv
                0x000000001000087a       0x14 CMakeFiles/stepper.dir/TMC2209.cpp.obj
                0x000000001000087a                TMC2209::enable_stealth_chop()
 .text._ZN7TMC220919use_external_rsenseEv
                0x000000001000088e       0x14 CMakeFiles/stepper.dir/TMC2209.cpp.obj
                0x000000001000088e                TMC2209::use_external_rsense()
 .text._ZN7TMC220942set_coolstep_and_stalldiag_lower_thresholdEm
                0x00000000100008a2        0xc CMakeFiles/stepper.dir/TMC2209.cpp.obj
                0x00000000100008a2                TMC2209::set_coolstep_and_stalldiag_lower_threshold(unsigned long)
 *fill*         0x00000000100008ae        0x2 
 .text._ZN7TMC220924set_stallguard_thresholdEh
                0x00000000100008b0       0x4c CMakeFiles/stepper.dir/TMC2209.cpp.obj
                0x00000000100008b0                TMC2209::set_stallguard_threshold(unsigned char)
 .text._ZN7TMC22094readEh
                0x00000000100008fc       0x8c CMakeFiles/stepper.dir/TMC2209.cpp.obj
                0x00000000100008fc                TMC2209::read(unsigned char)
 .text._ZN7TMC220911get_versionEv
                0x0000000010000988        0xc CMakeFiles/stepper.dir/TMC2209.cpp.obj
                0x0000000010000988                TMC2209::get_version()
 .text._ZN7TMC220916move_at_velocityEl
                0x0000000010000994       0x1e CMakeFiles/stepper.dir/TMC2209.cpp.obj
                0x0000000010000994                TMC2209::move_at_velocity(long)
 *fill*         0x00000000100009b2        0x2 
 .text.gpio_set_function
                0x00000000100009b4       0x30 CMakeFiles/stepper.dir/home/webius/Desktop/pico-dev/pico/pico-sdk/src/rp2_common/hardware_gpio/gpio.c.obj
                0x00000000100009b4                gpio_set_function
 .text.gpio_init
                0x00000000100009e4       0x16 CMakeFiles/stepper.dir/home/webius/Desktop/pico-dev/pico/pico-sdk/src/rp2_common/hardware_gpio/gpio.c.obj
                0x00000000100009e4                gpio_init
 *fill*         0x00000000100009fa        0x2 
 .text.running_on_fpga
                0x00000000100009fc       0x14 CMakeFiles/stepper.dir/home/webius/Desktop/pico-dev/pico/pico-sdk/src/rp2_common/pico_platform/platform.c.obj
                0x00000000100009fc                running_on_fpga
 .text.hw_claim_lock
                0x0000000010000a10       0x18 CMakeFiles/stepper.dir/home/webius/Desktop/pico-dev/pico/pico-sdk/src/rp2_common/hardware_claim/claim.c.obj
                0x0000000010000a10                hw_claim_lock
 .text.hw_claim_unlock
                0x0000000010000a28       0x14 CMakeFiles/stepper.dir/home/webius/Desktop/pico-dev/pico/pico-sdk/src/rp2_common/hardware_claim/claim.c.obj
                0x0000000010000a28                hw_claim_unlock
 .text.hw_claim_or_assert
                0x0000000010000a3c       0x32 CMakeFiles/stepper.dir/home/webius/Desktop/pico-dev/pico/pico-sdk/src/rp2_common/hardware_claim/claim.c.obj
                0x0000000010000a3c                hw_claim_or_assert
 .text.hw_claim_unused_from_range
                0x0000000010000a6e       0x50 CMakeFiles/stepper.dir/home/webius/Desktop/pico-dev/pico/pico-sdk/src/rp2_common/hardware_claim/claim.c.obj
                0x0000000010000a6e                hw_claim_unused_from_range
 *fill*         0x0000000010000abe        0x2 
 .text.spin_locks_reset
                0x0000000010000ac0       0x20 CMakeFiles/stepper.dir/home/webius/Desktop/pico-dev/pico/pico-sdk/src/rp2_common/hardware_sync/sync.c.obj
                0x0000000010000ac0                spin_locks_reset
 .text.next_striped_spin_lock_num
                0x0000000010000ae0       0x1c CMakeFiles/stepper.dir/home/webius/Desktop/pico-dev/pico/pico-sdk/src/rp2_common/hardware_sync/sync.c.obj
                0x0000000010000ae0                next_striped_spin_lock_num
 .text.spin_lock_claim_unused
                0x0000000010000afc       0x20 CMakeFiles/stepper.dir/home/webius/Desktop/pico-dev/pico/pico-sdk/src/rp2_common/hardware_sync/sync.c.obj
                0x0000000010000afc                spin_lock_claim_unused
 .text.set_raw_irq_handler_and_unlock
                0x0000000010000b1c       0x28 CMakeFiles/stepper.dir/home/webius/Desktop/pico-dev/pico/pico-sdk/src/rp2_common/hardware_irq/irq.c.obj
 .text.make_branch
                0x0000000010000b44       0x48 CMakeFiles/stepper.dir/home/webius/Desktop/pico-dev/pico/pico-sdk/src/rp2_common/hardware_irq/irq.c.obj
 .text.insert_branch_and_link
                0x0000000010000b8c       0x40 CMakeFiles/stepper.dir/home/webius/Desktop/pico-dev/pico/pico-sdk/src/rp2_common/hardware_irq/irq.c.obj
 .text.irq_is_enabled
                0x0000000010000bcc       0x18 CMakeFiles/stepper.dir/home/webius/Desktop/pico-dev/pico/pico-sdk/src/rp2_common/hardware_irq/irq.c.obj
                0x0000000010000bcc                irq_is_enabled
 .text.irq_set_mask_enabled
                0x0000000010000be4       0x20 CMakeFiles/stepper.dir/home/webius/Desktop/pico-dev/pico/pico-sdk/src/rp2_common/hardware_irq/irq.c.obj
                0x0000000010000be4                irq_set_mask_enabled
 .text.irq_set_enabled
                0x0000000010000c04        0xe CMakeFiles/stepper.dir/home/webius/Desktop/pico-dev/pico/pico-sdk/src/rp2_common/hardware_irq/irq.c.obj
                0x0000000010000c04                irq_set_enabled
 *fill*         0x0000000010000c12        0x2 
 .text.irq_set_pending
                0x0000000010000c14       0x10 CMakeFiles/stepper.dir/home/webius/Desktop/pico-dev/pico/pico-sdk/src/rp2_common/hardware_irq/irq.c.obj
                0x0000000010000c14                irq_set_pending
 .text.irq_get_vtable_handler
                0x0000000010000c24       0x10 CMakeFiles/stepper.dir/home/webius/Desktop/pico-dev/pico/pico-sdk/src/rp2_common/hardware_irq/irq.c.obj
                0x0000000010000c24                irq_get_vtable_handler
 .text.irq_has_shared_handler
                0x0000000010000c34       0x24 CMakeFiles/stepper.dir/home/webius/Desktop/pico-dev/pico/pico-sdk/src/rp2_common/hardware_irq/irq.c.obj
                0x0000000010000c34                irq_has_shared_handler
 .text.irq_set_exclusive_handler
                0x0000000010000c58       0x54 CMakeFiles/stepper.dir/home/webius/Desktop/pico-dev/pico/pico-sdk/src/rp2_common/hardware_irq/irq.c.obj
                0x0000000010000c58                irq_set_exclusive_handler
 .text.irq_add_shared_handler
                0x0000000010000cac      0x234 CMakeFiles/stepper.dir/home/webius/Desktop/pico-dev/pico/pico-sdk/src/rp2_common/hardware_irq/irq.c.obj
                0x0000000010000cac                irq_add_shared_handler
 .text.irq_remove_handler
                0x0000000010000ee0      0x1ac CMakeFiles/stepper.dir/home/webius/Desktop/pico-dev/pico/pico-sdk/src/rp2_common/hardware_irq/irq.c.obj
                0x0000000010000ee0                irq_remove_handler
 .text.irq_add_tail_to_free_list
                0x000000001000108c       0xf0 CMakeFiles/stepper.dir/home/webius/Desktop/pico-dev/pico/pico-sdk/src/rp2_common/hardware_irq/irq.c.obj
                0x000000001000108c                irq_add_tail_to_free_list
 .text.irq_init_priorities
                0x000000001000117c       0x1c CMakeFiles/stepper.dir/home/webius/Desktop/pico-dev/pico/pico-sdk/src/rp2_common/hardware_irq/irq.c.obj
                0x000000001000117c                irq_init_priorities
 .text.user_irq_claim_unused
                0x0000000010001198       0x28 CMakeFiles/stepper.dir/home/webius/Desktop/pico-dev/pico/pico-sdk/src/rp2_common/hardware_irq/irq.c.obj
                0x0000000010001198                user_irq_claim_unused
 .text.lock_init
                0x00000000100011c0       0x10 CMakeFiles/stepper.dir/home/webius/Desktop/pico-dev/pico/pico-sdk/src/common/pico_sync/lock_core.c.obj
                0x00000000100011c0                lock_init
 .text.mutex_init
                0x00000000100011d0       0x1a CMakeFiles/stepper.dir/home/webius/Desktop/pico-dev/pico/pico-sdk/src/common/pico_sync/mutex.c.obj
                0x00000000100011d0                mutex_init
 .text.recursive_mutex_init
                0x00000000100011ea       0x1e CMakeFiles/stepper.dir/home/webius/Desktop/pico-dev/pico/pico-sdk/src/common/pico_sync/mutex.c.obj
                0x00000000100011ea                recursive_mutex_init
 .text.critical_section_init_with_lock_num
                0x0000000010001208       0x14 CMakeFiles/stepper.dir/home/webius/Desktop/pico-dev/pico/pico-sdk/src/common/pico_sync/critical_section.c.obj
                0x0000000010001208                critical_section_init_with_lock_num
 .text.critical_section_init
                0x000000001000121c       0x14 CMakeFiles/stepper.dir/home/webius/Desktop/pico-dev/pico/pico-sdk/src/common/pico_sync/critical_section.c.obj
                0x000000001000121c                critical_section_init
 .text.alarm_pool_post_alloc_init
                0x0000000010001230       0x40 CMakeFiles/stepper.dir/home/webius/Desktop/pico-dev/pico/pico-sdk/src/common/pico_time/time.c.obj
 .text.sleep_until_callback
                0x0000000010001270       0x30 CMakeFiles/stepper.dir/home/webius/Desktop/pico-dev/pico/pico-sdk/src/common/pico_time/time.c.obj
 .text.timer_pool_entry_comparator
                0x00000000100012a0       0x7c CMakeFiles/stepper.dir/home/webius/Desktop/pico-dev/pico/pico-sdk/src/common/pico_time/time.c.obj
                0x00000000100012a0                timer_pool_entry_comparator
 .text.ph_add_child_node
                0x000000001000131c       0xa4 CMakeFiles/stepper.dir/home/webius/Desktop/pico-dev/pico/pico-sdk/src/common/pico_time/time.c.obj
 .text.ph_merge_nodes
                0x00000000100013c0       0x3e CMakeFiles/stepper.dir/home/webius/Desktop/pico-dev/pico/pico-sdk/src/common/pico_time/time.c.obj
 *fill*         0x00000000100013fe        0x2 
 .text.add_alarm_under_lock
                0x0000000010001400      0x174 CMakeFiles/stepper.dir/home/webius/Desktop/pico-dev/pico/pico-sdk/src/common/pico_time/time.c.obj
 .text.alarm_pool_alarm_callback
                0x0000000010001574      0x33c CMakeFiles/stepper.dir/home/webius/Desktop/pico-dev/pico/pico-sdk/src/common/pico_time/time.c.obj
 .text.alarm_pool_init_default
                0x00000000100018b0       0x40 CMakeFiles/stepper.dir/home/webius/Desktop/pico-dev/pico/pico-sdk/src/common/pico_time/time.c.obj
                0x00000000100018b0                alarm_pool_init_default
 .text.alarm_pool_get_default
                0x00000000100018f0       0x2c CMakeFiles/stepper.dir/home/webius/Desktop/pico-dev/pico/pico-sdk/src/common/pico_time/time.c.obj
                0x00000000100018f0                alarm_pool_get_default
 .text.alarm_pool_add_alarm_at
                0x000000001000191c      0x168 CMakeFiles/stepper.dir/home/webius/Desktop/pico-dev/pico/pico-sdk/src/common/pico_time/time.c.obj
                0x000000001000191c                alarm_pool_add_alarm_at
 .text.alarm_pool_cancel_alarm
                0x0000000010001a84       0xf8 CMakeFiles/stepper.dir/home/webius/Desktop/pico-dev/pico/pico-sdk/src/common/pico_time/time.c.obj
                0x0000000010001a84                alarm_pool_cancel_alarm
 .text.alarm_pool_core_num
                0x0000000010001b7c        0x4 CMakeFiles/stepper.dir/home/webius/Desktop/pico-dev/pico/pico-sdk/src/common/pico_time/time.c.obj
                0x0000000010001b7c                alarm_pool_core_num
 .text.sleep_until
                0x0000000010001b80       0xfc CMakeFiles/stepper.dir/home/webius/Desktop/pico-dev/pico/pico-sdk/src/common/pico_time/time.c.obj
                0x0000000010001b80                sleep_until
 .text.sleep_us
                0x0000000010001c7c       0x58 CMakeFiles/stepper.dir/home/webius/Desktop/pico-dev/pico/pico-sdk/src/common/pico_time/time.c.obj
                0x0000000010001c7c                sleep_us
 .text.sleep_ms
                0x0000000010001cd4       0x14 CMakeFiles/stepper.dir/home/webius/Desktop/pico-dev/pico/pico-sdk/src/common/pico_time/time.c.obj
                0x0000000010001cd4                sleep_ms
 .text.best_effort_wfe_or_timeout
                0x0000000010001ce8       0xac CMakeFiles/stepper.dir/home/webius/Desktop/pico-dev/pico/pico-sdk/src/common/pico_time/time.c.obj
                0x0000000010001ce8                best_effort_wfe_or_timeout
 .text.hardware_alarm_irq_handler
                0x0000000010001d94       0x90 CMakeFiles/stepper.dir/home/webius/Desktop/pico-dev/pico/pico-sdk/src/rp2_common/hardware_timer/timer.c.obj
 .text.hardware_alarm_claim
                0x0000000010001e24       0x18 CMakeFiles/stepper.dir/home/webius/Desktop/pico-dev/pico/pico-sdk/src/rp2_common/hardware_timer/timer.c.obj
                0x0000000010001e24                hardware_alarm_claim
 .text.time_us_64
                0x0000000010001e3c       0x18 CMakeFiles/stepper.dir/home/webius/Desktop/pico-dev/pico/pico-sdk/src/rp2_common/hardware_timer/timer.c.obj
                0x0000000010001e3c                time_us_64
 .text.busy_wait_until
                0x0000000010001e54       0x28 CMakeFiles/stepper.dir/home/webius/Desktop/pico-dev/pico/pico-sdk/src/rp2_common/hardware_timer/timer.c.obj
                0x0000000010001e54                busy_wait_until
 .text.busy_wait_us
                0x0000000010001e7c       0x48 CMakeFiles/stepper.dir/home/webius/Desktop/pico-dev/pico/pico-sdk/src/rp2_common/hardware_timer/timer.c.obj
                0x0000000010001e7c                busy_wait_us
 .text.hardware_alarm_set_callback
                0x0000000010001ec4       0x90 CMakeFiles/stepper.dir/home/webius/Desktop/pico-dev/pico/pico-sdk/src/rp2_common/hardware_timer/timer.c.obj
                0x0000000010001ec4                hardware_alarm_set_callback
 .text.hardware_alarm_set_target
                0x0000000010001f54       0xe8 CMakeFiles/stepper.dir/home/webius/Desktop/pico-dev/pico/pico-sdk/src/rp2_common/hardware_timer/timer.c.obj
                0x0000000010001f54                hardware_alarm_set_target
 .text.hardware_alarm_cancel
                0x000000001000203c       0x40 CMakeFiles/stepper.dir/home/webius/Desktop/pico-dev/pico/pico-sdk/src/rp2_common/hardware_timer/timer.c.obj
                0x000000001000203c                hardware_alarm_cancel
 .text.ph_add_child_node
                0x000000001000207c       0xa4 CMakeFiles/stepper.dir/home/webius/Desktop/pico-dev/pico/pico-sdk/src/common/pico_util/pheap.c.obj
 .text.ph_merge_nodes
                0x0000000010002120       0x3e CMakeFiles/stepper.dir/home/webius/Desktop/pico-dev/pico/pico-sdk/src/common/pico_util/pheap.c.obj
 *fill*         0x000000001000215e        0x2 
 .text.ph_clear
                0x0000000010002160       0x70 CMakeFiles/stepper.dir/home/webius/Desktop/pico-dev/pico/pico-sdk/src/common/pico_util/pheap.c.obj
                0x0000000010002160                ph_clear
 .text.ph_post_alloc_init
                0x00000000100021d0        0xe CMakeFiles/stepper.dir/home/webius/Desktop/pico-dev/pico/pico-sdk/src/common/pico_util/pheap.c.obj
                0x00000000100021d0                ph_post_alloc_init
 *fill*         0x00000000100021de        0x2 
 .text.ph_merge_two_pass
                0x00000000100021e0       0xa8 CMakeFiles/stepper.dir/home/webius/Desktop/pico-dev/pico/pico-sdk/src/common/pico_util/pheap.c.obj
                0x00000000100021e0                ph_merge_two_pass
 .text.ph_remove_any_head
                0x0000000010002288      0x128 CMakeFiles/stepper.dir/home/webius/Desktop/pico-dev/pico/pico-sdk/src/common/pico_util/pheap.c.obj
 .text.ph_remove_head
                0x00000000100023b0       0x14 CMakeFiles/stepper.dir/home/webius/Desktop/pico-dev/pico/pico-sdk/src/common/pico_util/pheap.c.obj
                0x00000000100023b0                ph_remove_head
 .text.ph_remove_and_free_node
                0x00000000100023c4       0xf8 CMakeFiles/stepper.dir/home/webius/Desktop/pico-dev/pico/pico-sdk/src/common/pico_util/pheap.c.obj
                0x00000000100023c4                ph_remove_and_free_node
 .text.uart_disable_before_lcr_write
                0x00000000100024bc       0x48 CMakeFiles/stepper.dir/home/webius/Desktop/pico-dev/pico/pico-sdk/src/rp2_common/hardware_uart/uart.c.obj
 .text.uart_write_lcr_bits_masked
                0x0000000010002504       0x22 CMakeFiles/stepper.dir/home/webius/Desktop/pico-dev/pico/pico-sdk/src/rp2_common/hardware_uart/uart.c.obj
 *fill*         0x0000000010002526        0x2 
 .text.uart_set_baudrate
                0x0000000010002528       0x5c CMakeFiles/stepper.dir/home/webius/Desktop/pico-dev/pico/pico-sdk/src/rp2_common/hardware_uart/uart.c.obj
                0x0000000010002528                uart_set_baudrate
 .text.uart_set_format
                0x0000000010002584       0x2c CMakeFiles/stepper.dir/home/webius/Desktop/pico-dev/pico/pico-sdk/src/rp2_common/hardware_uart/uart.c.obj
                0x0000000010002584                uart_set_format
 .text.uart_set_fifo_enabled
                0x00000000100025b0       0x10 CMakeFiles/stepper.dir/home/webius/Desktop/pico-dev/pico/pico-sdk/src/rp2_common/hardware_uart/uart.c.obj
                0x00000000100025b0                uart_set_fifo_enabled
 .text.uart_set_translate_crlf
                0x00000000100025c0       0x28 CMakeFiles/stepper.dir/home/webius/Desktop/pico-dev/pico/pico-sdk/src/rp2_common/hardware_uart/uart.c.obj
                0x00000000100025c0                uart_set_translate_crlf
 .text.uart_init
                0x00000000100025e8       0x80 CMakeFiles/stepper.dir/home/webius/Desktop/pico-dev/pico/pico-sdk/src/rp2_common/hardware_uart/uart.c.obj
                0x00000000100025e8                uart_init
 .text.uart_is_readable_within_us
                0x0000000010002668       0x20 CMakeFiles/stepper.dir/home/webius/Desktop/pico-dev/pico/pico-sdk/src/rp2_common/hardware_uart/uart.c.obj
                0x0000000010002668                uart_is_readable_within_us
 .text.clock_configure
                0x0000000010002688      0x108 CMakeFiles/stepper.dir/home/webius/Desktop/pico-dev/pico/pico-sdk/src/rp2_common/hardware_clocks/clocks.c.obj
                0x0000000010002688                clock_configure
 .text.clocks_init
                0x0000000010002790      0x100 CMakeFiles/stepper.dir/home/webius/Desktop/pico-dev/pico/pico-sdk/src/rp2_common/hardware_clocks/clocks.c.obj
                0x0000000010002790                clocks_init
 .text.clock_get_hz
                0x0000000010002890        0xc CMakeFiles/stepper.dir/home/webius/Desktop/pico-dev/pico/pico-sdk/src/rp2_common/hardware_clocks/clocks.c.obj
                0x0000000010002890                clock_get_hz
 .text.pll_init
                0x000000001000289c      0x120 CMakeFiles/stepper.dir/home/webius/Desktop/pico-dev/pico/pico-sdk/src/rp2_common/hardware_pll/pll.c.obj
                0x000000001000289c                pll_init
 .text.watchdog_start_tick
                0x00000000100029bc       0x10 CMakeFiles/stepper.dir/home/webius/Desktop/pico-dev/pico/pico-sdk/src/rp2_common/hardware_watchdog/watchdog.c.obj
                0x00000000100029bc                watchdog_start_tick
 .text.watchdog_update
                0x00000000100029cc       0x14 CMakeFiles/stepper.dir/home/webius/Desktop/pico-dev/pico/pico-sdk/src/rp2_common/hardware_watchdog/watchdog.c.obj
                0x00000000100029cc                watchdog_update
 .text._watchdog_enable
                0x00000000100029e0       0x78 CMakeFiles/stepper.dir/home/webius/Desktop/pico-dev/pico/pico-sdk/src/rp2_common/hardware_watchdog/watchdog.c.obj
                0x00000000100029e0                _watchdog_enable
 .text.watchdog_reboot
                0x0000000010002a58       0x48 CMakeFiles/stepper.dir/home/webius/Desktop/pico-dev/pico/pico-sdk/src/rp2_common/hardware_watchdog/watchdog.c.obj
                0x0000000010002a58                watchdog_reboot
 .text.xosc_init
                0x0000000010002aa0       0x28 CMakeFiles/stepper.dir/home/webius/Desktop/pico-dev/pico/pico-sdk/src/rp2_common/hardware_xosc/xosc.c.obj
                0x0000000010002aa0                xosc_init
 .text._exit    0x0000000010002ac8        0x4 CMakeFiles/stepper.dir/home/webius/Desktop/pico-dev/pico/pico-sdk/src/rp2_common/pico_runtime/runtime.c.obj
                0x0000000010002ac8                _exit
 .text.exit     0x0000000010002acc        0x6 CMakeFiles/stepper.dir/home/webius/Desktop/pico-dev/pico/pico-sdk/src/rp2_common/pico_runtime/runtime.c.obj
                0x0000000010002acc                exit
 *fill*         0x0000000010002ad2        0x2 
 .text.__assert_func
                0x0000000010002ad4       0x3c CMakeFiles/stepper.dir/home/webius/Desktop/pico-dev/pico/pico-sdk/src/rp2_common/pico_runtime/runtime.c.obj
                0x0000000010002ad4                __assert_func
 .text.runtime_init
                0x0000000010002b10       0xf8 CMakeFiles/stepper.dir/home/webius/Desktop/pico-dev/pico/pico-sdk/src/rp2_common/pico_runtime/runtime.c.obj
                0x0000000010002b10                runtime_init
 .text.panic    0x0000000010002c08       0x30 CMakeFiles/stepper.dir/home/webius/Desktop/pico-dev/pico/pico-sdk/src/rp2_common/pico_runtime/runtime.c.obj
                0x0000000010002c08                panic
 .text._out_null
                0x0000000010002c38        0x2 CMakeFiles/stepper.dir/home/webius/Desktop/pico-dev/pico/pico-sdk/src/rp2_common/pico_printf/printf.c.obj
 .text._out_fct
                0x0000000010002c3a        0xe CMakeFiles/stepper.dir/home/webius/Desktop/pico-dev/pico/pico-sdk/src/rp2_common/pico_printf/printf.c.obj
 .text._atoi    0x0000000010002c48       0x24 CMakeFiles/stepper.dir/home/webius/Desktop/pico-dev/pico/pico-sdk/src/rp2_common/pico_printf/printf.c.obj
 .text._out_rev
                0x0000000010002c6c       0xae CMakeFiles/stepper.dir/home/webius/Desktop/pico-dev/pico/pico-sdk/src/rp2_common/pico_printf/printf.c.obj
 .text._ntoa_format
                0x0000000010002d1a      0x112 CMakeFiles/stepper.dir/home/webius/Desktop/pico-dev/pico/pico-sdk/src/rp2_common/pico_printf/printf.c.obj
 .text._ntoa_long
                0x0000000010002e2c       0xbc CMakeFiles/stepper.dir/home/webius/Desktop/pico-dev/pico/pico-sdk/src/rp2_common/pico_printf/printf.c.obj
 .text._ntoa_long_long
                0x0000000010002ee8       0xe2 CMakeFiles/stepper.dir/home/webius/Desktop/pico-dev/pico/pico-sdk/src/rp2_common/pico_printf/printf.c.obj
 *fill*         0x0000000010002fca        0x2 
 .text._etoa    0x0000000010002fcc      0x414 CMakeFiles/stepper.dir/home/webius/Desktop/pico-dev/pico/pico-sdk/src/rp2_common/pico_printf/printf.c.obj
 .text._ftoa    0x00000000100033e0      0x354 CMakeFiles/stepper.dir/home/webius/Desktop/pico-dev/pico/pico-sdk/src/rp2_common/pico_printf/printf.c.obj
 .text._vsnprintf
                0x0000000010003734      0x624 CMakeFiles/stepper.dir/home/webius/Desktop/pico-dev/pico/pico-sdk/src/rp2_common/pico_printf/printf.c.obj
 .text.vfctprintf
                0x0000000010003d58       0x20 CMakeFiles/stepper.dir/home/webius/Desktop/pico-dev/pico/pico-sdk/src/rp2_common/pico_printf/printf.c.obj
                0x0000000010003d58                vfctprintf
 .text          0x0000000010003d78       0x10 CMakeFiles/stepper.dir/home/webius/Desktop/pico-dev/pico/pico-sdk/src/rp2_common/pico_bit_ops/bit_ops_aeabi.S.obj
 .text.rom_func_lookup
                0x0000000010003d88       0x10 CMakeFiles/stepper.dir/home/webius/Desktop/pico-dev/pico/pico-sdk/src/rp2_common/pico_bootrom/bootrom.c.obj
                0x0000000010003d88                rom_func_lookup
 .text.rom_data_lookup
                0x0000000010003d98       0x10 CMakeFiles/stepper.dir/home/webius/Desktop/pico-dev/pico/pico-sdk/src/rp2_common/pico_bootrom/bootrom.c.obj
                0x0000000010003d98                rom_data_lookup
 .text.rom_funcs_lookup
                0x0000000010003da8       0x36 CMakeFiles/stepper.dir/home/webius/Desktop/pico-dev/pico/pico-sdk/src/rp2_common/pico_bootrom/bootrom.c.obj
                0x0000000010003da8                rom_funcs_lookup
 *fill*         0x0000000010003dde        0x2 
 .text.__wrap___aeabi_idiv
                0x0000000010003de0       0x50 CMakeFiles/stepper.dir/home/webius/Desktop/pico-dev/pico/pico-sdk/src/rp2_common/pico_divider/divider.S.obj
                0x0000000010003de0                __wrap___aeabi_idivmod
                0x0000000010003de0                divmod_s32s32
                0x0000000010003de0                div_s32s32
                0x0000000010003de0                __wrap___aeabi_idiv
                0x0000000010003de8                divmod_s32s32_unsafe
                0x0000000010003e14                divmod_s32s32_savestate
 .text.__wrap___aeabi_uidiv
                0x0000000010003e30       0x4c CMakeFiles/stepper.dir/home/webius/Desktop/pico-dev/pico/pico-sdk/src/rp2_common/pico_divider/divider.S.obj
                0x0000000010003e30                __wrap___aeabi_uidiv
                0x0000000010003e30                __wrap___aeabi_uidivmod
                0x0000000010003e30                div_u32u32
                0x0000000010003e30                divmod_u32u32
                0x0000000010003e38                divmod_u32u32_unsafe
                0x0000000010003e60                divmod_u32u32_savestate
 .text.__wrap___aeabi_ldiv
                0x0000000010003e7c      0x424 CMakeFiles/stepper.dir/home/webius/Desktop/pico-dev/pico/pico-sdk/src/rp2_common/pico_divider/divider.S.obj
                0x0000000010003e7c                div_s64s64
                0x0000000010003e7c                divmod_s64s64
                0x0000000010003e7c                __wrap___aeabi_ldivmod
                0x0000000010003eac                div_u64u64
                0x0000000010003eac                divmod_u64u64
                0x0000000010003eac                __wrap___aeabi_uldivmod
                0x0000000010003ebc                divmod_u64u64_savestate
                0x0000000010003edc                divmod_s64s64_unsafe
                0x0000000010003f64                divmod_u64u64_unsafe
 .text.__wrap___aeabi_darithmetic
                0x00000000100042a0       0x80 CMakeFiles/stepper.dir/home/webius/Desktop/pico-dev/pico/pico-sdk/src/rp2_common/pico_double/double_aeabi.S.obj
                0x00000000100042a0                __wrap___aeabi_drsub
                0x00000000100042a6                __wrap___aeabi_dsub
                0x00000000100042b8                __wrap___aeabi_dadd
                0x00000000100042ca                __wrap___aeabi_ddiv
                0x0000000010004306                __wrap___aeabi_dmul
 .text.__wrap___aeabi_cdcmple
                0x0000000010004320       0x6c CMakeFiles/stepper.dir/home/webius/Desktop/pico-dev/pico/pico-sdk/src/rp2_common/pico_double/double_aeabi.S.obj
                0x0000000010004320                __wrap___aeabi_cdrcmple
                0x0000000010004330                __wrap___aeabi_cdcmple
                0x0000000010004330                __wrap___aeabi_cdcmpeq
 .text.__wrap___aeabi_dcmplt
                0x000000001000438c        0xc CMakeFiles/stepper.dir/home/webius/Desktop/pico-dev/pico/pico-sdk/src/rp2_common/pico_double/double_aeabi.S.obj
                0x000000001000438c                __wrap___aeabi_dcmplt
 .text.__wrap___aeabi_dcmple
                0x0000000010004398       0x10 CMakeFiles/stepper.dir/home/webius/Desktop/pico-dev/pico/pico-sdk/src/rp2_common/pico_double/double_aeabi.S.obj
                0x0000000010004398                __wrap___aeabi_dcmple
 .text.__wrap___aeabi_dcmpge
                0x00000000100043a8       0x10 CMakeFiles/stepper.dir/home/webius/Desktop/pico-dev/pico/pico-sdk/src/rp2_common/pico_double/double_aeabi.S.obj
                0x00000000100043a8                __wrap___aeabi_dcmpge
 .text.__wrap___aeabi_dcmpgt
                0x00000000100043b8        0xa CMakeFiles/stepper.dir/home/webius/Desktop/pico-dev/pico/pico-sdk/src/rp2_common/pico_double/double_aeabi.S.obj
                0x00000000100043b8                __wrap___aeabi_dcmpgt
 .text.__wrap___aeabi_dcmpun
                0x00000000100043c2       0x1c CMakeFiles/stepper.dir/home/webius/Desktop/pico-dev/pico/pico-sdk/src/rp2_common/pico_double/double_aeabi.S.obj
                0x00000000100043c2                __wrap___aeabi_dcmpun
 *fill*         0x00000000100043de        0x2 
 .text.__wrap___aeabi_i2d
                0x00000000100043e0       0x38 CMakeFiles/stepper.dir/home/webius/Desktop/pico-dev/pico/pico-sdk/src/rp2_common/pico_double/double_aeabi.S.obj
                0x00000000100043e0                __wrap___aeabi_ui2d
                0x00000000100043e8                __wrap___aeabi_i2d
 .text.__wrap___aeabi_d2iz
                0x0000000010004418       0x48 CMakeFiles/stepper.dir/home/webius/Desktop/pico-dev/pico/pico-sdk/src/rp2_common/pico_double/double_aeabi.S.obj
                0x0000000010004418                __wrap___aeabi_d2iz
                0x0000000010004418                double2int_z
 .text.__wrap___aeabi_d2uiz
                0x0000000010004460       0x18 CMakeFiles/stepper.dir/home/webius/Desktop/pico-dev/pico/pico-sdk/src/rp2_common/pico_double/double_aeabi.S.obj
                0x0000000010004460                double2uint
                0x0000000010004460                __wrap___aeabi_d2uiz
 .text.__aeabi_double_init
                0x0000000010004478       0xc8 CMakeFiles/stepper.dir/home/webius/Desktop/pico-dev/pico/pico-sdk/src/rp2_common/pico_double/double_init_rom.c.obj
                0x0000000010004478                __aeabi_double_init
 .text.double_table_shim_on_use_helper
                0x0000000010004540       0x34 CMakeFiles/stepper.dir/home/webius/Desktop/pico-dev/pico/pico-sdk/src/rp2_common/pico_double/double_v1_rom_shim.S.obj
                0x0000000010004540                double_table_shim_on_use_helper
 .text.__wrap___aeabi_dsub
                0x0000000010004574       0x10 CMakeFiles/stepper.dir/home/webius/Desktop/pico-dev/pico/pico-sdk/src/rp2_common/pico_double/double_v1_rom_shim.S.obj
                0x0000000010004574                drsub_shim
                0x000000001000457a                dsub_shim
 .text.dadd_shim
                0x0000000010004584      0x15c CMakeFiles/stepper.dir/home/webius/Desktop/pico-dev/pico/pico-sdk/src/rp2_common/pico_double/double_v1_rom_shim.S.obj
                0x0000000010004584                dadd_shim
 .text.dmul_shim
                0x00000000100046e0      0x15c CMakeFiles/stepper.dir/home/webius/Desktop/pico-dev/pico/pico-sdk/src/rp2_common/pico_double/double_v1_rom_shim.S.obj
                0x00000000100046e0                dmul_shim
 .text.ddiv_shim
                0x000000001000483c      0x1b0 CMakeFiles/stepper.dir/home/webius/Desktop/pico-dev/pico/pico-sdk/src/rp2_common/pico_double/double_v1_rom_shim.S.obj
                0x000000001000483c                ddiv_shim
 .text.double2uint_shim
                0x00000000100049ec        0xe CMakeFiles/stepper.dir/home/webius/Desktop/pico-dev/pico/pico-sdk/src/rp2_common/pico_double/double_v1_rom_shim.S.obj
                0x00000000100049ec                double2uint_shim
                0x00000000100049ee                double2ufix_shim
 *fill*         0x00000000100049fa        0x2 
 .text.double2uint64_shim
                0x00000000100049fc       0x70 CMakeFiles/stepper.dir/home/webius/Desktop/pico-dev/pico/pico-sdk/src/rp2_common/pico_double/double_v1_rom_shim.S.obj
                0x00000000100049fc                double2uint64_shim
                0x00000000100049fe                double2ufix64_shim
                0x0000000010004a1e                d2fix_a
 .text.dunpacks
                0x0000000010004a6c       0x3c CMakeFiles/stepper.dir/home/webius/Desktop/pico-dev/pico/pico-sdk/src/rp2_common/pico_double/double_v1_rom_shim.S.obj
                0x0000000010004a6c                dunpacks
 .text.__aeabi_lmul
                0x0000000010004aa8       0x32 CMakeFiles/stepper.dir/home/webius/Desktop/pico-dev/pico/pico-sdk/src/rp2_common/pico_int64_ops/pico_int64_ops_aeabi.S.obj
                0x0000000010004aa8                __wrap___aeabi_lmul
 *fill*         0x0000000010004ada        0x2 
 .text.__wrap___aeabi_farithmetic
                0x0000000010004adc       0x58 CMakeFiles/stepper.dir/home/webius/Desktop/pico-dev/pico/pico-sdk/src/rp2_common/pico_float/float_aeabi.S.obj
                0x0000000010004adc                __wrap___aeabi_frsub
                0x0000000010004ae2                __wrap___aeabi_fsub
                0x0000000010004aec                __wrap___aeabi_fadd
                0x0000000010004af6                __wrap___aeabi_fdiv
                0x0000000010004b22                __wrap___aeabi_fmul
 .text.__wrap___aeabi_cfcmple
                0x0000000010004b34       0x50 CMakeFiles/stepper.dir/home/webius/Desktop/pico-dev/pico/pico-sdk/src/rp2_common/pico_float/float_aeabi.S.obj
                0x0000000010004b34                __wrap___aeabi_cfrcmple
                0x0000000010004b40                __wrap___aeabi_cfcmpeq
                0x0000000010004b40                __wrap___aeabi_cfcmple
 .text.__wrap___aeabi_fcmpge
                0x0000000010004b84       0x10 CMakeFiles/stepper.dir/home/webius/Desktop/pico-dev/pico/pico-sdk/src/rp2_common/pico_float/float_aeabi.S.obj
                0x0000000010004b84                __wrap___aeabi_fcmpge
 .text.__wrap___aeabi_i2f
                0x0000000010004b94       0x44 CMakeFiles/stepper.dir/home/webius/Desktop/pico-dev/pico/pico-sdk/src/rp2_common/pico_float/float_aeabi.S.obj
                0x0000000010004b94                __wrap___aeabi_i2f
 .text.__wrap___aeabi_f2uiz
                0x0000000010004bd8       0x10 CMakeFiles/stepper.dir/home/webius/Desktop/pico-dev/pico/pico-sdk/src/rp2_common/pico_float/float_aeabi.S.obj
                0x0000000010004bd8                __wrap___aeabi_f2uiz
 .text.__aeabi_float_init
                0x0000000010004be8       0xfc CMakeFiles/stepper.dir/home/webius/Desktop/pico-dev/pico/pico-sdk/src/rp2_common/pico_float/float_init_rom.c.obj
                0x0000000010004be8                __aeabi_float_init
 .text.float_table_shim_on_use_helper
                0x0000000010004ce4       0x34 CMakeFiles/stepper.dir/home/webius/Desktop/pico-dev/pico/pico-sdk/src/rp2_common/pico_float/float_v1_rom_shim.S.obj
                0x0000000010004ce4                float_table_shim_on_use_helper
 .text          0x0000000010004d18       0x10 CMakeFiles/stepper.dir/home/webius/Desktop/pico-dev/pico/pico-sdk/src/rp2_common/pico_mem_ops/mem_ops_aeabi.S.obj
                0x0000000010004d18                __aeabi_mem_init
 .text.memset   0x0000000010004d28        0xc CMakeFiles/stepper.dir/home/webius/Desktop/pico-dev/pico/pico-sdk/src/rp2_common/pico_mem_ops/mem_ops_aeabi.S.obj
                0x0000000010004d28                __wrap_memset
 .text.memcpy   0x0000000010004d34        0xc CMakeFiles/stepper.dir/home/webius/Desktop/pico-dev/pico/pico-sdk/src/rp2_common/pico_mem_ops/mem_ops_aeabi.S.obj
                0x0000000010004d34                __wrap___aeabi_memcpy
                0x0000000010004d34                __wrap_memcpy
 .text.stdio_out_chars_no_crlf
                0x0000000010004d40        0xe CMakeFiles/stepper.dir/home/webius/Desktop/pico-dev/pico/pico-sdk/src/rp2_common/pico_stdio/stdio.c.obj
 *fill*         0x0000000010004d4e        0x2 
 .text.stdio_out_chars_crlf
                0x0000000010004d50       0x80 CMakeFiles/stepper.dir/home/webius/Desktop/pico-dev/pico/pico-sdk/src/rp2_common/pico_stdio/stdio.c.obj
 .text.stdio_stack_buffer_flush
                0x0000000010004dd0       0x44 CMakeFiles/stepper.dir/home/webius/Desktop/pico-dev/pico/pico-sdk/src/rp2_common/pico_stdio/stdio.c.obj
 .text.stdio_buffered_printer
                0x0000000010004e14       0x20 CMakeFiles/stepper.dir/home/webius/Desktop/pico-dev/pico/pico-sdk/src/rp2_common/pico_stdio/stdio.c.obj
 .text.stdout_serialize_begin
                0x0000000010004e34       0x5c CMakeFiles/stepper.dir/home/webius/Desktop/pico-dev/pico/pico-sdk/src/rp2_common/pico_stdio/stdio.c.obj
                0x0000000010004e34                stdout_serialize_begin
 .text.stdout_serialize_end
                0x0000000010004e90       0x10 CMakeFiles/stepper.dir/home/webius/Desktop/pico-dev/pico/pico-sdk/src/rp2_common/pico_stdio/stdio.c.obj
                0x0000000010004e90                stdout_serialize_end
 .text.stdio_put_string
                0x0000000010004ea0       0x98 CMakeFiles/stepper.dir/home/webius/Desktop/pico-dev/pico/pico-sdk/src/rp2_common/pico_stdio/stdio.c.obj
 .text.stdio_set_driver_enabled
                0x0000000010004f38       0x2c CMakeFiles/stepper.dir/home/webius/Desktop/pico-dev/pico/pico-sdk/src/rp2_common/pico_stdio/stdio.c.obj
                0x0000000010004f38                stdio_set_driver_enabled
 .text.stdio_flush
                0x0000000010004f64       0x20 CMakeFiles/stepper.dir/home/webius/Desktop/pico-dev/pico/pico-sdk/src/rp2_common/pico_stdio/stdio.c.obj
                0x0000000010004f64                stdio_flush
 .text.__wrap_puts
                0x0000000010004f84       0x1e CMakeFiles/stepper.dir/home/webius/Desktop/pico-dev/pico/pico-sdk/src/rp2_common/pico_stdio/stdio.c.obj
                0x0000000010004f84                __wrap_puts
 *fill*         0x0000000010004fa2        0x2 
 .text.__wrap_vprintf
                0x0000000010004fa4       0x40 CMakeFiles/stepper.dir/home/webius/Desktop/pico-dev/pico/pico-sdk/src/rp2_common/pico_stdio/stdio.c.obj
                0x0000000010004fa4                __wrap_vprintf
 .text.__wrap_printf
                0x0000000010004fe4       0x18 CMakeFiles/stepper.dir/home/webius/Desktop/pico-dev/pico/pico-sdk/src/rp2_common/pico_stdio/stdio.c.obj
                0x0000000010004fe4                __wrap_printf
 .text.stdio_init_all
                0x0000000010004ffc        0x8 CMakeFiles/stepper.dir/home/webius/Desktop/pico-dev/pico/pico-sdk/src/rp2_common/pico_stdio/stdio.c.obj
                0x0000000010004ffc                stdio_init_all
 .text.resetd_init
                0x0000000010005004        0x2 CMakeFiles/stepper.dir/home/webius/Desktop/pico-dev/pico/pico-sdk/src/rp2_common/pico_stdio_usb/reset_interface.c.obj
 *fill*         0x0000000010005006        0x2 
 .text.resetd_reset
                0x0000000010005008        0xc CMakeFiles/stepper.dir/home/webius/Desktop/pico-dev/pico/pico-sdk/src/rp2_common/pico_stdio_usb/reset_interface.c.obj
 .text.resetd_open
                0x0000000010005014       0x34 CMakeFiles/stepper.dir/home/webius/Desktop/pico-dev/pico/pico-sdk/src/rp2_common/pico_stdio_usb/reset_interface.c.obj
 .text.resetd_xfer_cb
                0x0000000010005048        0x4 CMakeFiles/stepper.dir/home/webius/Desktop/pico-dev/pico/pico-sdk/src/rp2_common/pico_stdio_usb/reset_interface.c.obj
 .text.reset_usb_boot
                0x000000001000504c       0x18 CMakeFiles/stepper.dir/home/webius/Desktop/pico-dev/pico/pico-sdk/src/rp2_common/pico_stdio_usb/reset_interface.c.obj
 .text.resetd_control_xfer_cb
                0x0000000010005064       0x5c CMakeFiles/stepper.dir/home/webius/Desktop/pico-dev/pico/pico-sdk/src/rp2_common/pico_stdio_usb/reset_interface.c.obj
 .text.usbd_app_driver_get_cb
                0x00000000100050c0        0xc CMakeFiles/stepper.dir/home/webius/Desktop/pico-dev/pico/pico-sdk/src/rp2_common/pico_stdio_usb/reset_interface.c.obj
                0x00000000100050c0                usbd_app_driver_get_cb
 .text.tud_cdc_line_coding_cb
                0x00000000100050cc       0x28 CMakeFiles/stepper.dir/home/webius/Desktop/pico-dev/pico/pico-sdk/src/rp2_common/pico_stdio_usb/reset_interface.c.obj
                0x00000000100050cc                tud_cdc_line_coding_cb
 .text.stdio_usb_set_chars_available_callback
                0x00000000100050f4       0x14 CMakeFiles/stepper.dir/home/webius/Desktop/pico-dev/pico/pico-sdk/src/rp2_common/pico_stdio_usb/stdio_usb.c.obj
                0x00000000100050f4                stdio_usb_set_chars_available_callback
 .text.usb_irq  0x0000000010005108       0x10 CMakeFiles/stepper.dir/home/webius/Desktop/pico-dev/pico/pico-sdk/src/rp2_common/pico_stdio_usb/stdio_usb.c.obj
 .text.timer_task
                0x0000000010005118       0x5c CMakeFiles/stepper.dir/home/webius/Desktop/pico-dev/pico/pico-sdk/src/rp2_common/pico_stdio_usb/stdio_usb.c.obj
 .text.low_priority_worker_irq
                0x0000000010005174       0xdc CMakeFiles/stepper.dir/home/webius/Desktop/pico-dev/pico/pico-sdk/src/rp2_common/pico_stdio_usb/stdio_usb.c.obj
 .text.tud_cdc_rx_cb
                0x0000000010005250       0x20 CMakeFiles/stepper.dir/home/webius/Desktop/pico-dev/pico/pico-sdk/src/rp2_common/pico_stdio_usb/stdio_usb.c.obj
                0x0000000010005250                tud_cdc_rx_cb
 .text.stdio_usb_init
                0x0000000010005270      0x11c CMakeFiles/stepper.dir/home/webius/Desktop/pico-dev/pico/pico-sdk/src/rp2_common/pico_stdio_usb/stdio_usb.c.obj
                0x0000000010005270                stdio_usb_init
 .text.stdio_usb_connected
                0x000000001000538c        0xa CMakeFiles/stepper.dir/home/webius/Desktop/pico-dev/pico/pico-sdk/src/rp2_common/pico_stdio_usb/stdio_usb.c.obj
                0x000000001000538c                stdio_usb_connected
 *fill*         0x0000000010005396        0x2 
 .text.stdio_usb_in_chars
                0x0000000010005398       0xc4 CMakeFiles/stepper.dir/home/webius/Desktop/pico-dev/pico/pico-sdk/src/rp2_common/pico_stdio_usb/stdio_usb.c.obj
                0x0000000010005398                stdio_usb_in_chars
 .text.stdio_usb_out_chars
                0x000000001000545c      0x114 CMakeFiles/stepper.dir/home/webius/Desktop/pico-dev/pico/pico-sdk/src/rp2_common/pico_stdio_usb/stdio_usb.c.obj
 .text.tud_descriptor_device_cb
                0x0000000010005570        0x8 CMakeFiles/stepper.dir/home/webius/Desktop/pico-dev/pico/pico-sdk/src/rp2_common/pico_stdio_usb/stdio_usb_descriptors.c.obj
                0x0000000010005570                tud_descriptor_device_cb
 .text.tud_descriptor_configuration_cb
                0x0000000010005578        0x8 CMakeFiles/stepper.dir/home/webius/Desktop/pico-dev/pico/pico-sdk/src/rp2_common/pico_stdio_usb/stdio_usb_descriptors.c.obj
                0x0000000010005578                tud_descriptor_configuration_cb
 .text.tud_descriptor_string_cb
                0x0000000010005580       0x6c CMakeFiles/stepper.dir/home/webius/Desktop/pico-dev/pico/pico-sdk/src/rp2_common/pico_stdio_usb/stdio_usb_descriptors.c.obj
                0x0000000010005580                tud_descriptor_string_cb
 .text._retrieve_unique_id_on_boot
                0x00000000100055ec       0x10 CMakeFiles/stepper.dir/home/webius/Desktop/pico-dev/pico/pico-sdk/src/rp2_common/pico_unique_id/unique_id.c.obj
 .text.pico_get_unique_board_id_string
                0x00000000100055fc       0x60 CMakeFiles/stepper.dir/home/webius/Desktop/pico-dev/pico/pico-sdk/src/rp2_common/pico_unique_id/unique_id.c.obj
                0x00000000100055fc                pico_get_unique_board_id_string
 .text.flash_get_unique_id
                0x000000001000565c       0x46 CMakeFiles/stepper.dir/home/webius/Desktop/pico-dev/pico/pico-sdk/src/rp2_common/hardware_flash/flash.c.obj
                0x000000001000565c                flash_get_unique_id
 *fill*         0x00000000100056a2        0x2 
 .text.hw_endpoint_get_by_addr
                0x00000000100056a4       0x18 CMakeFiles/stepper.dir/home/webius/Desktop/pico-dev/pico/pico-sdk/lib/tinyusb/src/portable/raspberrypi/rp2040/dcd_rp2040.c.obj
 .text._hw_endpoint_alloc
                0x00000000100056bc       0x70 CMakeFiles/stepper.dir/home/webius/Desktop/pico-dev/pico/pico-sdk/lib/tinyusb/src/portable/raspberrypi/rp2040/dcd_rp2040.c.obj
 .text.hw_endpoint_init
                0x000000001000572c       0x88 CMakeFiles/stepper.dir/home/webius/Desktop/pico-dev/pico/pico-sdk/lib/tinyusb/src/portable/raspberrypi/rp2040/dcd_rp2040.c.obj
 .text.hw_endpoint_xfer
                0x00000000100057b4       0x14 CMakeFiles/stepper.dir/home/webius/Desktop/pico-dev/pico/pico-sdk/lib/tinyusb/src/portable/raspberrypi/rp2040/dcd_rp2040.c.obj
 .text.dcd_int_enable
                0x00000000100057c8       0x2c CMakeFiles/stepper.dir/home/webius/Desktop/pico-dev/pico/pico-sdk/lib/tinyusb/src/portable/raspberrypi/rp2040/dcd_rp2040.c.obj
                0x00000000100057c8                dcd_int_enable
 .text.dcd_set_address
                0x00000000100057f4       0x2c CMakeFiles/stepper.dir/home/webius/Desktop/pico-dev/pico/pico-sdk/lib/tinyusb/src/portable/raspberrypi/rp2040/dcd_rp2040.c.obj
                0x00000000100057f4                dcd_set_address
 .text.dcd_connect
                0x0000000010005820       0x10 CMakeFiles/stepper.dir/home/webius/Desktop/pico-dev/pico/pico-sdk/lib/tinyusb/src/portable/raspberrypi/rp2040/dcd_rp2040.c.obj
                0x0000000010005820                dcd_connect
 .text.dcd_init
                0x0000000010005830       0x80 CMakeFiles/stepper.dir/home/webius/Desktop/pico-dev/pico/pico-sdk/lib/tinyusb/src/portable/raspberrypi/rp2040/dcd_rp2040.c.obj
                0x0000000010005830                dcd_init
 .text.dcd_edpt0_status_complete
                0x00000000100058b0       0x1c CMakeFiles/stepper.dir/home/webius/Desktop/pico-dev/pico/pico-sdk/lib/tinyusb/src/portable/raspberrypi/rp2040/dcd_rp2040.c.obj
                0x00000000100058b0                dcd_edpt0_status_complete
 .text.dcd_edpt_open
                0x00000000100058cc       0x40 CMakeFiles/stepper.dir/home/webius/Desktop/pico-dev/pico/pico-sdk/lib/tinyusb/src/portable/raspberrypi/rp2040/dcd_rp2040.c.obj
                0x00000000100058cc                dcd_edpt_open
 .text.dcd_edpt_close_all
                0x000000001000590c        0x8 CMakeFiles/stepper.dir/home/webius/Desktop/pico-dev/pico/pico-sdk/lib/tinyusb/src/portable/raspberrypi/rp2040/dcd_rp2040.c.obj
                0x000000001000590c                dcd_edpt_close_all
 .text.dcd_edpt_xfer
                0x0000000010005914       0x34 CMakeFiles/stepper.dir/home/webius/Desktop/pico-dev/pico/pico-sdk/lib/tinyusb/src/portable/raspberrypi/rp2040/dcd_rp2040.c.obj
                0x0000000010005914                dcd_edpt_xfer
 .text.dcd_edpt_stall
                0x0000000010005948       0x2c CMakeFiles/stepper.dir/home/webius/Desktop/pico-dev/pico/pico-sdk/lib/tinyusb/src/portable/raspberrypi/rp2040/dcd_rp2040.c.obj
                0x0000000010005948                dcd_edpt_stall
 .text.dcd_edpt_clear_stall
                0x0000000010005974       0x20 CMakeFiles/stepper.dir/home/webius/Desktop/pico-dev/pico/pico-sdk/lib/tinyusb/src/portable/raspberrypi/rp2040/dcd_rp2040.c.obj
                0x0000000010005974                dcd_edpt_clear_stall
 .text.rp2040_usb_init
                0x0000000010005994       0x4c CMakeFiles/stepper.dir/home/webius/Desktop/pico-dev/pico/pico-sdk/lib/tinyusb/src/portable/raspberrypi/rp2040/rp2040_usb.c.obj
                0x0000000010005994                rp2040_usb_init
 .text.hw_endpoint_xfer_start
                0x00000000100059e0       0x50 CMakeFiles/stepper.dir/home/webius/Desktop/pico-dev/pico/pico-sdk/lib/tinyusb/src/portable/raspberrypi/rp2040/rp2040_usb.c.obj
                0x00000000100059e0                hw_endpoint_xfer_start
 .text.configuration_reset
                0x0000000010005a30       0x84 CMakeFiles/stepper.dir/home/webius/Desktop/pico-dev/pico/pico-sdk/lib/tinyusb/src/device/usbd.c.obj
 .text.usbd_reset
                0x0000000010005ab4        0xc CMakeFiles/stepper.dir/home/webius/Desktop/pico-dev/pico/pico-sdk/lib/tinyusb/src/device/usbd.c.obj
 .text.invoke_class_control
                0x0000000010005ac0       0x1a CMakeFiles/stepper.dir/home/webius/Desktop/pico-dev/pico/pico-sdk/lib/tinyusb/src/device/usbd.c.obj
 *fill*         0x0000000010005ada        0x2 
 .text.process_set_config
                0x0000000010005adc      0x178 CMakeFiles/stepper.dir/home/webius/Desktop/pico-dev/pico/pico-sdk/lib/tinyusb/src/device/usbd.c.obj
 .text.process_get_descriptor
                0x0000000010005c54       0xdc CMakeFiles/stepper.dir/home/webius/Desktop/pico-dev/pico/pico-sdk/lib/tinyusb/src/device/usbd.c.obj
 .text.tud_mounted
                0x0000000010005d30       0x10 CMakeFiles/stepper.dir/home/webius/Desktop/pico-dev/pico/pico-sdk/lib/tinyusb/src/device/usbd.c.obj
                0x0000000010005d30                tud_mounted
 .text.tud_suspended
                0x0000000010005d40       0x10 CMakeFiles/stepper.dir/home/webius/Desktop/pico-dev/pico/pico-sdk/lib/tinyusb/src/device/usbd.c.obj
                0x0000000010005d40                tud_suspended
 .text.tud_inited
                0x0000000010005d50       0x14 CMakeFiles/stepper.dir/home/webius/Desktop/pico-dev/pico/pico-sdk/lib/tinyusb/src/device/usbd.c.obj
                0x0000000010005d50                tud_inited
 .text.tud_init
                0x0000000010005d64       0xcc CMakeFiles/stepper.dir/home/webius/Desktop/pico-dev/pico/pico-sdk/lib/tinyusb/src/device/usbd.c.obj
                0x0000000010005d64                tud_init
 .text.usbd_defer_func
                0x0000000010005e30       0x2a CMakeFiles/stepper.dir/home/webius/Desktop/pico-dev/pico/pico-sdk/lib/tinyusb/src/device/usbd.c.obj
                0x0000000010005e30                usbd_defer_func
 *fill*         0x0000000010005e5a        0x2 
 .text.usbd_edpt_open
                0x0000000010005e5c       0x34 CMakeFiles/stepper.dir/home/webius/Desktop/pico-dev/pico/pico-sdk/lib/tinyusb/src/device/usbd.c.obj
                0x0000000010005e5c                usbd_edpt_open
 .text.usbd_open_edpt_pair
                0x0000000010005e90       0x62 CMakeFiles/stepper.dir/home/webius/Desktop/pico-dev/pico/pico-sdk/lib/tinyusb/src/device/usbd.c.obj
                0x0000000010005e90                usbd_open_edpt_pair
 *fill*         0x0000000010005ef2        0x2 
 .text.usbd_edpt_claim
                0x0000000010005ef4       0x28 CMakeFiles/stepper.dir/home/webius/Desktop/pico-dev/pico/pico-sdk/lib/tinyusb/src/device/usbd.c.obj
                0x0000000010005ef4                usbd_edpt_claim
 .text.usbd_edpt_release
                0x0000000010005f1c       0x28 CMakeFiles/stepper.dir/home/webius/Desktop/pico-dev/pico/pico-sdk/lib/tinyusb/src/device/usbd.c.obj
                0x0000000010005f1c                usbd_edpt_release
 .text.usbd_edpt_xfer
                0x0000000010005f44       0x78 CMakeFiles/stepper.dir/home/webius/Desktop/pico-dev/pico/pico-sdk/lib/tinyusb/src/device/usbd.c.obj
                0x0000000010005f44                usbd_edpt_xfer
 .text.usbd_edpt_stall
                0x0000000010005fbc       0x48 CMakeFiles/stepper.dir/home/webius/Desktop/pico-dev/pico/pico-sdk/lib/tinyusb/src/device/usbd.c.obj
                0x0000000010005fbc                usbd_edpt_stall
 .text.usbd_edpt_clear_stall
                0x0000000010006004       0x48 CMakeFiles/stepper.dir/home/webius/Desktop/pico-dev/pico/pico-sdk/lib/tinyusb/src/device/usbd.c.obj
                0x0000000010006004                usbd_edpt_clear_stall
 .text.usbd_edpt_stalled
                0x000000001000604c       0x1c CMakeFiles/stepper.dir/home/webius/Desktop/pico-dev/pico/pico-sdk/lib/tinyusb/src/device/usbd.c.obj
                0x000000001000604c                usbd_edpt_stalled
 .text.process_control_request
                0x0000000010006068      0x37c CMakeFiles/stepper.dir/home/webius/Desktop/pico-dev/pico/pico-sdk/lib/tinyusb/src/device/usbd.c.obj
 .text.tud_task_ext
                0x00000000100063e4      0x1b8 CMakeFiles/stepper.dir/home/webius/Desktop/pico-dev/pico/pico-sdk/lib/tinyusb/src/device/usbd.c.obj
                0x00000000100063e4                tud_task_ext
 .text._data_stage_xact
                0x000000001000659c       0x58 CMakeFiles/stepper.dir/home/webius/Desktop/pico-dev/pico/pico-sdk/lib/tinyusb/src/device/usbd_control.c.obj
 .text.tud_control_status
                0x00000000100065f4       0x38 CMakeFiles/stepper.dir/home/webius/Desktop/pico-dev/pico/pico-sdk/lib/tinyusb/src/device/usbd_control.c.obj
                0x00000000100065f4                tud_control_status
 .text.tud_control_xfer
                0x000000001000662c       0x74 CMakeFiles/stepper.dir/home/webius/Desktop/pico-dev/pico/pico-sdk/lib/tinyusb/src/device/usbd_control.c.obj
                0x000000001000662c                tud_control_xfer
 .text.usbd_control_reset
                0x00000000100066a0       0x14 CMakeFiles/stepper.dir/home/webius/Desktop/pico-dev/pico/pico-sdk/lib/tinyusb/src/device/usbd_control.c.obj
                0x00000000100066a0                usbd_control_reset
 .text.usbd_control_set_complete_callback
                0x00000000100066b4        0xc CMakeFiles/stepper.dir/home/webius/Desktop/pico-dev/pico/pico-sdk/lib/tinyusb/src/device/usbd_control.c.obj
                0x00000000100066b4                usbd_control_set_complete_callback
 .text.usbd_control_set_request
                0x00000000100066c0       0x1c CMakeFiles/stepper.dir/home/webius/Desktop/pico-dev/pico/pico-sdk/lib/tinyusb/src/device/usbd_control.c.obj
                0x00000000100066c0                usbd_control_set_request
 .text.usbd_control_xfer_cb
                0x00000000100066dc       0xcc CMakeFiles/stepper.dir/home/webius/Desktop/pico-dev/pico/pico-sdk/lib/tinyusb/src/device/usbd_control.c.obj
                0x00000000100066dc                usbd_control_xfer_cb
 .text._prep_out_transaction
                0x00000000100067a8       0x4a CMakeFiles/stepper.dir/home/webius/Desktop/pico-dev/pico/pico-sdk/lib/tinyusb/src/class/cdc/cdc_device.c.obj
 *fill*         0x00000000100067f2        0x2 
 .text.tud_cdc_n_connected
                0x00000000100067f4       0x44 CMakeFiles/stepper.dir/home/webius/Desktop/pico-dev/pico/pico-sdk/lib/tinyusb/src/class/cdc/cdc_device.c.obj
                0x00000000100067f4                tud_cdc_n_connected
 .text.tud_cdc_n_available
                0x0000000010006838       0x18 CMakeFiles/stepper.dir/home/webius/Desktop/pico-dev/pico/pico-sdk/lib/tinyusb/src/class/cdc/cdc_device.c.obj
                0x0000000010006838                tud_cdc_n_available
 .text.tud_cdc_n_read
                0x0000000010006850       0x28 CMakeFiles/stepper.dir/home/webius/Desktop/pico-dev/pico/pico-sdk/lib/tinyusb/src/class/cdc/cdc_device.c.obj
                0x0000000010006850                tud_cdc_n_read
 .text.tud_cdc_n_write_flush
                0x0000000010006878       0xb8 CMakeFiles/stepper.dir/home/webius/Desktop/pico-dev/pico/pico-sdk/lib/tinyusb/src/class/cdc/cdc_device.c.obj
                0x0000000010006878                tud_cdc_n_write_flush
 .text.tud_cdc_n_write
                0x0000000010006930       0x38 CMakeFiles/stepper.dir/home/webius/Desktop/pico-dev/pico/pico-sdk/lib/tinyusb/src/class/cdc/cdc_device.c.obj
                0x0000000010006930                tud_cdc_n_write
 .text.tud_cdc_n_write_available
                0x0000000010006968       0x1c CMakeFiles/stepper.dir/home/webius/Desktop/pico-dev/pico/pico-sdk/lib/tinyusb/src/class/cdc/cdc_device.c.obj
                0x0000000010006968                tud_cdc_n_write_available
 .text.cdcd_init
                0x0000000010006984       0xbc CMakeFiles/stepper.dir/home/webius/Desktop/pico-dev/pico/pico-sdk/lib/tinyusb/src/class/cdc/cdc_device.c.obj
                0x0000000010006984                cdcd_init
 .text.cdcd_reset
                0x0000000010006a40       0x44 CMakeFiles/stepper.dir/home/webius/Desktop/pico-dev/pico/pico-sdk/lib/tinyusb/src/class/cdc/cdc_device.c.obj
                0x0000000010006a40                cdcd_reset
 .text.cdcd_open
                0x0000000010006a84       0xcc CMakeFiles/stepper.dir/home/webius/Desktop/pico-dev/pico/pico-sdk/lib/tinyusb/src/class/cdc/cdc_device.c.obj
                0x0000000010006a84                cdcd_open
 .text.cdcd_control_xfer_cb
                0x0000000010006b50      0x134 CMakeFiles/stepper.dir/home/webius/Desktop/pico-dev/pico/pico-sdk/lib/tinyusb/src/class/cdc/cdc_device.c.obj
                0x0000000010006b50                cdcd_control_xfer_cb
 .text.cdcd_xfer_cb
                0x0000000010006c84      0x130 CMakeFiles/stepper.dir/home/webius/Desktop/pico-dev/pico/pico-sdk/lib/tinyusb/src/class/cdc/cdc_device.c.obj
                0x0000000010006c84                cdcd_xfer_cb
 .text.tusb_init
                0x0000000010006db4        0xa CMakeFiles/stepper.dir/home/webius/Desktop/pico-dev/pico/pico-sdk/lib/tinyusb/src/tusb.c.obj
                0x0000000010006db4                tusb_init
 .text.tusb_inited
                0x0000000010006dbe        0xe CMakeFiles/stepper.dir/home/webius/Desktop/pico-dev/pico/pico-sdk/lib/tinyusb/src/tusb.c.obj
                0x0000000010006dbe                tusb_inited
 .text.tu_edpt_claim
                0x0000000010006dcc       0x50 CMakeFiles/stepper.dir/home/webius/Desktop/pico-dev/pico/pico-sdk/lib/tinyusb/src/tusb.c.obj
                0x0000000010006dcc                tu_edpt_claim
 .text.tu_edpt_release
                0x0000000010006e1c       0x3c CMakeFiles/stepper.dir/home/webius/Desktop/pico-dev/pico/pico-sdk/lib/tinyusb/src/tusb.c.obj
                0x0000000010006e1c                tu_edpt_release
 .text.tu_edpt_validate
                0x0000000010006e58       0x78 CMakeFiles/stepper.dir/home/webius/Desktop/pico-dev/pico/pico-sdk/lib/tinyusb/src/tusb.c.obj
                0x0000000010006e58                tu_edpt_validate
 .text.tu_edpt_bind_driver
                0x0000000010006ed0       0x26 CMakeFiles/stepper.dir/home/webius/Desktop/pico-dev/pico/pico-sdk/lib/tinyusb/src/tusb.c.obj
                0x0000000010006ed0                tu_edpt_bind_driver
 .text.advance_index
                0x0000000010006ef6       0x1a CMakeFiles/stepper.dir/home/webius/Desktop/pico-dev/pico/pico-sdk/lib/tinyusb/src/common/tusb_fifo.c.obj
 .text._tu_fifo_peek
                0x0000000010006f10       0x56 CMakeFiles/stepper.dir/home/webius/Desktop/pico-dev/pico/pico-sdk/lib/tinyusb/src/common/tusb_fifo.c.obj
 .text._ff_pull_const_addr
                0x0000000010006f66       0x4c CMakeFiles/stepper.dir/home/webius/Desktop/pico-dev/pico/pico-sdk/lib/tinyusb/src/common/tusb_fifo.c.obj
 .text._ff_pull_n
                0x0000000010006fb2      0x110 CMakeFiles/stepper.dir/home/webius/Desktop/pico-dev/pico/pico-sdk/lib/tinyusb/src/common/tusb_fifo.c.obj
 .text._tu_fifo_peek_n
                0x00000000100070c2       0x6a CMakeFiles/stepper.dir/home/webius/Desktop/pico-dev/pico/pico-sdk/lib/tinyusb/src/common/tusb_fifo.c.obj
 .text._tu_fifo_read_n
                0x000000001000712c       0x4e CMakeFiles/stepper.dir/home/webius/Desktop/pico-dev/pico/pico-sdk/lib/tinyusb/src/common/tusb_fifo.c.obj
 .text._ff_push_const_addr
                0x000000001000717a       0x40 CMakeFiles/stepper.dir/home/webius/Desktop/pico-dev/pico/pico-sdk/lib/tinyusb/src/common/tusb_fifo.c.obj
 .text._ff_push_n
                0x00000000100071ba      0x10c CMakeFiles/stepper.dir/home/webius/Desktop/pico-dev/pico/pico-sdk/lib/tinyusb/src/common/tusb_fifo.c.obj
 .text._tu_fifo_write_n
                0x00000000100072c6       0xf0 CMakeFiles/stepper.dir/home/webius/Desktop/pico-dev/pico/pico-sdk/lib/tinyusb/src/common/tusb_fifo.c.obj
 .text.tu_fifo_config
                0x00000000100073b6       0x7c CMakeFiles/stepper.dir/home/webius/Desktop/pico-dev/pico/pico-sdk/lib/tinyusb/src/common/tusb_fifo.c.obj
                0x00000000100073b6                tu_fifo_config
 .text.tu_fifo_count
                0x0000000010007432       0x2a CMakeFiles/stepper.dir/home/webius/Desktop/pico-dev/pico/pico-sdk/lib/tinyusb/src/common/tusb_fifo.c.obj
                0x0000000010007432                tu_fifo_count
 .text.tu_fifo_empty
                0x000000001000745c       0x10 CMakeFiles/stepper.dir/home/webius/Desktop/pico-dev/pico/pico-sdk/lib/tinyusb/src/common/tusb_fifo.c.obj
                0x000000001000745c                tu_fifo_empty
 .text.tu_fifo_full
                0x000000001000746c       0x28 CMakeFiles/stepper.dir/home/webius/Desktop/pico-dev/pico/pico-sdk/lib/tinyusb/src/common/tusb_fifo.c.obj
                0x000000001000746c                tu_fifo_full
 .text.tu_fifo_remaining
                0x0000000010007494       0x2c CMakeFiles/stepper.dir/home/webius/Desktop/pico-dev/pico/pico-sdk/lib/tinyusb/src/common/tusb_fifo.c.obj
                0x0000000010007494                tu_fifo_remaining
 .text.tu_fifo_read
                0x00000000100074c0       0x42 CMakeFiles/stepper.dir/home/webius/Desktop/pico-dev/pico/pico-sdk/lib/tinyusb/src/common/tusb_fifo.c.obj
                0x00000000100074c0                tu_fifo_read
 .text.tu_fifo_read_n
                0x0000000010007502        0xa CMakeFiles/stepper.dir/home/webius/Desktop/pico-dev/pico/pico-sdk/lib/tinyusb/src/common/tusb_fifo.c.obj
                0x0000000010007502                tu_fifo_read_n
 .text.tu_fifo_write
                0x000000001000750c       0x64 CMakeFiles/stepper.dir/home/webius/Desktop/pico-dev/pico/pico-sdk/lib/tinyusb/src/common/tusb_fifo.c.obj
                0x000000001000750c                tu_fifo_write
 .text.tu_fifo_write_n
                0x0000000010007570        0xa CMakeFiles/stepper.dir/home/webius/Desktop/pico-dev/pico/pico-sdk/lib/tinyusb/src/common/tusb_fifo.c.obj
                0x0000000010007570                tu_fifo_write_n
 .text.tu_fifo_clear
                0x000000001000757a       0x3e CMakeFiles/stepper.dir/home/webius/Desktop/pico-dev/pico/pico-sdk/lib/tinyusb/src/common/tusb_fifo.c.obj
                0x000000001000757a                tu_fifo_clear
 .text.tu_fifo_set_overwritable
                0x00000000100075b8       0x46 CMakeFiles/stepper.dir/home/webius/Desktop/pico-dev/pico/pico-sdk/lib/tinyusb/src/common/tusb_fifo.c.obj
                0x00000000100075b8                tu_fifo_set_overwritable
 *fill*         0x00000000100075fe        0x2 
 .text          0x0000000010007600       0x5c /usr/lib/gcc/arm-none-eabi/10.3.1/../../../arm-none-eabi/lib/thumb/v6-m/nofp/libg.a(lib_a-strlen-stub.o)
                0x0000000010007600                strlen
 *(.fini)
 .fini          0x000000001000765c        0x4 /usr/lib/gcc/arm-none-eabi/10.3.1/thumb/v6-m/nofp/crti.o
                0x000000001000765c                _fini
 .fini.__stub   0x0000000010007660       0xe0 linker stubs
 *crtbegin.o(.ctors)
 *crtbegin?.o(.ctors)
 *(EXCLUDE_FILE(*crtend.o *crtend?.o) .ctors)
 *(SORT_BY_NAME(.ctors.*))
 *(.ctors)
 *crtbegin.o(.dtors)
 *crtbegin?.o(.dtors)
 *(EXCLUDE_FILE(*crtend.o *crtend?.o) .dtors)
 *(SORT_BY_NAME(.dtors.*))
 *(.dtors)
 *(.eh_frame*)
 .eh_frame      0x0000000010007740        0x0 /usr/lib/gcc/arm-none-eabi/10.3.1/thumb/v6-m/nofp/crtbegin.o
                0x0000000010007740                . = ALIGN (0x4)

.glue_7         0x0000000010007740        0x0
 .glue_7        0x0000000010007740        0x0 linker stubs

.glue_7t        0x0000000010007740        0x0
 .glue_7t       0x0000000010007740        0x0 linker stubs

.vfp11_veneer   0x0000000010007740        0x0
 .vfp11_veneer  0x0000000010007740        0x0 linker stubs

.v4_bx          0x0000000010007740        0x0
 .v4_bx         0x0000000010007740        0x0 linker stubs

.iplt           0x0000000010007740        0x0
 .iplt          0x0000000010007740        0x0 /usr/lib/gcc/arm-none-eabi/10.3.1/thumb/v6-m/nofp/crtbegin.o

.rodata         0x0000000010007740     0x17c4
 *(EXCLUDE_FILE(*libm.a: *libc.a:*lib_a-mem*.o *libgcc.a:) .rodata*)
 .rodata.main.str1.4
                0x0000000010007740        0xd CMakeFiles/stepper.dir/main.cpp.obj
 *fill*         0x000000001000774d        0x3 
 .rodata._ZN7TMC2209C2EP9uart_instlh.str1.4
                0x0000000010007750       0x2b CMakeFiles/stepper.dir/TMC2209.cpp.obj
 *fill*         0x000000001000777b        0x1 
 .rodata._ZN7TMC220919_send_bidirectionalER8Datagram.str1.4
                0x000000001000777c       0x59 CMakeFiles/stepper.dir/TMC2209.cpp.obj
 *fill*         0x00000000100077d5        0x3 
 .rodata._ZN7TMC220916set_irun_percentEh.str1.4
                0x00000000100077d8       0x22 CMakeFiles/stepper.dir/TMC2209.cpp.obj
 *fill*         0x00000000100077fa        0x2 
 .rodata._ZN7TMC22094readEh.str1.4
                0x00000000100077fc       0x79 CMakeFiles/stepper.dir/TMC2209.cpp.obj
 *fill*         0x0000000010007875        0x3 
 .rodata.spin_lock_claim_unused.str1.4
                0x0000000010007878       0x1b CMakeFiles/stepper.dir/home/webius/Desktop/pico-dev/pico/pico-sdk/src/rp2_common/hardware_sync/sync.c.obj
 *fill*         0x0000000010007893        0x1 
 .rodata.make_branch.str1.4
                0x0000000010007894       0x7e CMakeFiles/stepper.dir/home/webius/Desktop/pico-dev/pico/pico-sdk/src/rp2_common/hardware_irq/irq.c.obj
 *fill*         0x0000000010007912        0x2 
 .rodata.insert_branch_and_link.str1.4
                0x0000000010007914       0x10 CMakeFiles/stepper.dir/home/webius/Desktop/pico-dev/pico/pico-sdk/src/rp2_common/hardware_irq/irq.c.obj
 .rodata.irq_set_exclusive_handler.str1.4
                0x0000000010007924       0x36 CMakeFiles/stepper.dir/home/webius/Desktop/pico-dev/pico/pico-sdk/src/rp2_common/hardware_irq/irq.c.obj
 *fill*         0x000000001000795a        0x2 
 .rodata.irq_add_shared_handler.str1.4
                0x000000001000795c       0xd9 CMakeFiles/stepper.dir/home/webius/Desktop/pico-dev/pico/pico-sdk/src/rp2_common/hardware_irq/irq.c.obj
 *fill*         0x0000000010007a35        0x3 
 .rodata.irq_remove_handler.str1.4
                0x0000000010007a38       0x3a CMakeFiles/stepper.dir/home/webius/Desktop/pico-dev/pico/pico-sdk/src/rp2_common/hardware_irq/irq.c.obj
 *fill*         0x0000000010007a72        0x2 
 .rodata.irq_add_tail_to_free_list.str1.4
                0x0000000010007a74       0x3a CMakeFiles/stepper.dir/home/webius/Desktop/pico-dev/pico/pico-sdk/src/rp2_common/hardware_irq/irq.c.obj
 *fill*         0x0000000010007aae        0x2 
 .rodata.user_irq_claim_unused.str1.4
                0x0000000010007ab0       0x1b CMakeFiles/stepper.dir/home/webius/Desktop/pico-dev/pico/pico-sdk/src/rp2_common/hardware_irq/irq.c.obj
 *fill*         0x0000000010007acb        0x1 
 .rodata.__func__.0
                0x0000000010007acc       0x1a CMakeFiles/stepper.dir/home/webius/Desktop/pico-dev/pico/pico-sdk/src/rp2_common/hardware_irq/irq.c.obj
 *fill*         0x0000000010007ae6        0x2 
 .rodata.__func__.1
                0x0000000010007ae8       0x17 CMakeFiles/stepper.dir/home/webius/Desktop/pico-dev/pico/pico-sdk/src/rp2_common/hardware_irq/irq.c.obj
 *fill*         0x0000000010007aff        0x1 
 .rodata.__func__.2
                0x0000000010007b00       0x13 CMakeFiles/stepper.dir/home/webius/Desktop/pico-dev/pico/pico-sdk/src/rp2_common/hardware_irq/irq.c.obj
 *fill*         0x0000000010007b13        0x1 
 .rodata.__func__.3
                0x0000000010007b14        0xc CMakeFiles/stepper.dir/home/webius/Desktop/pico-dev/pico/pico-sdk/src/rp2_common/hardware_irq/irq.c.obj
 .rodata.__func__.4
                0x0000000010007b20        0xf CMakeFiles/stepper.dir/home/webius/Desktop/pico-dev/pico/pico-sdk/src/rp2_common/hardware_irq/irq.c.obj
 *fill*         0x0000000010007b2f        0x1 
 .rodata.__func__.5
                0x0000000010007b30       0x17 CMakeFiles/stepper.dir/home/webius/Desktop/pico-dev/pico/pico-sdk/src/rp2_common/hardware_irq/irq.c.obj
 *fill*         0x0000000010007b47        0x1 
 .rodata.__func__.6
                0x0000000010007b48       0x1a CMakeFiles/stepper.dir/home/webius/Desktop/pico-dev/pico/pico-sdk/src/rp2_common/hardware_irq/irq.c.obj
 *fill*         0x0000000010007b62        0x2 
 .rodata.str1.4
                0x0000000010007b64      0x111 CMakeFiles/stepper.dir/home/webius/Desktop/pico-dev/pico/pico-sdk/src/common/pico_sync/mutex.c.obj
 *fill*         0x0000000010007c75        0x3 
 .rodata.__func__.1
                0x0000000010007c78        0xb CMakeFiles/stepper.dir/home/webius/Desktop/pico-dev/pico/pico-sdk/src/common/pico_sync/mutex.c.obj
 *fill*         0x0000000010007c83        0x1 
 .rodata.__func__.3
                0x0000000010007c84       0x18 CMakeFiles/stepper.dir/home/webius/Desktop/pico-dev/pico/pico-sdk/src/common/pico_sync/mutex.c.obj
 .rodata.__func__.4
                0x0000000010007c9c       0x15 CMakeFiles/stepper.dir/home/webius/Desktop/pico-dev/pico/pico-sdk/src/common/pico_sync/mutex.c.obj
 *fill*         0x0000000010007cb1        0x3 
 .rodata.repeating_timer_callback.str1.4
                0x0000000010007cb4       0x5c CMakeFiles/stepper.dir/home/webius/Desktop/pico-dev/pico/pico-sdk/src/common/pico_time/time.c.obj
 .rodata.timer_pool_entry_comparator.str1.4
                0x0000000010007d10       0x22 CMakeFiles/stepper.dir/home/webius/Desktop/pico-dev/pico/pico-sdk/src/common/pico_time/time.c.obj
 *fill*         0x0000000010007d32        0x2 
 .rodata.ph_add_child_node.str1.4
                0x0000000010007d34       0xa6 CMakeFiles/stepper.dir/home/webius/Desktop/pico-dev/pico/pico-sdk/src/common/pico_time/time.c.obj
 *fill*         0x0000000010007dda        0x2 
 .rodata.add_alarm_under_lock.str1.4
                0x0000000010007ddc       0x28 CMakeFiles/stepper.dir/home/webius/Desktop/pico-dev/pico/pico-sdk/src/common/pico_time/time.c.obj
                                         0x2b (size before relaxing)
 .rodata.alarm_pool_alarm_callback.str1.4
                0x0000000010007e04       0x98 CMakeFiles/stepper.dir/home/webius/Desktop/pico-dev/pico/pico-sdk/src/common/pico_time/time.c.obj
                                        0x10c (size before relaxing)
 .rodata.alarm_pool_get_default.str1.4
                0x0000000010007e9c       0x21 CMakeFiles/stepper.dir/home/webius/Desktop/pico-dev/pico/pico-sdk/src/common/pico_time/time.c.obj
 *fill*         0x0000000010007ebd        0x3 
 .rodata.alarm_pool_cancel_alarm.str1.4
                0x0000000010007ec0       0x27 CMakeFiles/stepper.dir/home/webius/Desktop/pico-dev/pico/pico-sdk/src/common/pico_time/time.c.obj
 *fill*         0x0000000010007ee7        0x1 
 .rodata.sleep_until.str1.4
                0x0000000010007ee8       0x4d CMakeFiles/stepper.dir/home/webius/Desktop/pico-dev/pico/pico-sdk/src/common/pico_time/time.c.obj
 *fill*         0x0000000010007f35        0x3 
 .rodata.__func__.1
                0x0000000010007f38       0x18 CMakeFiles/stepper.dir/home/webius/Desktop/pico-dev/pico/pico-sdk/src/common/pico_time/time.c.obj
 .rodata.__func__.10
                0x0000000010007f50       0x15 CMakeFiles/stepper.dir/home/webius/Desktop/pico-dev/pico/pico-sdk/src/common/pico_time/time.c.obj
 *fill*         0x0000000010007f65        0x3 
 .rodata.__func__.11
                0x0000000010007f68       0x1a CMakeFiles/stepper.dir/home/webius/Desktop/pico-dev/pico/pico-sdk/src/common/pico_time/time.c.obj
 *fill*         0x0000000010007f82        0x2 
 .rodata.__func__.12
                0x0000000010007f84        0xa CMakeFiles/stepper.dir/home/webius/Desktop/pico-dev/pico/pico-sdk/src/common/pico_time/time.c.obj
 *fill*         0x0000000010007f8e        0x2 
 .rodata.__func__.3
                0x0000000010007f90       0x17 CMakeFiles/stepper.dir/home/webius/Desktop/pico-dev/pico/pico-sdk/src/common/pico_time/time.c.obj
 *fill*         0x0000000010007fa7        0x1 
 .rodata.__func__.4
                0x0000000010007fa8       0x12 CMakeFiles/stepper.dir/home/webius/Desktop/pico-dev/pico/pico-sdk/src/common/pico_time/time.c.obj
 *fill*         0x0000000010007fba        0x2 
 .rodata.__func__.5
                0x0000000010007fbc        0xd CMakeFiles/stepper.dir/home/webius/Desktop/pico-dev/pico/pico-sdk/src/common/pico_time/time.c.obj
 *fill*         0x0000000010007fc9        0x3 
 .rodata.__func__.6
                0x0000000010007fcc       0x12 CMakeFiles/stepper.dir/home/webius/Desktop/pico-dev/pico/pico-sdk/src/common/pico_time/time.c.obj
 *fill*         0x0000000010007fde        0x2 
 .rodata.__func__.7
                0x0000000010007fe0        0xf CMakeFiles/stepper.dir/home/webius/Desktop/pico-dev/pico/pico-sdk/src/common/pico_time/time.c.obj
 *fill*         0x0000000010007fef        0x1 
 .rodata.__func__.8
                0x0000000010007ff0        0xc CMakeFiles/stepper.dir/home/webius/Desktop/pico-dev/pico/pico-sdk/src/common/pico_time/time.c.obj
 .rodata.__func__.9
                0x0000000010007ffc       0x15 CMakeFiles/stepper.dir/home/webius/Desktop/pico-dev/pico/pico-sdk/src/common/pico_time/time.c.obj
 *fill*         0x0000000010008011        0x3 
 .rodata.hardware_alarm_claim.str1.4
                0x0000000010008014       0x22 CMakeFiles/stepper.dir/home/webius/Desktop/pico-dev/pico/pico-sdk/src/rp2_common/hardware_timer/timer.c.obj
 .rodata.busy_wait_us.str1.4
                0x0000000010008036       0x72 CMakeFiles/stepper.dir/home/webius/Desktop/pico-dev/pico/pico-sdk/src/rp2_common/hardware_timer/timer.c.obj
 *fill*         0x0000000010008036        0x2 
 .rodata.hardware_alarm_set_target.str1.4
                0x0000000010008038       0x76 CMakeFiles/stepper.dir/home/webius/Desktop/pico-dev/pico/pico-sdk/src/rp2_common/hardware_timer/timer.c.obj
 *fill*         0x00000000100080ae        0x2 
 .rodata.__func__.0
                0x00000000100080b0       0x1a CMakeFiles/stepper.dir/home/webius/Desktop/pico-dev/pico/pico-sdk/src/rp2_common/hardware_timer/timer.c.obj
 *fill*         0x00000000100080ca        0x2 
 .rodata.__func__.1
                0x00000000100080cc       0x15 CMakeFiles/stepper.dir/home/webius/Desktop/pico-dev/pico/pico-sdk/src/rp2_common/hardware_timer/timer.c.obj
 .rodata.ph_add_child_node.str1.4
                0x00000000100080e1       0xa6 CMakeFiles/stepper.dir/home/webius/Desktop/pico-dev/pico/pico-sdk/src/common/pico_util/pheap.c.obj
 *fill*         0x00000000100080e1        0x3 
 .rodata.ph_remove_any_head.str1.4
                0x00000000100080e4       0xa0 CMakeFiles/stepper.dir/home/webius/Desktop/pico-dev/pico/pico-sdk/src/common/pico_util/pheap.c.obj
                                         0xb4 (size before relaxing)
 .rodata.ph_remove_and_free_node.str1.4
                0x0000000010008184       0x1e CMakeFiles/stepper.dir/home/webius/Desktop/pico-dev/pico/pico-sdk/src/common/pico_util/pheap.c.obj
                                         0x26 (size before relaxing)
 *fill*         0x00000000100081a2        0x2 
 .rodata.__func__.0
                0x00000000100081a4       0x18 CMakeFiles/stepper.dir/home/webius/Desktop/pico-dev/pico/pico-sdk/src/common/pico_util/pheap.c.obj
 .rodata.__func__.1
                0x00000000100081bc       0x13 CMakeFiles/stepper.dir/home/webius/Desktop/pico-dev/pico/pico-sdk/src/common/pico_util/pheap.c.obj
 *fill*         0x00000000100081cf        0x1 
 .rodata.__func__.2
                0x00000000100081d0       0x12 CMakeFiles/stepper.dir/home/webius/Desktop/pico-dev/pico/pico-sdk/src/common/pico_util/pheap.c.obj
 *fill*         0x00000000100081e2        0x2 
 .rodata.__func__.3
                0x00000000100081e4        0xc CMakeFiles/stepper.dir/home/webius/Desktop/pico-dev/pico/pico-sdk/src/common/pico_util/pheap.c.obj
 .rodata.clock_configure.str1.4
                0x00000000100081f0       0x68 CMakeFiles/stepper.dir/home/webius/Desktop/pico-dev/pico/pico-sdk/src/rp2_common/hardware_clocks/clocks.c.obj
 .rodata.__func__.1
                0x0000000010008258       0x10 CMakeFiles/stepper.dir/home/webius/Desktop/pico-dev/pico/pico-sdk/src/rp2_common/hardware_clocks/clocks.c.obj
 .rodata.pll_init.str1.4
                0x0000000010008268      0x134 CMakeFiles/stepper.dir/home/webius/Desktop/pico-dev/pico/pico-sdk/src/rp2_common/hardware_pll/pll.c.obj
 .rodata.__func__.0
                0x000000001000839c        0x9 CMakeFiles/stepper.dir/home/webius/Desktop/pico-dev/pico/pico-sdk/src/rp2_common/hardware_pll/pll.c.obj
 *fill*         0x00000000100083a5        0x3 
 .rodata.__assert_func.str1.4
                0x00000000100083a8       0x3f CMakeFiles/stepper.dir/home/webius/Desktop/pico-dev/pico/pico-sdk/src/rp2_common/pico_runtime/runtime.c.obj
                                         0x43 (size before relaxing)
 *fill*         0x00000000100083e7        0x1 
 .rodata.runtime_init.str1.4
                0x00000000100083e8       0x72 CMakeFiles/stepper.dir/home/webius/Desktop/pico-dev/pico/pico-sdk/src/rp2_common/pico_runtime/runtime.c.obj
 *fill*         0x000000001000845a        0x2 
 .rodata.panic.str1.4
                0x000000001000845c       0x10 CMakeFiles/stepper.dir/home/webius/Desktop/pico-dev/pico/pico-sdk/src/rp2_common/pico_runtime/runtime.c.obj
                                         0x12 (size before relaxing)
 .rodata.__func__.2
                0x000000001000846c        0xd CMakeFiles/stepper.dir/home/webius/Desktop/pico-dev/pico/pico-sdk/src/rp2_common/pico_runtime/runtime.c.obj
 *fill*         0x0000000010008479        0x3 
 .rodata._ftoa.str1.4
                0x000000001000847c       0x15 CMakeFiles/stepper.dir/home/webius/Desktop/pico-dev/pico/pico-sdk/src/rp2_common/pico_printf/printf.c.obj
 *fill*         0x0000000010008491        0x3 
 .rodata._vsnprintf
                0x0000000010008494      0x1e0 CMakeFiles/stepper.dir/home/webius/Desktop/pico-dev/pico/pico-sdk/src/rp2_common/pico_printf/printf.c.obj
 *fill*         0x0000000010008674        0x4 
 .rodata.pow10.0
                0x0000000010008678       0x50 CMakeFiles/stepper.dir/home/webius/Desktop/pico-dev/pico/pico-sdk/src/rp2_common/pico_printf/printf.c.obj
 .rodata.__aeabi_double_init.str1.4
                0x00000000100086c8       0xad CMakeFiles/stepper.dir/home/webius/Desktop/pico-dev/pico/pico-sdk/src/rp2_common/pico_double/double_init_rom.c.obj
 *fill*         0x0000000010008775        0x3 
 .rodata.__func__.0
                0x0000000010008778       0x14 CMakeFiles/stepper.dir/home/webius/Desktop/pico-dev/pico/pico-sdk/src/rp2_common/pico_double/double_init_rom.c.obj
 .rodata.__aeabi_float_init.str1.4
                0x000000001000878c       0x8b CMakeFiles/stepper.dir/home/webius/Desktop/pico-dev/pico/pico-sdk/src/rp2_common/pico_float/float_init_rom.c.obj
                                         0x8f (size before relaxing)
 *fill*         0x0000000010008817        0x1 
 .rodata.__func__.0
                0x0000000010008818       0x13 CMakeFiles/stepper.dir/home/webius/Desktop/pico-dev/pico/pico-sdk/src/rp2_common/pico_float/float_init_rom.c.obj
 *fill*         0x000000001000882b        0x1 
 .rodata.str1.4
                0x000000001000882c       0x3c CMakeFiles/stepper.dir/home/webius/Desktop/pico-dev/pico/pico-sdk/src/rp2_common/pico_standard_link/binary_info.c.obj
 .rodata.__bi_44
                0x0000000010008868        0xc CMakeFiles/stepper.dir/home/webius/Desktop/pico-dev/pico/pico-sdk/src/rp2_common/pico_standard_link/binary_info.c.obj
 .rodata.__bi_75
                0x0000000010008874        0xc CMakeFiles/stepper.dir/home/webius/Desktop/pico-dev/pico/pico-sdk/src/rp2_common/pico_standard_link/binary_info.c.obj
 .rodata.__bi_81
                0x0000000010008880        0xc CMakeFiles/stepper.dir/home/webius/Desktop/pico-dev/pico/pico-sdk/src/rp2_common/pico_standard_link/binary_info.c.obj
 .rodata.stdout_serialize_begin.str1.4
                0x000000001000888c       0x72 CMakeFiles/stepper.dir/home/webius/Desktop/pico-dev/pico/pico-sdk/src/rp2_common/pico_stdio/stdio.c.obj
 .rodata.__func__.3
                0x000000001000888c       0x15 CMakeFiles/stepper.dir/home/webius/Desktop/pico-dev/pico/pico-sdk/src/rp2_common/pico_stdio/stdio.c.obj
 *fill*         0x00000000100088a1        0x3 
 .rodata.crlf_str.2
                0x00000000100088a4        0x2 CMakeFiles/stepper.dir/home/webius/Desktop/pico-dev/pico/pico-sdk/src/rp2_common/pico_stdio/stdio.c.obj
 *fill*         0x00000000100088a6        0x2 
 .rodata._resetd_driver
                0x00000000100088a8       0x18 CMakeFiles/stepper.dir/home/webius/Desktop/pico-dev/pico/pico-sdk/src/rp2_common/pico_stdio_usb/reset_interface.c.obj
 .rodata.low_priority_worker_irq.str1.4
                0x00000000100088c0       0x72 CMakeFiles/stepper.dir/home/webius/Desktop/pico-dev/pico/pico-sdk/src/rp2_common/pico_stdio_usb/stdio_usb.c.obj
 .rodata.stdio_usb_init.str1.4
                0x00000000100088c0       0x56 CMakeFiles/stepper.dir/home/webius/Desktop/pico-dev/pico/pico-sdk/src/rp2_common/pico_stdio_usb/stdio_usb.c.obj
                                         0x5e (size before relaxing)
 *fill*         0x0000000010008916        0x2 
 .rodata.str1.4
                0x0000000010008918       0x13 CMakeFiles/stepper.dir/home/webius/Desktop/pico-dev/pico/pico-sdk/src/rp2_common/pico_stdio_usb/stdio_usb.c.obj
 *fill*         0x000000001000892b        0x1 
 .rodata.__bi_182.0
                0x000000001000892c        0xc CMakeFiles/stepper.dir/home/webius/Desktop/pico-dev/pico/pico-sdk/src/rp2_common/pico_stdio_usb/stdio_usb.c.obj
 .rodata.__func__.1
                0x0000000010008938        0xf CMakeFiles/stepper.dir/home/webius/Desktop/pico-dev/pico/pico-sdk/src/rp2_common/pico_stdio_usb/stdio_usb.c.obj
 *fill*         0x0000000010008947        0x1 
 .rodata.__func__.3
                0x0000000010008948       0x15 CMakeFiles/stepper.dir/home/webius/Desktop/pico-dev/pico/pico-sdk/src/rp2_common/pico_stdio_usb/stdio_usb.c.obj
 *fill*         0x000000001000895d        0x3 
 .rodata.str1.4
                0x0000000010008960       0x2a CMakeFiles/stepper.dir/home/webius/Desktop/pico-dev/pico/pico-sdk/src/rp2_common/pico_stdio_usb/stdio_usb_descriptors.c.obj
 *fill*         0x000000001000898a        0x2 
 .rodata.usbd_desc_cfg
                0x000000001000898c       0x54 CMakeFiles/stepper.dir/home/webius/Desktop/pico-dev/pico/pico-sdk/src/rp2_common/pico_stdio_usb/stdio_usb_descriptors.c.obj
 .rodata.usbd_desc_device
                0x00000000100089e0       0x12 CMakeFiles/stepper.dir/home/webius/Desktop/pico-dev/pico/pico-sdk/src/rp2_common/pico_stdio_usb/stdio_usb_descriptors.c.obj
 *fill*         0x00000000100089f2        0x2 
 .rodata.usbd_desc_str
                0x00000000100089f4       0x18 CMakeFiles/stepper.dir/home/webius/Desktop/pico-dev/pico/pico-sdk/src/rp2_common/pico_stdio_usb/stdio_usb_descriptors.c.obj
 .rodata.pico_get_unique_board_id_string.str1.4
                0x0000000010008a0c       0x5e CMakeFiles/stepper.dir/home/webius/Desktop/pico-dev/pico/pico-sdk/src/rp2_common/pico_unique_id/unique_id.c.obj
 *fill*         0x0000000010008a6a        0x2 
 .rodata.__func__.0
                0x0000000010008a6c       0x20 CMakeFiles/stepper.dir/home/webius/Desktop/pico-dev/pico/pico-sdk/src/rp2_common/pico_unique_id/unique_id.c.obj
 .rodata.str1.4
                0x0000000010008a8c      0x16a CMakeFiles/stepper.dir/home/webius/Desktop/pico-dev/pico/pico-sdk/src/rp2_common/hardware_flash/flash.c.obj
 *fill*         0x0000000010008bf6        0x2 
 .rodata.__func__.0
                0x0000000010008bf8        0xd CMakeFiles/stepper.dir/home/webius/Desktop/pico-dev/pico/pico-sdk/src/rp2_common/hardware_flash/flash.c.obj
 *fill*         0x0000000010008c05        0x3 
 .rodata._hw_endpoint_alloc.str1.4
                0x0000000010008c08       0xc9 CMakeFiles/stepper.dir/home/webius/Desktop/pico-dev/pico/pico-sdk/lib/tinyusb/src/portable/raspberrypi/rp2040/dcd_rp2040.c.obj
 *fill*         0x0000000010008cd1        0x3 
 .rodata.str1.4
                0x0000000010008cd4       0x14 CMakeFiles/stepper.dir/home/webius/Desktop/pico-dev/pico/pico-sdk/lib/tinyusb/src/portable/raspberrypi/rp2040/dcd_rp2040.c.obj
 .rodata.dcd_int_enable.str1.4
                0x0000000010008ce8        0xc CMakeFiles/stepper.dir/home/webius/Desktop/pico-dev/pico/pico-sdk/lib/tinyusb/src/portable/raspberrypi/rp2040/dcd_rp2040.c.obj
 .rodata.__func__.0
                0x0000000010008cf4        0xe CMakeFiles/stepper.dir/home/webius/Desktop/pico-dev/pico/pico-sdk/lib/tinyusb/src/portable/raspberrypi/rp2040/dcd_rp2040.c.obj
 *fill*         0x0000000010008d02        0x2 
 .rodata.__func__.1
                0x0000000010008d04        0xe CMakeFiles/stepper.dir/home/webius/Desktop/pico-dev/pico/pico-sdk/lib/tinyusb/src/portable/raspberrypi/rp2040/dcd_rp2040.c.obj
 *fill*         0x0000000010008d12        0x2 
 .rodata.__func__.3
                0x0000000010008d14       0x10 CMakeFiles/stepper.dir/home/webius/Desktop/pico-dev/pico/pico-sdk/lib/tinyusb/src/portable/raspberrypi/rp2040/dcd_rp2040.c.obj
 .rodata.__func__.5
                0x0000000010008d24        0xf CMakeFiles/stepper.dir/home/webius/Desktop/pico-dev/pico/pico-sdk/lib/tinyusb/src/portable/raspberrypi/rp2040/dcd_rp2040.c.obj
 *fill*         0x0000000010008d33        0x1 
 .rodata.__func__.6
                0x0000000010008d34       0x13 CMakeFiles/stepper.dir/home/webius/Desktop/pico-dev/pico/pico-sdk/lib/tinyusb/src/portable/raspberrypi/rp2040/dcd_rp2040.c.obj
 *fill*         0x0000000010008d47        0x1 
 .rodata.__func__.7