Archive member included to satisfy reference by file (symbol)

/usr/lib/gcc/arm-none-eabi/10.3.1/../../../arm-none-eabi/lib/thumb/v6-m/nofp/libstdc++.a(string-inst.o)
                              CMakeFiles/max31865_test.dir/MAX31865.cpp.obj (std::__cxx11::basic_string<char, std::char_traits<char>, std::allocator<char> >::basic_string())
/usr/lib/gcc/arm-none-eabi/10.3.1/../../../arm-none-eabi/lib/thumb/v6-m/nofp/libstdc++.a(eh_arm.o)
                              /usr/lib/gcc/arm-none-eabi/10.3.1/../../../arm-none-eabi/lib/thumb/v6-m/nofp/libstdc++.a(string-inst.o) (__cxa_end_cleanup)
/usr/lib/gcc/arm-none-eabi/10.3.1/../../../arm-none-eabi/lib/thumb/v6-m/nofp/libstdc++.a(eh_catch.o)
                              /usr/lib/gcc/arm-none-eabi/10.3.1/../../../arm-none-eabi/lib/thumb/v6-m/nofp/libstdc++.a(string-inst.o) (__cxa_begin_catch)
/usr/lib/gcc/arm-none-eabi/10.3.1/../../../arm-none-eabi/lib/thumb/v6-m/nofp/libstdc++.a(eh_exception.o)
                              /usr/lib/gcc/arm-none-eabi/10.3.1/../../../arm-none-eabi/lib/thumb/v6-m/nofp/libstdc++.a(eh_arm.o) (typeinfo for __cxxabiv1::__forced_unwind)
/usr/lib/gcc/arm-none-eabi/10.3.1/../../../arm-none-eabi/lib/thumb/v6-m/nofp/libstdc++.a(eh_globals.o)
                              /usr/lib/gcc/arm-none-eabi/10.3.1/../../../arm-none-eabi/lib/thumb/v6-m/nofp/libstdc++.a(eh_catch.o) (__cxa_get_globals_fast)
/usr/lib/gcc/arm-none-eabi/10.3.1/../../../arm-none-eabi/lib/thumb/v6-m/nofp/libstdc++.a(eh_personality.o)
                              /usr/lib/gcc/arm-none-eabi/10.3.1/../../../arm-none-eabi/lib/thumb/v6-m/nofp/libstdc++.a(string-inst.o) (__gxx_personality_v0)
/usr/lib/gcc/arm-none-eabi/10.3.1/../../../arm-none-eabi/lib/thumb/v6-m/nofp/libstdc++.a(eh_terminate.o)
                              /usr/lib/gcc/arm-none-eabi/10.3.1/../../../arm-none-eabi/lib/thumb/v6-m/nofp/libstdc++.a(eh_arm.o) (std::terminate())
/usr/lib/gcc/arm-none-eabi/10.3.1/../../../arm-none-eabi/lib/thumb/v6-m/nofp/libstdc++.a(eh_unex_handler.o)
                              /usr/lib/gcc/arm-none-eabi/10.3.1/../../../arm-none-eabi/lib/thumb/v6-m/nofp/libstdc++.a(eh_terminate.o) (__cxxabiv1::__unexpected_handler)
/usr/lib/gcc/arm-none-eabi/10.3.1/../../../arm-none-eabi/lib/thumb/v6-m/nofp/libstdc++.a(pure.o)
                              /usr/lib/gcc/arm-none-eabi/10.3.1/../../../arm-none-eabi/lib/thumb/v6-m/nofp/libstdc++.a(eh_exception.o) (__cxa_pure_virtual)
/usr/lib/gcc/arm-none-eabi/10.3.1/../../../arm-none-eabi/lib/thumb/v6-m/nofp/libstdc++.a(si_class_type_info.o)
                              /usr/lib/gcc/arm-none-eabi/10.3.1/../../../arm-none-eabi/lib/thumb/v6-m/nofp/libstdc++.a(eh_exception.o) (vtable for __cxxabiv1::__si_class_type_info)
/usr/lib/gcc/arm-none-eabi/10.3.1/../../../arm-none-eabi/lib/thumb/v6-m/nofp/libstdc++.a(tinfo.o)
                              /usr/lib/gcc/arm-none-eabi/10.3.1/../../../arm-none-eabi/lib/thumb/v6-m/nofp/libstdc++.a(si_class_type_info.o) (std::type_info::__is_pointer_p() const)
/usr/lib/gcc/arm-none-eabi/10.3.1/../../../arm-none-eabi/lib/thumb/v6-m/nofp/libstdc++.a(functexcept.o)
                              /usr/lib/gcc/arm-none-eabi/10.3.1/../../../arm-none-eabi/lib/thumb/v6-m/nofp/libstdc++.a(string-inst.o) (std::__throw_logic_error(char const*))
/usr/lib/gcc/arm-none-eabi/10.3.1/../../../arm-none-eabi/lib/thumb/v6-m/nofp/libstdc++.a(snprintf_lite.o)
                              /usr/lib/gcc/arm-none-eabi/10.3.1/../../../arm-none-eabi/lib/thumb/v6-m/nofp/libstdc++.a(functexcept.o) (__gnu_cxx::__snprintf_lite(char*, unsigned int, char const*, std::__va_list))
/usr/lib/gcc/arm-none-eabi/10.3.1/../../../arm-none-eabi/lib/thumb/v6-m/nofp/libstdc++.a(bad_alloc.o)
                              /usr/lib/gcc/arm-none-eabi/10.3.1/../../../arm-none-eabi/lib/thumb/v6-m/nofp/libstdc++.a(functexcept.o) (std::bad_alloc::~bad_alloc())
/usr/lib/gcc/arm-none-eabi/10.3.1/../../../arm-none-eabi/lib/thumb/v6-m/nofp/libstdc++.a(bad_cast.o)
                              /usr/lib/gcc/arm-none-eabi/10.3.1/../../../arm-none-eabi/lib/thumb/v6-m/nofp/libstdc++.a(functexcept.o) (std::bad_cast::~bad_cast())
/usr/lib/gcc/arm-none-eabi/10.3.1/../../../arm-none-eabi/lib/thumb/v6-m/nofp/libstdc++.a(bad_typeid.o)
                              /usr/lib/gcc/arm-none-eabi/10.3.1/../../../arm-none-eabi/lib/thumb/v6-m/nofp/libstdc++.a(functexcept.o) (std::bad_typeid::~bad_typeid())
/usr/lib/gcc/arm-none-eabi/10.3.1/../../../arm-none-eabi/lib/thumb/v6-m/nofp/libstdc++.a(class_type_info.o)
                              /usr/lib/gcc/arm-none-eabi/10.3.1/../../../arm-none-eabi/lib/thumb/v6-m/nofp/libstdc++.a(si_class_type_info.o) (__cxxabiv1::__class_type_info::__do_upcast(__cxxabiv1::__class_type_info const*, void**) const)
/usr/lib/gcc/arm-none-eabi/10.3.1/../../../arm-none-eabi/lib/thumb/v6-m/nofp/libstdc++.a(eh_alloc.o)
[...]
Memory Configuration

Name             Origin             Length             Attributes
FLASH            0x0000000010000000 0x0000000000200000 xr
RAM              0x0000000020000000 0x0000000000040000 xrw
SCRATCH_X        0x0000000020040000 0x0000000000001000 xrw
SCRATCH_Y        0x0000000020041000 0x0000000000001000 xrw
*default*        0x0000000000000000 0xffffffffffffffff

Linker script and memory map

LOAD /usr/lib/gcc/arm-none-eabi/10.3.1/thumb/v6-m/nofp/crti.o
LOAD /usr/lib/gcc/arm-none-eabi/10.3.1/thumb/v6-m/nofp/crtbegin.o
LOAD /usr/lib/gcc/arm-none-eabi/10.3.1/../../../arm-none-eabi/lib/thumb/v6-m/nofp/crt0.o

.flash_begin    0x0000000010000000        0x0
                0x0000000010000000                __flash_binary_start = .

.boot2          0x0000000010000000      0x100
                0x0000000010000000                __boot2_start__ = .
 *(.boot2)
 .boot2         0x0000000010000000      0x100 /tmp/ccv8sJZT.o
                0x0000000010000100                __boot2_end__ = .
                0x0000000000000001                ASSERT (((__boot2_end__ - __boot2_start__) == 0x100), ERROR: Pico second stage bootloader must be 256 bytes in size)

.text           0x0000000010000100     0xcd40
                0x0000000010000100                __logical_binary_start = .
 *(.vectors)
 .vectors       0x0000000010000100       0xd4 CMakeFiles/max31865_test.dir/home/webius/Desktop/pico-dev/pico/pico-sdk/src/rp2_common/pico_standard_link/crt0.S.obj
                0x0000000010000100                __vectors
                0x0000000010000100                __VECTOR_TABLE
                0x00000000100001c0                isr_invalid
                0x00000000100001c0                __default_isrs_start
                0x00000000100001c2                isr_nmi
                0x00000000100001c4                isr_hardfault
                0x00000000100001c6                isr_svcall
                0x00000000100001c8                isr_pendsv
                0x00000000100001ca                isr_systick
                0x00000000100001cc                isr_irq30
                0x00000000100001cc                __unhandled_user_irq
                0x00000000100001cc                isr_irq13
                0x00000000100001cc                isr_irq27
                0x00000000100001cc                isr_irq31
                0x00000000100001cc                isr_irq5
                0x00000000100001cc                isr_irq11
                0x00000000100001cc                isr_irq23
                0x00000000100001cc                isr_irq18
                0x00000000100001cc                isr_irq28
                0x00000000100001cc                isr_irq19
                0x00000000100001cc                isr_irq0
                0x00000000100001cc                isr_irq6
                0x00000000100001cc                isr_irq22
                0x00000000100001cc                isr_irq17
                0x00000000100001cc                isr_irq14
                0x00000000100001cc                isr_irq2
                0x00000000100001cc                isr_irq10
                0x00000000100001cc                isr_irq8
                0x00000000100001cc                isr_irq24
                0x00000000100001cc                isr_irq1
                0x00000000100001cc                isr_irq7
                0x00000000100001cc                isr_irq21
                0x00000000100001cc                isr_irq20
                0x00000000100001cc                isr_irq15
                0x00000000100001cc                isr_irq25
                0x00000000100001cc                isr_irq4
                0x00000000100001cc                isr_irq16
                0x00000000100001cc                isr_irq29
                0x00000000100001cc                isr_irq26
                0x00000000100001cc                __default_isrs_end
                0x00000000100001cc                isr_irq3
                0x00000000100001cc                isr_irq12
                0x00000000100001cc                isr_irq9
                0x00000000100001d2                unhandled_user_irq_num_in_r0
 *(.binary_info_header)
 .binary_info_header
                0x00000000100001d4       0x14 CMakeFiles/max31865_test.dir/home/webius/Desktop/pico-dev/pico/pico-sdk/src/rp2_common/pico_standard_link/crt0.S.obj
                0x00000000100001e8                __binary_info_header_end = .
 *(.reset)
 .reset         0x00000000100001e8       0xa0 CMakeFiles/max31865_test.dir/home/webius/Desktop/pico-dev/pico/pico-sdk/src/rp2_common/pico_standard_link/crt0.S.obj
                0x00000000100001e8                _entry_point
 .reset         0x0000000010000288       0x30 CMakeFiles/max31865_test.dir/home/webius/Desktop/pico-dev/pico/pico-sdk/src/rp2_common/pico_standard_link/binary_info.c.obj
 *(.init)
 .init          0x00000000100002b8        0x4 /usr/lib/gcc/arm-none-eabi/10.3.1/thumb/v6-m/nofp/crti.o
                0x00000000100002b8                _init
 *(EXCLUDE_FILE(*libm.a: *libc.a:*lib_a-mem*.o *libgcc.a:) .text*)
 .text          0x00000000100002bc       0x98 /usr/lib/gcc/arm-none-eabi/10.3.1/thumb/v6-m/nofp/crtbegin.o
 .text.main     0x0000000010000354       0x74 CMakeFiles/max31865_test.dir/main.cpp.obj
                0x0000000010000354                main
 .text.gpio_set_mask
                0x00000000100003c8       0x18 CMakeFiles/max31865_test.dir/MAX31865.cpp.obj
 .text.gpio_clr_mask
                0x00000000100003e0       0x18 CMakeFiles/max31865_test.dir/MAX31865.cpp.obj
 .text.gpio_put
                0x00000000100003f8       0x3a CMakeFiles/max31865_test.dir/MAX31865.cpp.obj
 .text.gpio_set_dir_out_masked
                0x0000000010000432       0x18 CMakeFiles/max31865_test.dir/MAX31865.cpp.obj
 .text.gpio_set_dir_in_masked
                0x000000001000044a       0x18 CMakeFiles/max31865_test.dir/MAX31865.cpp.obj
 .text.gpio_set_dir
                0x0000000010000462       0x3a CMakeFiles/max31865_test.dir/MAX31865.cpp.obj
 .text.spi_get_index
                0x000000001000049c       0x24 CMakeFiles/max31865_test.dir/MAX31865.cpp.obj
 .text.spi_get_hw
                0x00000000100004c0       0x1a CMakeFiles/max31865_test.dir/MAX31865.cpp.obj
 .text.spi_set_format
                0x00000000100004da       0xba CMakeFiles/max31865_test.dir/MAX31865.cpp.obj
 .text._ZN8MAX3186510_cs_selectEv
                0x0000000010000594       0x28 CMakeFiles/max31865_test.dir/MAX31865.cpp.obj
                0x0000000010000594                MAX31865::_cs_select()
 .text._ZN8MAX3186512_cs_deselectEv
                0x00000000100005bc       0x28 CMakeFiles/max31865_test.dir/MAX31865.cpp.obj
                0x00000000100005bc                MAX31865::_cs_deselect()
 .text._ZN8MAX31865C2EP8spi_insthhhh8RtdWiresff
                0x00000000100005e4       0xf8 CMakeFiles/max31865_test.dir/MAX31865.cpp.obj
                0x00000000100005e4                MAX31865::MAX31865(spi_inst*, unsigned char, unsigned char, unsigned char, unsigned char, RtdWires, float, float)
                0x00000000100005e4                MAX31865::MAX31865(spi_inst*, unsigned char, unsigned char, unsigned char, unsigned char, RtdWires, float, float)
 .text._ZN8MAX3186511enable_biasEb
                0x00000000100006dc       0x5e CMakeFiles/max31865_test.dir/MAX31865.cpp.obj
                0x00000000100006dc                MAX31865::enable_bias(bool)
 .text._ZN8MAX3186514set_thresholdsEtt
                0x000000001000073a       0x68 CMakeFiles/max31865_test.dir/MAX31865.cpp.obj
                0x000000001000073a                MAX31865::set_thresholds(unsigned short, unsigned short)
 .text._ZN8MAX318659set_wiresE8RtdWires
                0x00000000100007a2       0x64 CMakeFiles/max31865_test.dir/MAX31865.cpp.obj
                0x00000000100007a2                MAX31865::set_wires(RtdWires)
 .text._ZN8MAX3186513enable_filterE10FilterFreq
                0x0000000010000806       0x5c CMakeFiles/max31865_test.dir/MAX31865.cpp.obj
                0x0000000010000806                MAX31865::enable_filter(FilterFreq)
 .text._ZN8MAX3186512auto_convertEb
                0x0000000010000862       0x68 CMakeFiles/max31865_test.dir/MAX31865.cpp.obj
                0x0000000010000862                MAX31865::auto_convert(bool)
 .text._ZN8MAX318658read_rtdEv
                0x00000000100008ca       0x86 CMakeFiles/max31865_test.dir/MAX31865.cpp.obj
                0x00000000100008ca                MAX31865::read_rtd()
 .text._ZN8MAX3186514read_register8Eh
                0x0000000010000950       0x30 CMakeFiles/max31865_test.dir/MAX31865.cpp.obj
                0x0000000010000950                MAX31865::read_register8(unsigned char)
 .text._ZN8MAX3186515read_register16Eh
                0x0000000010000980       0x4a CMakeFiles/max31865_test.dir/MAX31865.cpp.obj
                0x0000000010000980                MAX31865::read_register16(unsigned char)
 .text._ZN8MAX3186514read_registersEhPhh
                0x00000000100009ca       0x62 CMakeFiles/max31865_test.dir/MAX31865.cpp.obj
                0x00000000100009ca                MAX31865::read_registers(unsigned char, unsigned char*, unsigned char)
 .text._ZN8MAX3186515write_register8Ehh
                0x0000000010000a2c       0x5e CMakeFiles/max31865_test.dir/MAX31865.cpp.obj
                0x0000000010000a2c                MAX31865::write_register8(unsigned char, unsigned char)
 .text._ZN8MAX3186511clear_faultEv
                0x0000000010000a8a       0x4a CMakeFiles/max31865_test.dir/MAX31865.cpp.obj
                0x0000000010000a8a                MAX31865::clear_fault()
 .text.check_gpio_param
                0x0000000010000ad4       0x10 CMakeFiles/max31865_test.dir/home/webius/Desktop/pico-dev/pico/pico-sdk/src/rp2_common/hardware_gpio/gpio.c.obj
 .text.gpio_set_mask
                0x0000000010000ae4       0x18 CMakeFiles/max31865_test.dir/home/webius/Desktop/pico-dev/pico/pico-sdk/src/rp2_common/hardware_gpio/gpio.c.obj
 .text.gpio_clr_mask
                0x0000000010000afc       0x18 CMakeFiles/max31865_test.dir/home/webius/Desktop/pico-dev/pico/pico-sdk/src/rp2_common/hardware_gpio/gpio.c.obj
 .text.gpio_put
                0x0000000010000b14       0x3a CMakeFiles/max31865_test.dir/home/webius/Desktop/pico-dev/pico/pico-sdk/src/rp2_common/hardware_gpio/gpio.c.obj
 .text.gpio_set_dir_out_masked
                0x0000000010000b4e       0x18 CMakeFiles/max31865_test.dir/home/webius/Desktop/pico-dev/pico/pico-sdk/src/rp2_common/hardware_gpio/gpio.c.obj
 .text.gpio_set_dir_in_masked
                0x0000000010000b66       0x18 CMakeFiles/max31865_test.dir/home/webius/Desktop/pico-dev/pico/pico-sdk/src/rp2_common/hardware_gpio/gpio.c.obj
 .text.gpio_set_dir
                0x0000000010000b7e       0x3a CMakeFiles/max31865_test.dir/home/webius/Desktop/pico-dev/pico/pico-sdk/src/rp2_common/hardware_gpio/gpio.c.obj
 .text.gpio_set_function
                0x0000000010000bb8       0x6c CMakeFiles/max31865_test.dir/home/webius/Desktop/pico-dev/pico/pico-sdk/src/rp2_common/hardware_gpio/gpio.c.obj
                0x0000000010000bb8                gpio_set_function
 .text.gpio_init
                0x0000000010000c24       0x2e CMakeFiles/max31865_test.dir/home/webius/Desktop/pico-dev/pico/pico-sdk/src/rp2_common/hardware_gpio/gpio.c.obj
                0x0000000010000c24                gpio_init
 *fill*         0x0000000010000c52        0x2 
 .text.running_on_fpga
                0x0000000010000c54       0x1c CMakeFiles/max31865_test.dir/home/webius/Desktop/pico-dev/pico/pico-sdk/src/rp2_common/pico_platform/platform.c.obj
                0x0000000010000c54                running_on_fpga
 .text.hw_claim_lock
                0x0000000010000c70       0x50 CMakeFiles/max31865_test.dir/home/webius/Desktop/pico-dev/pico/pico-sdk/src/rp2_common/hardware_claim/claim.c.obj
                0x0000000010000c70                hw_claim_lock
 .text.hw_claim_unlock
                0x0000000010000cc0       0x4c CMakeFiles/max31865_test.dir/home/webius/Desktop/pico-dev/pico/pico-sdk/src/rp2_common/hardware_claim/claim.c.obj
                0x0000000010000cc0                hw_claim_unlock
 .text.hw_is_claimed
                0x0000000010000d0c       0x32 CMakeFiles/max31865_test.dir/home/webius/Desktop/pico-dev/pico/pico-sdk/src/rp2_common/hardware_claim/claim.c.obj
                0x0000000010000d0c                hw_is_claimed
 .text.hw_claim_or_assert
                0x0000000010000d3e       0x66 CMakeFiles/max31865_test.dir/home/webius/Desktop/pico-dev/pico/pico-sdk/src/rp2_common/hardware_claim/claim.c.obj
                0x0000000010000d3e                hw_claim_or_assert
 .text.hw_claim_unused_from_range
                0x0000000010000da4       0xa6 CMakeFiles/max31865_test.dir/home/webius/Desktop/pico-dev/pico/pico-sdk/src/rp2_common/hardware_claim/claim.c.obj
                0x0000000010000da4                hw_claim_unused_from_range
 *fill*         0x0000000010000e4a        0x2 
 .text.spin_locks_reset
                0x0000000010000e4c       0x48 CMakeFiles/max31865_test.dir/home/webius/Desktop/pico-dev/pico/pico-sdk/src/rp2_common/hardware_sync/sync.c.obj
                0x0000000010000e4c                spin_locks_reset
 .text.next_striped_spin_lock_num
                0x0000000010000e94       0x30 CMakeFiles/max31865_test.dir/home/webius/Desktop/pico-dev/pico/pico-sdk/src/rp2_common/hardware_sync/sync.c.obj
                0x0000000010000e94                next_striped_spin_lock_num
 .text.spin_lock_claim_unused
                0x0000000010000ec4       0x30 CMakeFiles/max31865_test.dir/home/webius/Desktop/pico-dev/pico/pico-sdk/src/rp2_common/hardware_sync/sync.c.obj
                0x0000000010000ec4                spin_lock_claim_unused
 .text.check_irq_param
                0x0000000010000ef4       0x10 CMakeFiles/max31865_test.dir/home/webius/Desktop/pico-dev/pico/pico-sdk/src/rp2_common/hardware_irq/irq.c.obj
 .text.user_irq_claimed_ptr
                0x0000000010000f04       0x10 CMakeFiles/max31865_test.dir/home/webius/Desktop/pico-dev/pico/pico-sdk/src/rp2_common/hardware_irq/irq.c.obj
 .text.get_vtable
                0x0000000010000f14       0x14 CMakeFiles/max31865_test.dir/home/webius/Desktop/pico-dev/pico/pico-sdk/src/rp2_common/hardware_irq/irq.c.obj
 .text.add_thumb_bit
                0x0000000010000f28       0x16 CMakeFiles/max31865_test.dir/home/webius/Desktop/pico-dev/pico/pico-sdk/src/rp2_common/hardware_irq/irq.c.obj
 .text.remove_thumb_bit
                0x0000000010000f3e       0x16 CMakeFiles/max31865_test.dir/home/webius/Desktop/pico-dev/pico/pico-sdk/src/rp2_common/hardware_irq/irq.c.obj
 .text.set_raw_irq_handler_and_unlock
                0x0000000010000f54       0x68 CMakeFiles/max31865_test.dir/home/webius/Desktop/pico-dev/pico/pico-sdk/src/rp2_common/hardware_irq/irq.c.obj
 .text.irq_set_enabled
                0x0000000010000fbc       0x30 CMakeFiles/max31865_test.dir/home/webius/Desktop/pico-dev/pico/pico-sdk/src/rp2_common/hardware_irq/irq.c.obj
                0x0000000010000fbc                irq_set_enabled
 .text.irq_is_enabled
                0x0000000010000fec       0x30 CMakeFiles/max31865_test.dir/home/webius/Desktop/pico-dev/pico/pico-sdk/src/rp2_common/hardware_irq/irq.c.obj
                0x0000000010000fec                irq_is_enabled
 .text.irq_set_mask_enabled
                0x000000001000101c       0x40 CMakeFiles/max31865_test.dir/home/webius/Desktop/pico-dev/pico/pico-sdk/src/rp2_common/hardware_irq/irq.c.obj
                0x000000001000101c                irq_set_mask_enabled
 .text.irq_set_pending
                0x000000001000105c       0x28 CMakeFiles/max31865_test.dir/home/webius/Desktop/pico-dev/pico/pico-sdk/src/rp2_common/hardware_irq/irq.c.obj
                0x000000001000105c                irq_set_pending
 .text.is_shared_irq_raw_handler
                0x0000000010001084       0x24 CMakeFiles/max31865_test.dir/home/webius/Desktop/pico-dev/pico/pico-sdk/src/rp2_common/hardware_irq/irq.c.obj
 .text.irq_has_shared_handler
                0x00000000100010a8       0x44 CMakeFiles/max31865_test.dir/home/webius/Desktop/pico-dev/pico/pico-sdk/src/rp2_common/hardware_irq/irq.c.obj
                0x00000000100010a8                irq_has_shared_handler
 .text.irq_get_vtable_handler
                0x00000000100010ec       0x28 CMakeFiles/max31865_test.dir/home/webius/Desktop/pico-dev/pico/pico-sdk/src/rp2_common/hardware_irq/irq.c.obj
                0x00000000100010ec                irq_get_vtable_handler
 .text.irq_set_exclusive_handler
                0x0000000010001114       0xa4 CMakeFiles/max31865_test.dir/home/webius/Desktop/pico-dev/pico/pico-sdk/src/rp2_common/hardware_irq/irq.c.obj
                0x0000000010001114                irq_set_exclusive_handler
 .text.make_branch
                0x00000000100011b8       0x74 CMakeFiles/max31865_test.dir/home/webius/Desktop/pico-dev/pico/pico-sdk/src/rp2_common/hardware_irq/irq.c.obj
 .text.insert_branch_and_link
                0x000000001000122c       0x74 CMakeFiles/max31865_test.dir/home/webius/Desktop/pico-dev/pico/pico-sdk/src/rp2_common/hardware_irq/irq.c.obj
 .text.resolve_branch
                0x00000000100012a0       0x5c CMakeFiles/max31865_test.dir/home/webius/Desktop/pico-dev/pico/pico-sdk/src/rp2_common/hardware_irq/irq.c.obj
 .text.slot_diff
                0x00000000100012fc       0x30 CMakeFiles/max31865_test.dir/home/webius/Desktop/pico-dev/pico/pico-sdk/src/rp2_common/hardware_irq/irq.c.obj
 .text.get_slot_index
                0x000000001000132c       0x24 CMakeFiles/max31865_test.dir/home/webius/Desktop/pico-dev/pico/pico-sdk/src/rp2_common/hardware_irq/irq.c.obj
 .text.irq_add_shared_handler
                0x0000000010001350      0x2d8 CMakeFiles/max31865_test.dir/home/webius/Desktop/pico-dev/pico/pico-sdk/src/rp2_common/hardware_irq/irq.c.obj
                0x0000000010001350                irq_add_shared_handler
 .text.irq_remove_handler
                0x0000000010001628      0x250 CMakeFiles/max31865_test.dir/home/webius/Desktop/pico-dev/pico/pico-sdk/src/rp2_common/hardware_irq/irq.c.obj
                0x0000000010001628                irq_remove_handler
 .text.irq_add_tail_to_free_list
                0x0000000010001878      0x1b8 CMakeFiles/max31865_test.dir/home/webius/Desktop/pico-dev/pico/pico-sdk/src/rp2_common/hardware_irq/irq.c.obj
                0x0000000010001878                irq_add_tail_to_free_list
 .text.irq_init_priorities
                0x0000000010001a30       0x3c CMakeFiles/max31865_test.dir/home/webius/Desktop/pico-dev/pico/pico-sdk/src/rp2_common/hardware_irq/irq.c.obj
                0x0000000010001a30                irq_init_priorities
 .text.user_irq_claim_unused
                0x0000000010001a6c       0x40 CMakeFiles/max31865_test.dir/home/webius/Desktop/pico-dev/pico/pico-sdk/src/rp2_common/hardware_irq/irq.c.obj
                0x0000000010001a6c                user_irq_claim_unused
 .text.lock_init
                0x0000000010001aac       0x2c CMakeFiles/max31865_test.dir/home/webius/Desktop/pico-dev/pico/pico-sdk/src/common/pico_sync/lock_core.c.obj
                0x0000000010001aac                lock_init
 .text.to_us_since_boot
                0x0000000010001ad8       0x18 CMakeFiles/max31865_test.dir/home/webius/Desktop/pico-dev/pico/pico-sdk/src/common/pico_sync/mutex.c.obj
 .text.update_us_since_boot
                0x0000000010001af0       0x40 CMakeFiles/max31865_test.dir/home/webius/Desktop/pico-dev/pico/pico-sdk/src/common/pico_sync/mutex.c.obj
 .text.get_absolute_time
                0x0000000010001b30       0x2c CMakeFiles/max31865_test.dir/home/webius/Desktop/pico-dev/pico/pico-sdk/src/common/pico_sync/mutex.c.obj
 .text.delayed_by_ms
                0x0000000010001b5c       0x80 CMakeFiles/max31865_test.dir/home/webius/Desktop/pico-dev/pico/pico-sdk/src/common/pico_sync/mutex.c.obj
 .text.make_timeout_time_ms
                0x0000000010001bdc       0x2a CMakeFiles/max31865_test.dir/home/webius/Desktop/pico-dev/pico/pico-sdk/src/common/pico_sync/mutex.c.obj
 .text.mutex_init
                0x0000000010001c06       0x2e CMakeFiles/max31865_test.dir/home/webius/Desktop/pico-dev/pico/pico-sdk/src/common/pico_sync/mutex.c.obj
                0x0000000010001c06                mutex_init
 .text.recursive_mutex_init
                0x0000000010001c34       0x34 CMakeFiles/max31865_test.dir/home/webius/Desktop/pico-dev/pico/pico-sdk/src/common/pico_sync/mutex.c.obj
                0x0000000010001c34                recursive_mutex_init
 .text.critical_section_init
                0x0000000010001c68       0x24 CMakeFiles/max31865_test.dir/home/webius/Desktop/pico-dev/pico/pico-sdk/src/common/pico_sync/critical_section.c.obj
                0x0000000010001c68                critical_section_init
 .text.critical_section_init_with_lock_num
                0x0000000010001c8c       0x34 CMakeFiles/max31865_test.dir/home/webius/Desktop/pico-dev/pico/pico-sdk/src/common/pico_sync/critical_section.c.obj
                0x0000000010001c8c                critical_section_init_with_lock_num
 .text.to_us_since_boot
                0x0000000010001cc0       0x18 CMakeFiles/max31865_test.dir/home/webius/Desktop/pico-dev/pico/pico-sdk/src/common/pico_time/time.c.obj
 .text.update_us_since_boot
                0x0000000010001cd8       0x40 CMakeFiles/max31865_test.dir/home/webius/Desktop/pico-dev/pico/pico-sdk/src/common/pico_time/time.c.obj
 .text.time_reached
                0x0000000010001d18       0x64 CMakeFiles/max31865_test.dir/home/webius/Desktop/pico-dev/pico/pico-sdk/src/common/pico_time/time.c.obj
 .text.get_absolute_time
                0x0000000010001d7c       0x2c CMakeFiles/max31865_test.dir/home/webius/Desktop/pico-dev/pico/pico-sdk/src/common/pico_time/time.c.obj
 .text.delayed_by_us
                0x0000000010001da8       0x68 CMakeFiles/max31865_test.dir/home/webius/Desktop/pico-dev/pico/pico-sdk/src/common/pico_time/time.c.obj
 .text.make_timeout_time_us
                0x0000000010001e10       0x36 CMakeFiles/max31865_test.dir/home/webius/Desktop/pico-dev/pico/pico-sdk/src/common/pico_time/time.c.obj
 .text.absolute_time_diff_us
                0x0000000010001e46       0x40 CMakeFiles/max31865_test.dir/home/webius/Desktop/pico-dev/pico/pico-sdk/src/common/pico_time/time.c.obj
 .text.add_alarm_at
                0x0000000010001e86       0x34 CMakeFiles/max31865_test.dir/home/webius/Desktop/pico-dev/pico/pico-sdk/src/common/pico_time/time.c.obj
 .text.cancel_alarm
                0x0000000010001eba       0x22 CMakeFiles/max31865_test.dir/home/webius/Desktop/pico-dev/pico/pico-sdk/src/common/pico_time/time.c.obj
 .text.ph_get_node
                0x0000000010001edc       0x54 CMakeFiles/max31865_test.dir/home/webius/Desktop/pico-dev/pico/pico-sdk/src/common/pico_time/time.c.obj
 .text.ph_add_child_node
                0x0000000010001f30       0xc4 CMakeFiles/max31865_test.dir/home/webius/Desktop/pico-dev/pico/pico-sdk/src/common/pico_time/time.c.obj
 .text.ph_merge_nodes
                0x0000000010001ff4       0x7e CMakeFiles/max31865_test.dir/home/webius/Desktop/pico-dev/pico/pico-sdk/src/common/pico_time/time.c.obj
 .text.ph_new_node
                0x0000000010002072       0x6a CMakeFiles/max31865_test.dir/home/webius/Desktop/pico-dev/pico/pico-sdk/src/common/pico_time/time.c.obj
 .text.ph_insert_node
                0x00000000100020dc       0x7c CMakeFiles/max31865_test.dir/home/webius/Desktop/pico-dev/pico/pico-sdk/src/common/pico_time/time.c.obj
 .text.ph_peek_head
                0x0000000010002158       0x14 CMakeFiles/max31865_test.dir/home/webius/Desktop/pico-dev/pico/pico-sdk/src/common/pico_time/time.c.obj
 .text.ph_contains_node
                0x000000001000216c       0x46 CMakeFiles/max31865_test.dir/home/webius/Desktop/pico-dev/pico/pico-sdk/src/common/pico_time/time.c.obj
 *fill*         0x00000000100021b2        0x2 
 .text.ph_free_node
                0x00000000100021b4       0x98 CMakeFiles/max31865_test.dir/home/webius/Desktop/pico-dev/pico/pico-sdk/src/common/pico_time/time.c.obj
 .text.default_alarm_pool_initialized
                0x000000001000224c       0x18 CMakeFiles/max31865_test.dir/home/webius/Desktop/pico-dev/pico/pico-sdk/src/common/pico_time/time.c.obj
 .text.get_entry
                0x0000000010002264       0x5c CMakeFiles/max31865_test.dir/home/webius/Desktop/pico-dev/pico/pico-sdk/src/common/pico_time/time.c.obj
 .text.get_entry_id_high
                0x00000000100022c0       0x50 CMakeFiles/max31865_test.dir/home/webius/Desktop/pico-dev/pico/pico-sdk/src/common/pico_time/time.c.obj
 .text.timer_pool_entry_comparator
                0x0000000010002310       0x76 CMakeFiles/max31865_test.dir/home/webius/Desktop/pico-dev/pico/pico-sdk/src/common/pico_time/time.c.obj
                0x0000000010002310                timer_pool_entry_comparator
 .text.make_public_id
                0x0000000010002386       0x26 CMakeFiles/max31865_test.dir/home/webius/Desktop/pico-dev/pico/pico-sdk/src/common/pico_time/time.c.obj
 .text.alarm_pool_init_default
                0x00000000100023ac       0x50 CMakeFiles/max31865_test.dir/home/webius/Desktop/pico-dev/pico/pico-sdk/src/common/pico_time/time.c.obj
                0x00000000100023ac                alarm_pool_init_default
 .text.alarm_pool_get_default
                0x00000000100023fc       0x30 CMakeFiles/max31865_test.dir/home/webius/Desktop/pico-dev/pico/pico-sdk/src/common/pico_time/time.c.obj
                0x00000000100023fc                alarm_pool_get_default
 .text.add_alarm_under_lock
                0x000000001000242c      0x128 CMakeFiles/max31865_test.dir/home/webius/Desktop/pico-dev/pico/pico-sdk/src/common/pico_time/time.c.obj
 .text.alarm_pool_alarm_callback
                0x0000000010002554      0x414 CMakeFiles/max31865_test.dir/home/webius/Desktop/pico-dev/pico/pico-sdk/src/common/pico_time/time.c.obj
 .text.alarm_pool_post_alloc_init
                0x0000000010002968       0x68 CMakeFiles/max31865_test.dir/home/webius/Desktop/pico-dev/pico/pico-sdk/src/common/pico_time/time.c.obj
 .text.alarm_pool_add_alarm_at
                0x00000000100029d0      0x192 CMakeFiles/max31865_test.dir/home/webius/Desktop/pico-dev/pico/pico-sdk/src/common/pico_time/time.c.obj
                0x00000000100029d0                alarm_pool_add_alarm_at
 *fill*         0x0000000010002b62        0x2 
 .text.alarm_pool_cancel_alarm
                0x0000000010002b64      0x134 CMakeFiles/max31865_test.dir/home/webius/Desktop/pico-dev/pico/pico-sdk/src/common/pico_time/time.c.obj
                0x0000000010002b64                alarm_pool_cancel_alarm
 .text.alarm_pool_core_num
                0x0000000010002c98       0x14 CMakeFiles/max31865_test.dir/home/webius/Desktop/pico-dev/pico/pico-sdk/src/common/pico_time/time.c.obj
                0x0000000010002c98                alarm_pool_core_num
 .text.sleep_until_callback
                0x0000000010002cac       0x80 CMakeFiles/max31865_test.dir/home/webius/Desktop/pico-dev/pico/pico-sdk/src/common/pico_time/time.c.obj
 .text.sleep_until
                0x0000000010002d2c      0x14c CMakeFiles/max31865_test.dir/home/webius/Desktop/pico-dev/pico/pico-sdk/src/common/pico_time/time.c.obj
                0x0000000010002d2c                sleep_until
 .text.sleep_us
                0x0000000010002e78       0x2c CMakeFiles/max31865_test.dir/home/webius/Desktop/pico-dev/pico/pico-sdk/src/common/pico_time/time.c.obj
                0x0000000010002e78                sleep_us
 .text.sleep_ms
                0x0000000010002ea4       0x32 CMakeFiles/max31865_test.dir/home/webius/Desktop/pico-dev/pico/pico-sdk/src/common/pico_time/time.c.obj
                0x0000000010002ea4                sleep_ms
 *fill*         0x0000000010002ed6        0x2 
 .text.best_effort_wfe_or_timeout
                0x0000000010002ed8       0x7c CMakeFiles/max31865_test.dir/home/webius/Desktop/pico-dev/pico/pico-sdk/src/common/pico_time/time.c.obj
                0x0000000010002ed8                best_effort_wfe_or_timeout
 .text.to_us_since_boot
                0x0000000010002f54       0x18 CMakeFiles/max31865_test.dir/home/webius/Desktop/pico-dev/pico/pico-sdk/src/rp2_common/hardware_timer/timer.c.obj
 .text.check_hardware_alarm_num_param
                0x0000000010002f6c       0x10 CMakeFiles/max31865_test.dir/home/webius/Desktop/pico-dev/pico/pico-sdk/src/rp2_common/hardware_timer/timer.c.obj
 .text.irq_clear
                0x0000000010002f7c       0x24 CMakeFiles/max31865_test.dir/home/webius/Desktop/pico-dev/pico/pico-sdk/src/rp2_common/hardware_timer/timer.c.obj
 .text.hardware_alarm_claim
                0x0000000010002fa0       0x2c CMakeFiles/max31865_test.dir/home/webius/Desktop/pico-dev/pico/pico-sdk/src/rp2_common/hardware_timer/timer.c.obj
                0x0000000010002fa0                hardware_alarm_claim
 .text.time_us_64
                0x0000000010002fcc       0x60 CMakeFiles/max31865_test.dir/home/webius/Desktop/pico-dev/pico/pico-sdk/src/rp2_common/hardware_timer/timer.c.obj
                0x0000000010002fcc                time_us_64
 .text.busy_wait_until
                0x000000001000302c       0x6c CMakeFiles/max31865_test.dir/home/webius/Desktop/pico-dev/pico/pico-sdk/src/rp2_common/hardware_timer/timer.c.obj
                0x000000001000302c                busy_wait_until
 .text.harware_alarm_irq_number
                0x0000000010003098       0x12 CMakeFiles/max31865_test.dir/home/webius/Desktop/pico-dev/pico/pico-sdk/src/rp2_common/hardware_timer/timer.c.obj
 *fill*         0x00000000100030aa        0x2 
 .text.hardware_alarm_irq_handler
                0x00000000100030ac      0x13c CMakeFiles/max31865_test.dir/home/webius/Desktop/pico-dev/pico/pico-sdk/src/rp2_common/hardware_timer/timer.c.obj
 .text.hardware_alarm_set_callback
                0x00000000100031e8      0x134 CMakeFiles/max31865_test.dir/home/webius/Desktop/pico-dev/pico/pico-sdk/src/rp2_common/hardware_timer/timer.c.obj
                0x00000000100031e8                hardware_alarm_set_callback
 .text.hardware_alarm_set_target
                0x000000001000331c      0x1c4 CMakeFiles/max31865_test.dir/home/webius/Desktop/pico-dev/pico/pico-sdk/src/rp2_common/hardware_timer/timer.c.obj
                0x000000001000331c                hardware_alarm_set_target
 .text.hardware_alarm_cancel
                0x00000000100034e0       0xb8 CMakeFiles/max31865_test.dir/home/webius/Desktop/pico-dev/pico/pico-sdk/src/rp2_common/hardware_timer/timer.c.obj
                0x00000000100034e0                hardware_alarm_cancel
 .text.ph_get_node
                0x0000000010003598       0x54 CMakeFiles/max31865_test.dir/home/webius/Desktop/pico-dev/pico/pico-sdk/src/common/pico_util/pheap.c.obj
 .text.ph_add_child_node
                0x00000000100035ec       0xc4 CMakeFiles/max31865_test.dir/home/webius/Desktop/pico-dev/pico/pico-sdk/src/common/pico_util/pheap.c.obj
 .text.ph_merge_nodes
                0x00000000100036b0       0x7e CMakeFiles/max31865_test.dir/home/webius/Desktop/pico-dev/pico/pico-sdk/src/common/pico_util/pheap.c.obj
 .text.ph_peek_head
                0x000000001000372e       0x14 CMakeFiles/max31865_test.dir/home/webius/Desktop/pico-dev/pico/pico-sdk/src/common/pico_util/pheap.c.obj
 .text.ph_remove_and_free_head
                0x0000000010003742       0x1c CMakeFiles/max31865_test.dir/home/webius/Desktop/pico-dev/pico/pico-sdk/src/common/pico_util/pheap.c.obj
 .text.ph_post_alloc_init
                0x000000001000375e       0x32 CMakeFiles/max31865_test.dir/home/webius/Desktop/pico-dev/pico/pico-sdk/src/common/pico_util/pheap.c.obj
                0x000000001000375e                ph_post_alloc_init
 .text.ph_clear
                0x0000000010003790       0x78 CMakeFiles/max31865_test.dir/home/webius/Desktop/pico-dev/pico/pico-sdk/src/common/pico_util/pheap.c.obj
                0x0000000010003790                ph_clear
 .text.ph_merge_two_pass
                0x0000000010003808       0xd0 CMakeFiles/max31865_test.dir/home/webius/Desktop/pico-dev/pico/pico-sdk/src/common/pico_util/pheap.c.obj
                0x0000000010003808                ph_merge_two_pass
 .text.ph_remove_any_head
                0x00000000100038d8      0x140 CMakeFiles/max31865_test.dir/home/webius/Desktop/pico-dev/pico/pico-sdk/src/common/pico_util/pheap.c.obj
 .text.ph_remove_head
                0x0000000010003a18       0x44 CMakeFiles/max31865_test.dir/home/webius/Desktop/pico-dev/pico/pico-sdk/src/common/pico_util/pheap.c.obj
                0x0000000010003a18                ph_remove_head
 .text.ph_remove_and_free_node
                0x0000000010003a5c      0x154 CMakeFiles/max31865_test.dir/home/webius/Desktop/pico-dev/pico/pico-sdk/src/common/pico_util/pheap.c.obj
                0x0000000010003a5c                ph_remove_and_free_node
 .text.busy_wait_at_least_cycles
                0x0000000010003bb0       0x18 CMakeFiles/max31865_test.dir/home/webius/Desktop/pico-dev/pico/pico-sdk/src/rp2_common/hardware_clocks/clocks.c.obj
 .text.has_glitchless_mux
                0x0000000010003bc8       0x32 CMakeFiles/max31865_test.dir/home/webius/Desktop/pico-dev/pico/pico-sdk/src/rp2_common/hardware_clocks/clocks.c.obj
 *fill*         0x0000000010003bfa        0x2 
 .text.clock_configure
                0x0000000010003bfc      0x27c CMakeFiles/max31865_test.dir/home/webius/Desktop/pico-dev/pico/pico-sdk/src/rp2_common/hardware_clocks/clocks.c.obj
                0x0000000010003bfc                clock_configure
 .text.clocks_init
                0x0000000010003e78      0x148 CMakeFiles/max31865_test.dir/home/webius/Desktop/pico-dev/pico/pico-sdk/src/rp2_common/hardware_clocks/clocks.c.obj
                0x0000000010003e78                clocks_init
 .text.clock_get_hz
                0x0000000010003fc0       0x24 CMakeFiles/max31865_test.dir/home/webius/Desktop/pico-dev/pico/pico-sdk/src/rp2_common/hardware_clocks/clocks.c.obj
                0x0000000010003fc0                clock_get_hz
 .text.reset_block
                0x0000000010003fe4       0x2c CMakeFiles/max31865_test.dir/home/webius/Desktop/pico-dev/pico/pico-sdk/src/rp2_common/hardware_pll/pll.c.obj
 .text.unreset_block_wait
                0x0000000010004010       0x3c CMakeFiles/max31865_test.dir/home/webius/Desktop/pico-dev/pico/pico-sdk/src/rp2_common/hardware_pll/pll.c.obj
 .text.pll_init
                0x000000001000404c      0x180 CMakeFiles/max31865_test.dir/home/webius/Desktop/pico-dev/pico/pico-sdk/src/rp2_common/hardware_pll/pll.c.obj
                0x000000001000404c                pll_init
 .text.watchdog_start_tick
                0x00000000100041cc       0x20 CMakeFiles/max31865_test.dir/home/webius/Desktop/pico-dev/pico/pico-sdk/src/rp2_common/hardware_watchdog/watchdog.c.obj
                0x00000000100041cc                watchdog_start_tick
 .text.watchdog_update
                0x00000000100041ec       0x1c CMakeFiles/max31865_test.dir/home/webius/Desktop/pico-dev/pico/pico-sdk/src/rp2_common/hardware_watchdog/watchdog.c.obj
                0x00000000100041ec                watchdog_update
 .text._watchdog_enable
                0x0000000010004208       0xf4 CMakeFiles/max31865_test.dir/home/webius/Desktop/pico-dev/pico/pico-sdk/src/rp2_common/hardware_watchdog/watchdog.c.obj
                0x0000000010004208                _watchdog_enable
 .text.watchdog_reboot
                0x00000000100042fc       0x74 CMakeFiles/max31865_test.dir/home/webius/Desktop/pico-dev/pico/pico-sdk/src/rp2_common/hardware_watchdog/watchdog.c.obj
                0x00000000100042fc                watchdog_reboot
 .text.xosc_init
                0x0000000010004370       0x48 CMakeFiles/max31865_test.dir/home/webius/Desktop/pico-dev/pico/pico-sdk/src/rp2_common/hardware_xosc/xosc.c.obj
                0x0000000010004370                xosc_init
 .text.__breakpoint
                0x00000000100043b8        0xc CMakeFiles/max31865_test.dir/home/webius/Desktop/pico-dev/pico/pico-sdk/src/rp2_common/pico_runtime/runtime.c.obj
 .text.reset_block
                0x00000000100043c4       0x2c CMakeFiles/max31865_test.dir/home/webius/Desktop/pico-dev/pico/pico-sdk/src/rp2_common/pico_runtime/runtime.c.obj
 .text.unreset_block_wait
                0x00000000100043f0       0x3c CMakeFiles/max31865_test.dir/home/webius/Desktop/pico-dev/pico/pico-sdk/src/rp2_common/pico_runtime/runtime.c.obj
 .text.runtime_init
                0x000000001000442c      0x138 CMakeFiles/max31865_test.dir/home/webius/Desktop/pico-dev/pico/pico-sdk/src/rp2_common/pico_runtime/runtime.c.obj
                0x000000001000442c                runtime_init
 .text._exit    0x0000000010004564        0xe CMakeFiles/max31865_test.dir/home/webius/Desktop/pico-dev/pico/pico-sdk/src/rp2_common/pico_runtime/runtime.c.obj
                0x0000000010004564                _exit
 *fill*         0x0000000010004572        0x2 
 .text._sbrk    0x0000000010004574       0x58 CMakeFiles/max31865_test.dir/home/webius/Desktop/pico-dev/pico/pico-sdk/src/rp2_common/pico_runtime/runtime.c.obj
                0x0000000010004574                _sbrk
 .text.exit     0x00000000100045cc       0x10 CMakeFiles/max31865_test.dir/home/webius/Desktop/pico-dev/pico/pico-sdk/src/rp2_common/pico_runtime/runtime.c.obj
                0x00000000100045cc                exit
 .text.__assert_func
                0x00000000100045dc       0x4c CMakeFiles/max31865_test.dir/home/webius/Desktop/pico-dev/pico/pico-sdk/src/rp2_common/pico_runtime/runtime.c.obj
                0x00000000100045dc                __assert_func
 .text.panic    0x0000000010004628       0x40 CMakeFiles/max31865_test.dir/home/webius/Desktop/pico-dev/pico/pico-sdk/src/rp2_common/pico_runtime/runtime.c.obj
                0x0000000010004628                panic
 .text._out_null
                0x0000000010004668       0x1c CMakeFiles/max31865_test.dir/home/webius/Desktop/pico-dev/pico/pico-sdk/src/rp2_common/pico_printf/printf.c.obj
 .text._out_fct
                0x0000000010004684       0x36 CMakeFiles/max31865_test.dir/home/webius/Desktop/pico-dev/pico/pico-sdk/src/rp2_common/pico_printf/printf.c.obj
 .text._strnlen_s
                0x00000000100046ba       0x36 CMakeFiles/max31865_test.dir/home/webius/Desktop/pico-dev/pico/pico-sdk/src/rp2_common/pico_printf/printf.c.obj
 .text._is_digit
                0x00000000100046f0       0x32 CMakeFiles/max31865_test.dir/home/webius/Desktop/pico-dev/pico/pico-sdk/src/rp2_common/pico_printf/printf.c.obj
 .text._atoi    0x0000000010004722       0x46 CMakeFiles/max31865_test.dir/home/webius/Desktop/pico-dev/pico/pico-sdk/src/rp2_common/pico_printf/printf.c.obj
 .text._out_rev
                0x0000000010004768       0x9a CMakeFiles/max31865_test.dir/home/webius/Desktop/pico-dev/pico/pico-sdk/src/rp2_common/pico_printf/printf.c.obj
 .text._ntoa_format
                0x0000000010004802      0x1ac CMakeFiles/max31865_test.dir/home/webius/Desktop/pico-dev/pico/pico-sdk/src/rp2_common/pico_printf/printf.c.obj
 .text._ntoa_long
                0x00000000100049ae       0xd2 CMakeFiles/max31865_test.dir/home/webius/Desktop/pico-dev/pico/pico-sdk/src/rp2_common/pico_printf/printf.c.obj
 .text._ntoa_long_long
                0x0000000010004a80       0xe6 CMakeFiles/max31865_test.dir/home/webius/Desktop/pico-dev/pico/pico-sdk/src/rp2_common/pico_printf/printf.c.obj
 *fill*         0x0000000010004b66        0x2 
 .text._ftoa    0x0000000010004b68      0x494 CMakeFiles/max31865_test.dir/home/webius/Desktop/pico-dev/pico/pico-sdk/src/rp2_common/pico_printf/printf.c.obj
 .text._etoa    0x0000000010004ffc      0x594 CMakeFiles/max31865_test.dir/home/webius/Desktop/pico-dev/pico/pico-sdk/src/rp2_common/pico_printf/printf.c.obj
 .text._vsnprintf
                0x0000000010005590      0x8a0 CMakeFiles/max31865_test.dir/home/webius/Desktop/pico-dev/pico/pico-sdk/src/rp2_common/pico_printf/printf.c.obj
 .text.vfctprintf
                0x0000000010005e30       0x40 CMakeFiles/max31865_test.dir/home/webius/Desktop/pico-dev/pico/pico-sdk/src/rp2_common/pico_printf/printf.c.obj
                0x0000000010005e30                vfctprintf
 .text          0x0000000010005e70       0x10 CMakeFiles/max31865_test.dir/home/webius/Desktop/pico-dev/pico/pico-sdk/src/rp2_common/pico_bit_ops/bit_ops_aeabi.S.obj
 .text.rom_func_lookup
                0x0000000010005e80       0x2c CMakeFiles/max31865_test.dir/home/webius/Desktop/pico-dev/pico/pico-sdk/src/rp2_common/pico_bootrom/bootrom.c.obj
                0x0000000010005e80                rom_func_lookup
 .text.rom_data_lookup
                0x0000000010005eac       0x28 CMakeFiles/max31865_test.dir/home/webius/Desktop/pico-dev/pico/pico-sdk/src/rp2_common/pico_bootrom/bootrom.c.obj
                0x0000000010005eac                rom_data_lookup
 .text.rom_funcs_lookup
                0x0000000010005ed4       0x68 CMakeFiles/max31865_test.dir/home/webius/Desktop/pico-dev/pico/pico-sdk/src/rp2_common/pico_bootrom/bootrom.c.obj
                0x0000000010005ed4                rom_funcs_lookup
 .text.__wrap___aeabi_idiv
                0x0000000010005f3c       0x50 CMakeFiles/max31865_test.dir/home/webius/Desktop/pico-dev/pico/pico-sdk/src/rp2_common/pico_divider/divider.S.obj
                0x0000000010005f3c                __wrap___aeabi_idivmod
                0x0000000010005f3c                divmod_s32s32
                0x0000000010005f3c                div_s32s32
                0x0000000010005f3c                __wrap___aeabi_idiv
                0x0000000010005f44                divmod_s32s32_unsafe
                0x0000000010005f70                divmod_s32s32_savestate
 .text.__wrap___aeabi_uidiv
                0x0000000010005f8c       0x4c CMakeFiles/max31865_test.dir/home/webius/Desktop/pico-dev/pico/pico-sdk/src/rp2_common/pico_divider/divider.S.obj
                0x0000000010005f8c                __wrap___aeabi_uidiv
                0x0000000010005f8c                __wrap___aeabi_uidivmod
                0x0000000010005f8c                div_u32u32
                0x0000000010005f8c                divmod_u32u32
                0x0000000010005f94                divmod_u32u32_unsafe
                0x0000000010005fbc                divmod_u32u32_savestate
 .text.__wrap___aeabi_ldiv
                0x0000000010005fd8      0x424 CMakeFiles/max31865_test.dir/home/webius/Desktop/pico-dev/pico/pico-sdk/src/rp2_common/pico_divider/divider.S.obj
                0x0000000010005fd8                div_s64s64
                0x0000000010005fd8                divmod_s64s64
                0x0000000010005fd8                __wrap___aeabi_ldivmod
                0x0000000010006008                div_u64u64
                0x0000000010006008                divmod_u64u64
                0x0000000010006008                __wrap___aeabi_uldivmod
                0x0000000010006018                divmod_u64u64_savestate
                0x0000000010006038                divmod_s64s64_unsafe
                0x00000000100060c0                divmod_u64u64_unsafe
 .text.__wrap___aeabi_darithmetic
                0x00000000100063fc       0x80 CMakeFiles/max31865_test.dir/home/webius/Desktop/pico-dev/pico/pico-sdk/src/rp2_common/pico_double/double_aeabi.S.obj
                0x00000000100063fc                __wrap___aeabi_drsub
                0x0000000010006402                __wrap___aeabi_dsub
                0x0000000010006414                __wrap___aeabi_dadd
                0x0000000010006426                __wrap___aeabi_ddiv
                0x0000000010006462                __wrap___aeabi_dmul
 .text.__wrap___aeabi_cdcmple
                0x000000001000647c       0x6c CMakeFiles/max31865_test.dir/home/webius/Desktop/pico-dev/pico/pico-sdk/src/rp2_common/pico_double/double_aeabi.S.obj
                0x000000001000647c                __wrap___aeabi_cdrcmple
                0x000000001000648c                __wrap___aeabi_cdcmple
                0x000000001000648c                __wrap___aeabi_cdcmpeq
 .text.__wrap___aeabi_dcmplt
                0x00000000100064e8        0xc CMakeFiles/max31865_test.dir/home/webius/Desktop/pico-dev/pico/pico-sdk/src/rp2_common/pico_double/double_aeabi.S.obj
                0x00000000100064e8                __wrap___aeabi_dcmplt
 .text.__wrap___aeabi_dcmpge
                0x00000000100064f4       0x10 CMakeFiles/max31865_test.dir/home/webius/Desktop/pico-dev/pico/pico-sdk/src/rp2_common/pico_double/double_aeabi.S.obj
                0x00000000100064f4                __wrap___aeabi_dcmpge
 .text.__wrap___aeabi_dcmpgt
                0x0000000010006504        0xa CMakeFiles/max31865_test.dir/home/webius/Desktop/pico-dev/pico/pico-sdk/src/rp2_common/pico_double/double_aeabi.S.obj
                0x0000000010006504                __wrap___aeabi_dcmpgt
 .text.__wrap___aeabi_dcmpun
                0x000000001000650e       0x1c CMakeFiles/max31865_test.dir/home/webius/Desktop/pico-dev/pico/pico-sdk/src/rp2_common/pico_double/double_aeabi.S.obj
                0x000000001000650e                __wrap___aeabi_dcmpun
 *fill*         0x000000001000652a        0x2 
 .text.__wrap___aeabi_i2d
                0x000000001000652c       0x38 CMakeFiles/max31865_test.dir/home/webius/Desktop/pico-dev/pico/pico-sdk/src/rp2_common/pico_double/double_aeabi.S.obj
                0x000000001000652c                __wrap___aeabi_ui2d
                0x0000000010006534                __wrap___aeabi_i2d
 .text.__wrap___aeabi_d2iz
                0x0000000010006564       0x48 CMakeFiles/max31865_test.dir/home/webius/Desktop/pico-dev/pico/pico-sdk/src/rp2_common/pico_double/double_aeabi.S.obj
                0x0000000010006564                __wrap___aeabi_d2iz
                0x0000000010006564                double2int_z
 .text.__wrap___aeabi_d2uiz
                0x00000000100065ac       0x18 CMakeFiles/max31865_test.dir/home/webius/Desktop/pico-dev/pico/pico-sdk/src/rp2_common/pico_double/double_aeabi.S.obj
                0x00000000100065ac                double2uint
                0x00000000100065ac                __wrap___aeabi_d2uiz
 .text.rp2040_rom_version
                0x00000000100065c4        0xe CMakeFiles/max31865_test.dir/home/webius/Desktop/pico-dev/pico/pico-sdk/src/rp2_common/pico_double/double_init_rom.c.obj
 .text.rom_table_code
                0x00000000100065d2       0x26 CMakeFiles/max31865_test.dir/home/webius/Desktop/pico-dev/pico/pico-sdk/src/rp2_common/pico_double/double_init_rom.c.obj
 .text.__aeabi_double_init
                0x00000000100065f8       0xfc CMakeFiles/max31865_test.dir/home/webius/Desktop/pico-dev/pico/pico-sdk/src/rp2_common/pico_double/double_init_rom.c.obj
                0x00000000100065f8                __aeabi_double_init
 .text.double_table_shim_on_use_helper
                0x00000000100066f4       0x34 CMakeFiles/max31865_test.dir/home/webius/Desktop/pico-dev/pico/pico-sdk/src/rp2_common/pico_double/double_v1_rom_shim.S.obj
                0x00000000100066f4                double_table_shim_on_use_helper
 .text.__wrap___aeabi_dsub
                0x0000000010006728       0x10 CMakeFiles/max31865_test.dir/home/webius/Desktop/pico-dev/pico/pico-sdk/src/rp2_common/pico_double/double_v1_rom_shim.S.obj
                0x0000000010006728                drsub_shim
                0x000000001000672e                dsub_shim
 .text.dadd_shim
                0x0000000010006738      0x15c CMakeFiles/max31865_test.dir/home/webius/Desktop/pico-dev/pico/pico-sdk/src/rp2_common/pico_double/double_v1_rom_shim.S.obj
                0x0000000010006738                dadd_shim
 .text.dmul_shim
                0x0000000010006894      0x15c CMakeFiles/max31865_test.dir/home/webius/Desktop/pico-dev/pico/pico-sdk/src/rp2_common/pico_double/double_v1_rom_shim.S.obj
                0x0000000010006894                dmul_shim
 .text.ddiv_shim
                0x00000000100069f0      0x1b0 CMakeFiles/max31865_test.dir/home/webius/Desktop/pico-dev/pico/pico-sdk/src/rp2_common/pico_double/double_v1_rom_shim.S.obj
                0x00000000100069f0                ddiv_shim
 .text.double2uint_shim
                0x0000000010006ba0        0xe CMakeFiles/max31865_test.dir/home/webius/Desktop/pico-dev/pico/pico-sdk/src/rp2_common/pico_double/double_v1_rom_shim.S.obj
                0x0000000010006ba0                double2uint_shim
                0x0000000010006ba2                double2ufix_shim
 *fill*         0x0000000010006bae        0x2 
 .text.double2uint64_shim
                0x0000000010006bb0       0x70 CMakeFiles/max31865_test.dir/home/webius/Desktop/pico-dev/pico/pico-sdk/src/rp2_common/pico_double/double_v1_rom_shim.S.obj
                0x0000000010006bb0                double2uint64_shim
                0x0000000010006bb2                double2ufix64_shim
                0x0000000010006bd2                d2fix_a
 .text.dunpacks
                0x0000000010006c20       0x3c CMakeFiles/max31865_test.dir/home/webius/Desktop/pico-dev/pico/pico-sdk/src/rp2_common/pico_double/double_v1_rom_shim.S.obj
                0x0000000010006c20                dunpacks
 .text.__aeabi_lmul
                0x0000000010006c5c       0x32 CMakeFiles/max31865_test.dir/home/webius/Desktop/pico-dev/pico/pico-sdk/src/rp2_common/pico_int64_ops/pico_int64_ops_aeabi.S.obj
                0x0000000010006c5c                __wrap___aeabi_lmul
 .text.rp2040_rom_version
                0x0000000010006c8e        0xe CMakeFiles/max31865_test.dir/home/webius/Desktop/pico-dev/pico/pico-sdk/src/rp2_common/pico_float/float_init_rom.c.obj
 .text.rom_table_code
                0x0000000010006c9c       0x26 CMakeFiles/max31865_test.dir/home/webius/Desktop/pico-dev/pico/pico-sdk/src/rp2_common/pico_float/float_init_rom.c.obj
 *fill*         0x0000000010006cc2        0x2 
 .text.__aeabi_float_init
                0x0000000010006cc4      0x130 CMakeFiles/max31865_test.dir/home/webius/Desktop/pico-dev/pico/pico-sdk/src/rp2_common/pico_float/float_init_rom.c.obj
                0x0000000010006cc4                __aeabi_float_init
 .text.float_table_shim_on_use_helper
                0x0000000010006df4       0x34 CMakeFiles/max31865_test.dir/home/webius/Desktop/pico-dev/pico/pico-sdk/src/rp2_common/pico_float/float_v1_rom_shim.S.obj
                0x0000000010006df4                float_table_shim_on_use_helper
 .text.check_alloc
                0x0000000010006e28       0x34 CMakeFiles/max31865_test.dir/home/webius/Desktop/pico-dev/pico/pico-sdk/src/rp2_common/pico_malloc/pico_malloc.c.obj
 .text.__wrap_malloc
                0x0000000010006e5c       0x2a CMakeFiles/max31865_test.dir/home/webius/Desktop/pico-dev/pico/pico-sdk/src/rp2_common/pico_malloc/pico_malloc.c.obj
                0x0000000010006e5c                __wrap_malloc
 *fill*         0x0000000010006e86        0x2 
 .text          0x0000000010006e88       0x10 CMakeFiles/max31865_test.dir/home/webius/Desktop/pico-dev/pico/pico-sdk/src/rp2_common/pico_mem_ops/mem_ops_aeabi.S.obj
                0x0000000010006e88                __aeabi_mem_init
 .text.memset   0x0000000010006e98        0xc CMakeFiles/max31865_test.dir/home/webius/Desktop/pico-dev/pico/pico-sdk/src/rp2_common/pico_mem_ops/mem_ops_aeabi.S.obj
                0x0000000010006e98                __wrap_memset
 .text.memcpy   0x0000000010006ea4        0xc CMakeFiles/max31865_test.dir/home/webius/Desktop/pico-dev/pico/pico-sdk/src/rp2_common/pico_mem_ops/mem_ops_aeabi.S.obj
                0x0000000010006ea4                __wrap___aeabi_memcpy
                0x0000000010006ea4                __wrap_memcpy
 .text.to_us_since_boot
                0x0000000010006eb0       0x18 CMakeFiles/max31865_test.dir/home/webius/Desktop/pico-dev/pico/pico-sdk/src/rp2_common/pico_stdio/stdio.c.obj
 .text.update_us_since_boot
                0x0000000010006ec8       0x40 CMakeFiles/max31865_test.dir/home/webius/Desktop/pico-dev/pico/pico-sdk/src/rp2_common/pico_stdio/stdio.c.obj
 .text.get_absolute_time
                0x0000000010006f08       0x2c CMakeFiles/max31865_test.dir/home/webius/Desktop/pico-dev/pico/pico-sdk/src/rp2_common/pico_stdio/stdio.c.obj
 .text.delayed_by_ms
                0x0000000010006f34       0x80 CMakeFiles/max31865_test.dir/home/webius/Desktop/pico-dev/pico/pico-sdk/src/rp2_common/pico_stdio/stdio.c.obj
 .text.make_timeout_time_ms
                0x0000000010006fb4       0x2a CMakeFiles/max31865_test.dir/home/webius/Desktop/pico-dev/pico/pico-sdk/src/rp2_common/pico_stdio/stdio.c.obj
 *fill*         0x0000000010006fde        0x2 
 .text.stdout_serialize_begin
                0x0000000010006fe0       0x30 CMakeFiles/max31865_test.dir/home/webius/Desktop/pico-dev/pico/pico-sdk/src/rp2_common/pico_stdio/stdio.c.obj
                0x0000000010006fe0                stdout_serialize_begin
 .text.stdout_serialize_end
                0x0000000010007010       0x18 CMakeFiles/max31865_test.dir/home/webius/Desktop/pico-dev/pico/pico-sdk/src/rp2_common/pico_stdio/stdio.c.obj
                0x0000000010007010                stdout_serialize_end
 .text.stdio_out_chars_no_crlf
                0x0000000010007028       0x20 CMakeFiles/max31865_test.dir/home/webius/Desktop/pico-dev/pico/pico-sdk/src/rp2_common/pico_stdio/stdio.c.obj
 .text.stdio_out_chars_crlf
                0x0000000010007048       0xf4 CMakeFiles/max31865_test.dir/home/webius/Desktop/pico-dev/pico/pico-sdk/src/rp2_common/pico_stdio/stdio.c.obj
 .text.stdio_put_string
                0x000000001000713c       0xcc CMakeFiles/max31865_test.dir/home/webius/Desktop/pico-dev/pico/pico-sdk/src/rp2_common/pico_stdio/stdio.c.obj
 .text.__wrap_puts
                0x0000000010007208       0x2e CMakeFiles/max31865_test.dir/home/webius/Desktop/pico-dev/pico/pico-sdk/src/rp2_common/pico_stdio/stdio.c.obj
                0x0000000010007208                __wrap_puts
 *fill*         0x0000000010007236        0x2 
 .text.stdio_set_driver_enabled
                0x0000000010007238       0x68 CMakeFiles/max31865_test.dir/home/webius/Desktop/pico-dev/pico/pico-sdk/src/rp2_common/pico_stdio/stdio.c.obj
                0x0000000010007238                stdio_set_driver_enabled
 .text.stdio_flush
                0x00000000100072a0       0x38 CMakeFiles/max31865_test.dir/home/webius/Desktop/pico-dev/pico/pico-sdk/src/rp2_common/pico_stdio/stdio.c.obj
                0x00000000100072a0                stdio_flush
 .text.stdio_stack_buffer_flush
                0x00000000100072d8       0x6c CMakeFiles/max31865_test.dir/home/webius/Desktop/pico-dev/pico/pico-sdk/src/rp2_common/pico_stdio/stdio.c.obj
 .text.stdio_buffered_printer
                0x0000000010007344       0x3e CMakeFiles/max31865_test.dir/home/webius/Desktop/pico-dev/pico/pico-sdk/src/rp2_common/pico_stdio/stdio.c.obj
 *fill*         0x0000000010007382        0x2 
 .text.__wrap_vprintf
                0x0000000010007384       0x5c CMakeFiles/max31865_test.dir/home/webius/Desktop/pico-dev/pico/pico-sdk/src/rp2_common/pico_stdio/stdio.c.obj
                0x0000000010007384                __wrap_vprintf
 .text.__wrap_printf
                0x00000000100073e0       0x2e CMakeFiles/max31865_test.dir/home/webius/Desktop/pico-dev/pico/pico-sdk/src/rp2_common/pico_stdio/stdio.c.obj
                0x00000000100073e0                __wrap_printf
 .text.stdio_init_all
                0x000000001000740e       0x32 CMakeFiles/max31865_test.dir/home/webius/Desktop/pico-dev/pico/pico-sdk/src/rp2_common/pico_stdio/stdio.c.obj
                0x000000001000740e                stdio_init_all
 .text.reset_usb_boot
                0x0000000010007440       0x24 CMakeFiles/max31865_test.dir/home/webius/Desktop/pico-dev/pico/pico-sdk/src/rp2_common/pico_stdio_usb/reset_interface.c.obj
 .text.resetd_init
                0x0000000010007464        0xa CMakeFiles/max31865_test.dir/home/webius/Desktop/pico-dev/pico/pico-sdk/src/rp2_common/pico_stdio_usb/reset_interface.c.obj
 *fill*         0x000000001000746e        0x2 
 .text.resetd_reset
                0x0000000010007470       0x20 CMakeFiles/max31865_test.dir/home/webius/Desktop/pico-dev/pico/pico-sdk/src/rp2_common/pico_stdio_usb/reset_interface.c.obj
 .text.resetd_open
                0x0000000010007490       0x64 CMakeFiles/max31865_test.dir/home/webius/Desktop/pico-dev/pico/pico-sdk/src/rp2_common/pico_stdio_usb/reset_interface.c.obj
 .text.resetd_control_xfer_cb
                0x00000000100074f4       0xb0 CMakeFiles/max31865_test.dir/home/webius/Desktop/pico-dev/pico/pico-sdk/src/rp2_common/pico_stdio_usb/reset_interface.c.obj
 .text.resetd_xfer_cb
                0x00000000100075a4       0x2a CMakeFiles/max31865_test.dir/home/webius/Desktop/pico-dev/pico/pico-sdk/src/rp2_common/pico_stdio_usb/reset_interface.c.obj
 *fill*         0x00000000100075ce        0x2 
 .text.usbd_app_driver_get_cb
                0x00000000100075d0       0x1c CMakeFiles/max31865_test.dir/home/webius/Desktop/pico-dev/pico/pico-sdk/src/rp2_common/pico_stdio_usb/reset_interface.c.obj
                0x00000000100075d0                usbd_app_driver_get_cb
 .text.tud_cdc_line_coding_cb
                0x00000000100075ec       0x44 CMakeFiles/max31865_test.dir/home/webius/Desktop/pico-dev/pico/pico-sdk/src/rp2_common/pico_stdio_usb/reset_interface.c.obj
                0x00000000100075ec                tud_cdc_line_coding_cb
 .text.to_us_since_boot
                0x0000000010007630       0x18 CMakeFiles/max31865_test.dir/home/webius/Desktop/pico-dev/pico/pico-sdk/src/rp2_common/pico_stdio_usb/stdio_usb.c.obj
 .text.update_us_since_boot
                0x0000000010007648       0x40 CMakeFiles/max31865_test.dir/home/webius/Desktop/pico-dev/pico/pico-sdk/src/rp2_common/pico_stdio_usb/stdio_usb.c.obj
 .text.get_absolute_time
                0x0000000010007688       0x2c CMakeFiles/max31865_test.dir/home/webius/Desktop/pico-dev/pico/pico-sdk/src/rp2_common/pico_stdio_usb/stdio_usb.c.obj
 .text.delayed_by_us
                0x00000000100076b4       0x68 CMakeFiles/max31865_test.dir/home/webius/Desktop/pico-dev/pico/pico-sdk/src/rp2_common/pico_stdio_usb/stdio_usb.c.obj
 .text.delayed_by_ms
                0x000000001000771c       0x80 CMakeFiles/max31865_test.dir/home/webius/Desktop/pico-dev/pico/pico-sdk/src/rp2_common/pico_stdio_usb/stdio_usb.c.obj
 .text.make_timeout_time_ms
                0x000000001000779c       0x2a CMakeFiles/max31865_test.dir/home/webius/Desktop/pico-dev/pico/pico-sdk/src/rp2_common/pico_stdio_usb/stdio_usb.c.obj
 .text.alarm_pool_add_alarm_in_us
                0x00000000100077c6       0x54 CMakeFiles/max31865_test.dir/home/webius/Desktop/pico-dev/pico/pico-sdk/src/rp2_common/pico_stdio_usb/stdio_usb.c.obj
 .text.add_alarm_in_us
                0x000000001000781a       0x34 CMakeFiles/max31865_test.dir/home/webius/Desktop/pico-dev/pico/pico-sdk/src/rp2_common/pico_stdio_usb/stdio_usb.c.obj
 .text.critical_section_enter_blocking
                0x000000001000784e       0x46 CMakeFiles/max31865_test.dir/home/webius/Desktop/pico-dev/pico/pico-sdk/src/rp2_common/pico_stdio_usb/stdio_usb.c.obj
 .text.critical_section_exit
                0x0000000010007894       0x3e CMakeFiles/max31865_test.dir/home/webius/Desktop/pico-dev/pico/pico-sdk/src/rp2_common/pico_stdio_usb/stdio_usb.c.obj
 .text.critical_section_is_initialized
                0x00000000100078d2       0x1a CMakeFiles/max31865_test.dir/home/webius/Desktop/pico-dev/pico/pico-sdk/src/rp2_common/pico_stdio_usb/stdio_usb.c.obj
 .text.tud_cdc_connected
                0x00000000100078ec       0x12 CMakeFiles/max31865_test.dir/home/webius/Desktop/pico-dev/pico/pico-sdk/src/rp2_common/pico_stdio_usb/stdio_usb.c.obj
 .text.tud_cdc_available
                0x00000000100078fe       0x12 CMakeFiles/max31865_test.dir/home/webius/Desktop/pico-dev/pico/pico-sdk/src/rp2_common/pico_stdio_usb/stdio_usb.c.obj
 .text.tud_cdc_read
                0x0000000010007910       0x20 CMakeFiles/max31865_test.dir/home/webius/Desktop/pico-dev/pico/pico-sdk/src/rp2_common/pico_stdio_usb/stdio_usb.c.obj
 .text.tud_cdc_write
                0x0000000010007930       0x20 CMakeFiles/max31865_test.dir/home/webius/Desktop/pico-dev/pico/pico-sdk/src/rp2_common/pico_stdio_usb/stdio_usb.c.obj
 .text.tud_cdc_write_flush
                0x0000000010007950       0x12 CMakeFiles/max31865_test.dir/home/webius/Desktop/pico-dev/pico/pico-sdk/src/rp2_common/pico_stdio_usb/stdio_usb.c.obj
 .text.tud_cdc_write_available
                0x0000000010007962       0x12 CMakeFiles/max31865_test.dir/home/webius/Desktop/pico-dev/pico/pico-sdk/src/rp2_common/pico_stdio_usb/stdio_usb.c.obj
 .text.timer_task
                0x0000000010007974       0x64 CMakeFiles/max31865_test.dir/home/webius/Desktop/pico-dev/pico/pico-sdk/src/rp2_common/pico_stdio_usb/stdio_usb.c.obj
 .text.low_priority_worker_irq
                0x00000000100079d8       0xa0 CMakeFiles/max31865_test.dir/home/webius/Desktop/pico-dev/pico/pico-sdk/src/rp2_common/pico_stdio_usb/stdio_usb.c.obj
 .text.usb_irq  0x0000000010007a78       0x18 CMakeFiles/max31865_test.dir/home/webius/Desktop/pico-dev/pico/pico-sdk/src/rp2_common/pico_stdio_usb/stdio_usb.c.obj
 .text.stdio_usb_out_chars
                0x0000000010007a90      0x120 CMakeFiles/max31865_test.dir/home/webius/Desktop/pico-dev/pico/pico-sdk/src/rp2_common/pico_stdio_usb/stdio_usb.c.obj
 .text.stdio_usb_in_chars
                0x0000000010007bb0       0xa8 CMakeFiles/max31865_test.dir/home/webius/Desktop/pico-dev/pico/pico-sdk/src/rp2_common/pico_stdio_usb/stdio_usb.c.obj
                0x0000000010007bb0                stdio_usb_in_chars
 .text.tud_cdc_rx_cb
                0x0000000010007c58       0x34 CMakeFiles/max31865_test.dir/home/webius/Desktop/pico-dev/pico/pico-sdk/src/rp2_common/pico_stdio_usb/stdio_usb.c.obj
                0x0000000010007c58                tud_cdc_rx_cb
 .text.stdio_usb_set_chars_available_callback
                0x0000000010007c8c       0x28 CMakeFiles/max31865_test.dir/home/webius/Desktop/pico-dev/pico/pico-sdk/src/rp2_common/pico_stdio_usb/stdio_usb.c.obj
                0x0000000010007c8c                stdio_usb_set_chars_available_callback
 .text.stdio_usb_init
                0x0000000010007cb4      0x104 CMakeFiles/max31865_test.dir/home/webius/Desktop/pico-dev/pico/pico-sdk/src/rp2_common/pico_stdio_usb/stdio_usb.c.obj
                0x0000000010007cb4                stdio_usb_init
 .text.stdio_usb_connected
                0x0000000010007db8       0x10 CMakeFiles/max31865_test.dir/home/webius/Desktop/pico-dev/pico/pico-sdk/src/rp2_common/pico_stdio_usb/stdio_usb.c.obj
                0x0000000010007db8                stdio_usb_connected
 .text.tud_descriptor_device_cb
                0x0000000010007dc8       0x10 CMakeFiles/max31865_test.dir/home/webius/Desktop/pico-dev/pico/pico-sdk/src/rp2_common/pico_stdio_usb/stdio_usb_descriptors.c.obj
                0x0000000010007dc8                tud_descriptor_device_cb
 .text.tud_descriptor_configuration_cb
                0x0000000010007dd8       0x1c CMakeFiles/max31865_test.dir/home/webius/Desktop/pico-dev/pico/pico-sdk/src/rp2_common/pico_stdio_usb/stdio_usb_descriptors.c.obj
                0x0000000010007dd8                tud_descriptor_configuration_cb
 .text.tud_descriptor_string_cb
                0x0000000010007df4       0xd4 CMakeFiles/max31865_test.dir/home/webius/Desktop/pico-dev/pico/pico-sdk/src/rp2_common/pico_stdio_usb/stdio_usb_descriptors.c.obj
                0x0000000010007df4                tud_descriptor_string_cb
 .text._retrieve_unique_id_on_boot
                0x0000000010007ec8       0x18 CMakeFiles/max31865_test.dir/home/webius/Desktop/pico-dev/pico/pico-sdk/src/rp2_common/pico_unique_id/unique_id.c.obj
 .text.pico_get_unique_board_id_string
                0x0000000010007ee0       0x9c CMakeFiles/max31865_test.dir/home/webius/Desktop/pico-dev/pico/pico-sdk/src/rp2_common/pico_unique_id/unique_id.c.obj
                0x0000000010007ee0                pico_get_unique_board_id_string
 .text.flash_get_unique_id
                0x0000000010007f7c       0x70 CMakeFiles/max31865_test.dir/home/webius/Desktop/pico-dev/pico/pico-sdk/src/rp2_common/hardware_flash/flash.c.obj
                0x0000000010007f7c                flash_get_unique_id
 .text.time_us_32
                0x0000000010007fec       0x14 CMakeFiles/max31865_test.dir/home/webius/Desktop/pico-dev/pico/pico-sdk/lib/tinyusb/src/portable/raspberrypi/rp2040/dcd_rp2040.c.obj
 .text.hw_data_offset
                0x0000000010008000       0x1c CMakeFiles/max31865_test.dir/home/webius/Desktop/pico-dev/pico/pico-sdk/lib/tinyusb/src/portable/raspberrypi/rp2040/dcd_rp2040.c.obj
 .text.dcd_event_sof
                0x000000001000801c       0x52 CMakeFiles/max31865_test.dir/home/webius/Desktop/pico-dev/pico/pico-sdk/lib/tinyusb/src/portable/raspberrypi/rp2040/dcd_rp2040.c.obj
 *fill*         0x000000001000806e        0x2 
 .text.hw_endpoint_get_by_addr
                0x0000000010008070       0x70 CMakeFiles/max31865_test.dir/home/webius/Desktop/pico-dev/pico/pico-sdk/lib/tinyusb/src/portable/raspberrypi/rp2040/dcd_rp2040.c.obj
 .text._hw_endpoint_alloc
                0x00000000100080e0       0xcc CMakeFiles/max31865_test.dir/home/webius/Desktop/pico-dev/pico/pico-sdk/lib/tinyusb/src/portable/raspberrypi/rp2040/dcd_rp2040.c.obj
 .text.hw_endpoint_init
                0x00000000100081ac      0x128 CMakeFiles/max31865_test.dir/home/webius/Desktop/pico-dev/pico/pico-sdk/lib/tinyusb/src/portable/raspberrypi/rp2040/dcd_rp2040.c.obj
 .text.hw_endpoint_xfer
                0x00000000100082d4       0x3a CMakeFiles/max31865_test.dir/home/webius/Desktop/pico-dev/pico/pico-sdk/lib/tinyusb/src/portable/raspberrypi/rp2040/dcd_rp2040.c.obj
 *fill*         0x000000001000830e        0x2 
 .text.dcd_init
                0x0000000010008310       0xa0 CMakeFiles/max31865_test.dir/home/webius/Desktop/pico-dev/pico/pico-sdk/lib/tinyusb/src/portable/raspberrypi/rp2040/dcd_rp2040.c.obj
                0x0000000010008310                dcd_init
 .text.dcd_int_enable
                0x00000000100083b0       0x40 CMakeFiles/max31865_test.dir/home/webius/Desktop/pico-dev/pico/pico-sdk/lib/tinyusb/src/portable/raspberrypi/rp2040/dcd_rp2040.c.obj
                0x00000000100083b0                dcd_int_enable
 .text.dcd_set_address
                0x00000000100083f0       0x48 CMakeFiles/max31865_test.dir/home/webius/Desktop/pico-dev/pico/pico-sdk/lib/tinyusb/src/portable/raspberrypi/rp2040/dcd_rp2040.c.obj
                0x00000000100083f0                dcd_set_address
 .text.dcd_connect
                0x0000000010008438       0x20 CMakeFiles/max31865_test.dir/home/webius/Desktop/pico-dev/pico/pico-sdk/lib/tinyusb/src/portable/raspberrypi/rp2040/dcd_rp2040.c.obj
                0x0000000010008438                dcd_connect
 .text.dcd_edpt0_status_complete
                0x0000000010008458       0x50 CMakeFiles/max31865_test.dir/home/webius/Desktop/pico-dev/pico/pico-sdk/lib/tinyusb/src/portable/raspberrypi/rp2040/dcd_rp2040.c.obj
                0x0000000010008458                dcd_edpt0_status_complete
 .text.dcd_edpt_open
                0x00000000100084a8       0x64 CMakeFiles/max31865_test.dir/home/webius/Desktop/pico-dev/pico/pico-sdk/lib/tinyusb/src/portable/raspberrypi/rp2040/dcd_rp2040.c.obj
                0x00000000100084a8                dcd_edpt_open
 .text.dcd_edpt_close_all
                0x000000001000850c       0x18 CMakeFiles/max31865_test.dir/home/webius/Desktop/pico-dev/pico/pico-sdk/lib/tinyusb/src/portable/raspberrypi/rp2040/dcd_rp2040.c.obj
                0x000000001000850c                dcd_edpt_close_all
 .text.dcd_edpt_xfer
                0x0000000010008524       0x60 CMakeFiles/max31865_test.dir/home/webius/Desktop/pico-dev/pico/pico-sdk/lib/tinyusb/src/portable/raspberrypi/rp2040/dcd_rp2040.c.obj
                0x0000000010008524                dcd_edpt_xfer
 .text.dcd_edpt_stall
                0x0000000010008584       0x7c CMakeFiles/max31865_test.dir/home/webius/Desktop/pico-dev/pico/pico-sdk/lib/tinyusb/src/portable/raspberrypi/rp2040/dcd_rp2040.c.obj
                0x0000000010008584                dcd_edpt_stall
 .text.dcd_edpt_clear_stall
                0x0000000010008600       0x5e CMakeFiles/max31865_test.dir/home/webius/Desktop/pico-dev/pico/pico-sdk/lib/tinyusb/src/portable/raspberrypi/rp2040/dcd_rp2040.c.obj
                0x0000000010008600                dcd_edpt_clear_stall
 *fill*         0x000000001000865e        0x2 
 .text.reset_block
                0x0000000010008660       0x2c CMakeFiles/max31865_test.dir/home/webius/Desktop/pico-dev/pico/pico-sdk/lib/tinyusb/src/portable/raspberrypi/rp2040/rp2040_usb.c.obj
 .text.unreset_block_wait
                0x000000001000868c       0x3c CMakeFiles/max31865_test.dir/home/webius/Desktop/pico-dev/pico/pico-sdk/lib/tinyusb/src/portable/raspberrypi/rp2040/rp2040_usb.c.obj
 .text.time_us_32
                0x00000000100086c8       0x14 CMakeFiles/max31865_test.dir/home/webius/Desktop/pico-dev/pico/pico-sdk/lib/tinyusb/src/portable/raspberrypi/rp2040/rp2040_usb.c.obj
 .text.rp2040_usb_init
                0x00000000100086dc       0x48 CMakeFiles/max31865_test.dir/home/webius/Desktop/pico-dev/pico/pico-sdk/lib/tinyusb/src/portable/raspberrypi/rp2040/rp2040_usb.c.obj
                0x00000000100086dc                rp2040_usb_init
 .text.hw_endpoint_xfer_start
                0x0000000010008724       0x8c CMakeFiles/max31865_test.dir/home/webius/Desktop/pico-dev/pico/pico-sdk/lib/tinyusb/src/portable/raspberrypi/rp2040/rp2040_usb.c.obj
                0x0000000010008724                hw_endpoint_xfer_start
 .text.critical_section_enter_blocking
                0x00000000100087b0       0x46 CMakeFiles/max31865_test.dir/home/webius/Desktop/pico-dev/pico/pico-sdk/lib/tinyusb/src/device/usbd.c.obj
 .text.critical_section_exit
                0x00000000100087f6       0x3e CMakeFiles/max31865_test.dir/home/webius/Desktop/pico-dev/pico/pico-sdk/lib/tinyusb/src/device/usbd.c.obj
 .text.get_driver
                0x0000000010008834       0x74 CMakeFiles/max31865_test.dir/home/webius/Desktop/pico-dev/pico/pico-sdk/lib/tinyusb/src/device/usbd.c.obj
 .text.tud_mounted
                0x00000000100088a8       0x1c CMakeFiles/max31865_test.dir/home/webius/Desktop/pico-dev/pico/pico-sdk/lib/tinyusb/src/device/usbd.c.obj
                0x00000000100088a8                tud_mounted
 .text.tud_suspended
                0x00000000100088c4       0x20 CMakeFiles/max31865_test.dir/home/webius/Desktop/pico-dev/pico/pico-sdk/lib/tinyusb/src/device/usbd.c.obj
                0x00000000100088c4                tud_suspended
 .text.tud_inited
                0x00000000100088e4       0x1c CMakeFiles/max31865_test.dir/home/webius/Desktop/pico-dev/pico/pico-sdk/lib/tinyusb/src/device/usbd.c.obj
                0x00000000100088e4                tud_inited
 .text.tud_init
                0x0000000010008900      0x10c CMakeFiles/max31865_test.dir/home/webius/Desktop/pico-dev/pico/pico-sdk/lib/tinyusb/src/device/usbd.c.obj
                0x0000000010008900                tud_init
 .text.configuration_reset
                0x0000000010008a0c       0x90 CMakeFiles/max31865_test.dir/home/webius/Desktop/pico-dev/pico/pico-sdk/lib/tinyusb/src/device/usbd.c.obj
 .text.usbd_reset
                0x0000000010008a9c       0x22 CMakeFiles/max31865_test.dir/home/webius/Desktop/pico-dev/pico/pico-sdk/lib/tinyusb/src/device/usbd.c.obj
 *fill*         0x0000000010008abe        0x2 
 .text.tud_task_ext
                0x0000000010008ac0      0x2b0 CMakeFiles/max31865_test.dir/home/webius/Desktop/pico-dev/pico/pico-sdk/lib/tinyusb/src/device/usbd.c.obj
                0x0000000010008ac0                tud_task_ext
 .text.invoke_class_control
                0x0000000010008d70       0x36 CMakeFiles/max31865_test.dir/home/webius/Desktop/pico-dev/pico/pico-sdk/lib/tinyusb/src/device/usbd.c.obj
 *fill*         0x0000000010008da6        0x2 
 .text.process_control_request
                0x0000000010008da8      0x4f0 CMakeFiles/max31865_test.dir/home/webius/Desktop/pico-dev/pico/pico-sdk/lib/tinyusb/src/device/usbd.c.obj
 .text.process_set_config
                0x0000000010009298      0x240 CMakeFiles/max31865_test.dir/home/webius/Desktop/pico-dev/pico/pico-sdk/lib/tinyusb/src/device/usbd.c.obj
 .text.process_get_descriptor
                0x00000000100094d8      0x1d4 CMakeFiles/max31865_test.dir/home/webius/Desktop/pico-dev/pico/pico-sdk/lib/tinyusb/src/device/usbd.c.obj
 .text.usbd_open_edpt_pair
                0x00000000100096ac       0xc0 CMakeFiles/max31865_test.dir/home/webius/Desktop/pico-dev/pico/pico-sdk/lib/tinyusb/src/device/usbd.c.obj
                0x00000000100096ac                usbd_open_edpt_pair
 .text.usbd_defer_func
                0x000000001000976c       0x48 CMakeFiles/max31865_test.dir/home/webius/Desktop/pico-dev/pico/pico-sdk/lib/tinyusb/src/device/usbd.c.obj
                0x000000001000976c                usbd_defer_func
 .text.usbd_edpt_open
                0x00000000100097b4       0x74 CMakeFiles/max31865_test.dir/home/webius/Desktop/pico-dev/pico/pico-sdk/lib/tinyusb/src/device/usbd.c.obj
                0x00000000100097b4                usbd_edpt_open
 .text.usbd_edpt_claim
                0x0000000010009828       0x7c CMakeFiles/max31865_test.dir/home/webius/Desktop/pico-dev/pico/pico-sdk/lib/tinyusb/src/device/usbd.c.obj
                0x0000000010009828                usbd_edpt_claim
 .text.usbd_edpt_release
                0x00000000100098a4       0x7c CMakeFiles/max31865_test.dir/home/webius/Desktop/pico-dev/pico/pico-sdk/lib/tinyusb/src/device/usbd.c.obj
                0x00000000100098a4                usbd_edpt_release
 .text.usbd_edpt_xfer
                0x0000000010009920      0x108 CMakeFiles/max31865_test.dir/home/webius/Desktop/pico-dev/pico/pico-sdk/lib/tinyusb/src/device/usbd.c.obj
                0x0000000010009920                usbd_edpt_xfer
 .text.usbd_edpt_stall
                0x0000000010009a28       0xc4 CMakeFiles/max31865_test.dir/home/webius/Desktop/pico-dev/pico/pico-sdk/lib/tinyusb/src/device/usbd.c.obj
                0x0000000010009a28                usbd_edpt_stall
 .text.usbd_edpt_clear_stall
                0x0000000010009aec       0xc4 CMakeFiles/max31865_test.dir/home/webius/Desktop/pico-dev/pico/pico-sdk/lib/tinyusb/src/device/usbd.c.obj
                0x0000000010009aec                usbd_edpt_clear_stall
 .text.usbd_edpt_stalled
                0x0000000010009bb0       0x74 CMakeFiles/max31865_test.dir/home/webius/Desktop/pico-dev/pico/pico-sdk/lib/tinyusb/src/device/usbd.c.obj
                0x0000000010009bb0                usbd_edpt_stalled
 .text._status_stage_xact
                0x0000000010009c24       0x42 CMakeFiles/max31865_test.dir/home/webius/Desktop/pico-dev/pico/pico-sdk/lib/tinyusb/src/device/usbd_control.c.obj
 *fill*         0x0000000010009c66        0x2 
 .text.tud_control_status
                0x0000000010009c68       0x4c CMakeFiles/max31865_test.dir/home/webius/Desktop/pico-dev/pico/pico-sdk/lib/tinyusb/src/device/usbd_control.c.obj
                0x0000000010009c68                tud_control_status
 .text._data_stage_xact
                0x0000000010009cb4       0xb0 CMakeFiles/max31865_test.dir/home/webius/Desktop/pico-dev/pico/pico-sdk/lib/tinyusb/src/device/usbd_control.c.obj
 .text.tud_control_xfer
                0x0000000010009d64       0xe0 CMakeFiles/max31865_test.dir/home/webius/Desktop/pico-dev/pico/pico-sdk/lib/tinyusb/src/device/usbd_control.c.obj
                0x0000000010009d64                tud_control_xfer
 .text.usbd_control_reset
                0x0000000010009e44       0x1c CMakeFiles/max31865_test.dir/home/webius/Desktop/pico-dev/pico/pico-sdk/lib/tinyusb/src/device/usbd_control.c.obj
                0x0000000010009e44                usbd_control_reset
 .text.usbd_control_set_complete_callback
                0x0000000010009e60       0x1c CMakeFiles/max31865_test.dir/home/webius/Desktop/pico-dev/pico/pico-sdk/lib/tinyusb/src/device/usbd_control.c.obj
                0x0000000010009e60                usbd_control_set_complete_callback
 .text.usbd_control_set_request
                0x0000000010009e7c       0x38 CMakeFiles/max31865_test.dir/home/webius/Desktop/pico-dev/pico/pico-sdk/lib/tinyusb/src/device/usbd_control.c.obj
                0x0000000010009e7c                usbd_control_set_request
 .text.usbd_control_xfer_cb
                0x0000000010009eb4      0x170 CMakeFiles/max31865_test.dir/home/webius/Desktop/pico-dev/pico/pico-sdk/lib/tinyusb/src/device/usbd_control.c.obj
                0x0000000010009eb4                usbd_control_xfer_cb
 .text._prep_out_transaction
                0x000000001000a024       0xa4 CMakeFiles/max31865_test.dir/home/webius/Desktop/pico-dev/pico/pico-sdk/lib/tinyusb/src/class/cdc/cdc_device.c.obj
 .text.tud_cdc_n_connected
                0x000000001000a0c8       0x88 CMakeFiles/max31865_test.dir/home/webius/Desktop/pico-dev/pico/pico-sdk/lib/tinyusb/src/class/cdc/cdc_device.c.obj
                0x000000001000a0c8                tud_cdc_n_connected
 .text.tud_cdc_n_available
                0x000000001000a150       0x34 CMakeFiles/max31865_test.dir/home/webius/Desktop/pico-dev/pico/pico-sdk/lib/tinyusb/src/class/cdc/cdc_device.c.obj
                0x000000001000a150                tud_cdc_n_available
 .text.tud_cdc_n_read
                0x000000001000a184       0x4c CMakeFiles/max31865_test.dir/home/webius/Desktop/pico-dev/pico/pico-sdk/lib/tinyusb/src/class/cdc/cdc_device.c.obj
                0x000000001000a184                tud_cdc_n_read
 .text.tud_cdc_n_write
                0x000000001000a1d0       0x68 CMakeFiles/max31865_test.dir/home/webius/Desktop/pico-dev/pico/pico-sdk/lib/tinyusb/src/class/cdc/cdc_device.c.obj
                0x000000001000a1d0                tud_cdc_n_write
 .text.tud_cdc_n_write_flush
                0x000000001000a238      0x110 CMakeFiles/max31865_test.dir/home/webius/Desktop/pico-dev/pico/pico-sdk/lib/tinyusb/src/class/cdc/cdc_device.c.obj
                0x000000001000a238                tud_cdc_n_write_flush
 .text.tud_cdc_n_write_available
                0x000000001000a348       0x34 CMakeFiles/max31865_test.dir/home/webius/Desktop/pico-dev/pico/pico-sdk/lib/tinyusb/src/class/cdc/cdc_device.c.obj
                0x000000001000a348                tud_cdc_n_write_available
 .text.cdcd_init
                0x000000001000a37c      0x128 CMakeFiles/max31865_test.dir/home/webius/Desktop/pico-dev/pico/pico-sdk/lib/tinyusb/src/class/cdc/cdc_device.c.obj
                0x000000001000a37c                cdcd_init
 .text.cdcd_reset
                0x000000001000a4a4       0x78 CMakeFiles/max31865_test.dir/home/webius/Desktop/pico-dev/pico/pico-sdk/lib/tinyusb/src/class/cdc/cdc_device.c.obj
                0x000000001000a4a4                cdcd_reset
 .text.cdcd_open
                0x000000001000a51c      0x1e8 CMakeFiles/max31865_test.dir/home/webius/Desktop/pico-dev/pico/pico-sdk/lib/tinyusb/src/class/cdc/cdc_device.c.obj
                0x000000001000a51c                cdcd_open
 .text.cdcd_control_xfer_cb
                0x000000001000a704      0x238 CMakeFiles/max31865_test.dir/home/webius/Desktop/pico-dev/pico/pico-sdk/lib/tinyusb/src/class/cdc/cdc_device.c.obj
                0x000000001000a704                cdcd_control_xfer_cb
 .text.cdcd_xfer_cb
                0x000000001000a93c      0x1b8 CMakeFiles/max31865_test.dir/home/webius/Desktop/pico-dev/pico/pico-sdk/lib/tinyusb/src/class/cdc/cdc_device.c.obj
                0x000000001000a93c                cdcd_xfer_cb
 .text.tusb_init
                0x000000001000aaf4       0x24 CMakeFiles/max31865_test.dir/home/webius/Desktop/pico-dev/pico/pico-sdk/lib/tinyusb/src/tusb.c.obj
                0x000000001000aaf4                tusb_init
 .text.tusb_inited
                0x000000001000ab18       0x3a CMakeFiles/max31865_test.dir/home/webius/Desktop/pico-dev/pico/pico-sdk/lib/tinyusb/src/tusb.c.obj
                0x000000001000ab18                tusb_inited
 .text.tu_edpt_claim
                0x000000001000ab52       0x9c CMakeFiles/max31865_test.dir/home/webius/Desktop/pico-dev/pico/pico-sdk/lib/tinyusb/src/tusb.c.obj
                0x000000001000ab52                tu_edpt_claim
 .text.tu_edpt_release
                0x000000001000abee       0x7c CMakeFiles/max31865_test.dir/home/webius/Desktop/pico-dev/pico/pico-sdk/lib/tinyusb/src/tusb.c.obj
                0x000000001000abee                tu_edpt_release
 *fill*         0x000000001000ac6a        0x2 
 .text.tu_edpt_validate
                0x000000001000ac6c       0xd8 CMakeFiles/max31865_test.dir/home/webius/Desktop/pico-dev/pico/pico-sdk/lib/tinyusb/src/tusb.c.obj
                0x000000001000ac6c                tu_edpt_validate
 .text.tu_edpt_bind_driver
                0x000000001000ad44       0x98 CMakeFiles/max31865_test.dir/home/webius/Desktop/pico-dev/pico/pico-sdk/lib/tinyusb/src/tusb.c.obj
                0x000000001000ad44                tu_edpt_bind_driver
 .text.tu_fifo_config
                0x000000001000addc       0xfc CMakeFiles/max31865_test.dir/home/webius/Desktop/pico-dev/pico/pico-sdk/lib/tinyusb/src/common/tusb_fifo.c.obj
                0x000000001000addc                tu_fifo_config
 .text._ff_push_const_addr
                0x000000001000aed8       0xd0 CMakeFiles/max31865_test.dir/home/webius/Desktop/pico-dev/pico/pico-sdk/lib/tinyusb/src/common/tusb_fifo.c.obj
 .text._ff_pull_const_addr
                0x000000001000afa8       0x96 CMakeFiles/max31865_test.dir/home/webius/Desktop/pico-dev/pico/pico-sdk/lib/tinyusb/src/common/tusb_fifo.c.obj
 .text._ff_push
                0x000000001000b03e       0x40 CMakeFiles/max31865_test.dir/home/webius/Desktop/pico-dev/pico/pico-sdk/lib/tinyusb/src/common/tusb_fifo.c.obj
 .text._ff_push_n
                0x000000001000b07e      0x22a CMakeFiles/max31865_test.dir/home/webius/Desktop/pico-dev/pico/pico-sdk/lib/tinyusb/src/common/tusb_fifo.c.obj
 .text._ff_pull
                0x000000001000b2a8       0x40 CMakeFiles/max31865_test.dir/home/webius/Desktop/pico-dev/pico/pico-sdk/lib/tinyusb/src/common/tusb_fifo.c.obj
 .text._ff_pull_n
                0x000000001000b2e8      0x22e CMakeFiles/max31865_test.dir/home/webius/Desktop/pico-dev/pico/pico-sdk/lib/tinyusb/src/common/tusb_fifo.c.obj
 .text.advance_index
                0x000000001000b516       0x76 CMakeFiles/max31865_test.dir/home/webius/Desktop/pico-dev/pico/pico-sdk/lib/tinyusb/src/common/tusb_fifo.c.obj
 .text._tu_fifo_peek
                0x000000001000b58c      0x140 CMakeFiles/max31865_test.dir/home/webius/Desktop/pico-dev/pico/pico-sdk/lib/tinyusb/src/common/tusb_fifo.c.obj
 .text._tu_fifo_peek_n
                0x000000001000b6cc      0x16a CMakeFiles/max31865_test.dir/home/webius/Desktop/pico-dev/pico/pico-sdk/lib/tinyusb/src/common/tusb_fifo.c.obj
 .text._tu_fifo_write_n
                0x000000001000b836      0x2c6 CMakeFiles/max31865_test.dir/home/webius/Desktop/pico-dev/pico/pico-sdk/lib/tinyusb/src/common/tusb_fifo.c.obj
 .text._tu_fifo_read_n
                0x000000001000bafc       0xa6 CMakeFiles/max31865_test.dir/home/webius/Desktop/pico-dev/pico/pico-sdk/lib/tinyusb/src/common/tusb_fifo.c.obj
 .text.tu_fifo_count
                0x000000001000bba2       0x94 CMakeFiles/max31865_test.dir/home/webius/Desktop/pico-dev/pico/pico-sdk/lib/tinyusb/src/common/tusb_fifo.c.obj
                0x000000001000bba2                tu_fifo_count
 .text.tu_fifo_empty
                0x000000001000bc36       0x24 CMakeFiles/max31865_test.dir/home/webius/Desktop/pico-dev/pico/pico-sdk/lib/tinyusb/src/common/tusb_fifo.c.obj
                0x000000001000bc36                tu_fifo_empty
 .text.tu_fifo_full
                0x000000001000bc5a       0x7c CMakeFiles/max31865_test.dir/home/webius/Desktop/pico-dev/pico/pico-sdk/lib/tinyusb/src/common/tusb_fifo.c.obj
                0x000000001000bc5a                tu_fifo_full
 .text.tu_fifo_remaining
                0x000000001000bcd6       0xac CMakeFiles/max31865_test.dir/home/webius/Desktop/pico-dev/pico/pico-sdk/lib/tinyusb/src/common/tusb_fifo.c.obj
                0x000000001000bcd6                tu_fifo_remaining
 .text.tu_fifo_read
                0x000000001000bd82       0x90 CMakeFiles/max31865_test.dir/home/webius/Desktop/pico-dev/pico/pico-sdk/lib/tinyusb/src/common/tusb_fifo.c.obj
                0x000000001000bd82                tu_fifo_read
 .text.tu_fifo_read_n
                0x000000001000be12       0x26 CMakeFiles/max31865_test.dir/home/webius/Desktop/pico-dev/pico/pico-sdk/lib/tinyusb/src/common/tusb_fifo.c.obj
                0x000000001000be12                tu_fifo_read_n
 .text.tu_fifo_write
                0x000000001000be38       0xfe CMakeFiles/max31865_test.dir/home/webius/Desktop/pico-dev/pico/pico-sdk/lib/tinyusb/src/common/tusb_fifo.c.obj
                0x000000001000be38                tu_fifo_write
 .text.tu_fifo_write_n
                0x000000001000bf36       0x26 CMakeFiles/max31865_test.dir/home/webius/Desktop/pico-dev/pico/pico-sdk/lib/tinyusb/src/common/tusb_fifo.c.obj
                0x000000001000bf36                tu_fifo_write_n
 .text.tu_fifo_clear
                0x000000001000bf5c       0x9a CMakeFiles/max31865_test.dir/home/webius/Desktop/pico-dev/pico/pico-sdk/lib/tinyusb/src/common/tusb_fifo.c.obj
                0x000000001000bf5c                tu_fifo_clear
 .text.tu_fifo_set_overwritable
                0x000000001000bff6       0xaa CMakeFiles/max31865_test.dir/home/webius/Desktop/pico-dev/pico/pico-sdk/lib/tinyusb/src/common/tusb_fifo.c.obj
                0x000000001000bff6                tu_fifo_set_overwritable
 .text.reset_block
                0x000000001000c0a0       0x2c CMakeFiles/max31865_test.dir/home/webius/Desktop/pico-dev/pico/pico-sdk/src/rp2_common/hardware_spi/spi.c.obj
 .text.unreset_block_wait
                0x000000001000c0cc       0x3c CMakeFiles/max31865_test.dir/home/webius/Desktop/pico-dev/pico/pico-sdk/src/rp2_common/hardware_spi/spi.c.obj
 .text.spi_get_index
                0x000000001000c108       0x24 CMakeFiles/max31865_test.dir/home/webius/Desktop/pico-dev/pico/pico-sdk/src/rp2_common/hardware_spi/spi.c.obj
 .text.spi_get_hw
                0x000000001000c12c       0x1a CMakeFiles/max31865_test.dir/home/webius/Desktop/pico-dev/pico/pico-sdk/src/rp2_common/hardware_spi/spi.c.obj
 .text.spi_get_const_hw
                0x000000001000c146       0x1a CMakeFiles/max31865_test.dir/home/webius/Desktop/pico-dev/pico/pico-sdk/src/rp2_common/hardware_spi/spi.c.obj
 .text.spi_set_format
                0x000000001000c160       0xba CMakeFiles/max31865_test.dir/home/webius/Desktop/pico-dev/pico/pico-sdk/src/rp2_common/hardware_spi/spi.c.obj
 .text.spi_is_writable
                0x000000001000c21a       0x26 CMakeFiles/max31865_test.dir/home/webius/Desktop/pico-dev/pico/pico-sdk/src/rp2_common/hardware_spi/spi.c.obj
 .text.spi_is_readable
                0x000000001000c240       0x26 CMakeFiles/max31865_test.dir/home/webius/Desktop/pico-dev/pico/pico-sdk/src/rp2_common/hardware_spi/spi.c.obj
 *fill*         0x000000001000c266        0x2 
 .text.spi_reset
                0x000000001000c268       0x2c CMakeFiles/max31865_test.dir/home/webius/Desktop/pico-dev/pico/pico-sdk/src/rp2_common/hardware_spi/spi.c.obj
 .text.spi_unreset
                0x000000001000c294       0x2c CMakeFiles/max31865_test.dir/home/webius/Desktop/pico-dev/pico/pico-sdk/src/rp2_common/hardware_spi/spi.c.obj
 .text.spi_init
                0x000000001000c2c0       0x84 CMakeFiles/max31865_test.dir/home/webius/Desktop/pico-dev/pico/pico-sdk/src/rp2_common/hardware_spi/spi.c.obj
                0x000000001000c2c0                spi_init
 .text.spi_set_baudrate
                0x000000001000c344      0x148 CMakeFiles/max31865_test.dir/home/webius/Desktop/pico-dev/pico/pico-sdk/src/rp2_common/hardware_spi/spi.c.obj
                0x000000001000c344                spi_set_baudrate
 .text.startup._GLOBAL__sub_I__ZN9__gnu_cxx9__freeresEv
                0x000000001000c48c       0x2c /usr/lib/gcc/arm-none-eabi/10.3.1/../../../arm-none-eabi/lib/thumb/v6-m/nofp/libstdc++.a(eh_alloc.o)
 .text          0x000000001000c4b8       0x28 /usr/lib/gcc/arm-none-eabi/10.3.1/../../../arm-none-eabi/lib/thumb/v6-m/nofp/libg.a(lib_a-malloc.o)
                0x000000001000c4b8                malloc
                0x000000001000c4cc                free
 .text          0x000000001000c4e0      0x574 /usr/lib/gcc/arm-none-eabi/10.3.1/../../../arm-none-eabi/lib/thumb/v6-m/nofp/libg.a(lib_a-mallocr.o)
                0x000000001000c4e0                _malloc_r
 .text          0x000000001000ca54        0x8 /usr/lib/gcc/arm-none-eabi/10.3.1/../../../arm-none-eabi/lib/thumb/v6-m/nofp/libg.a(lib_a-mlock.o)
                0x000000001000ca54                __malloc_lock
                0x000000001000ca58                __malloc_unlock
 .text          0x000000001000ca5c       0x24 /usr/lib/gcc/arm-none-eabi/10.3.1/../../../arm-none-eabi/lib/thumb/v6-m/nofp/libg.a(lib_a-sbrkr.o)
                0x000000001000ca5c                _sbrk_r
 .text          0x000000001000ca80       0x5c /usr/lib/gcc/arm-none-eabi/10.3.1/../../../arm-none-eabi/lib/thumb/v6-m/nofp/libg.a(lib_a-strlen-stub.o)
                0x000000001000ca80                strlen
 .text          0x000000001000cadc      0x260 /usr/lib/gcc/arm-none-eabi/10.3.1/../../../arm-none-eabi/lib/thumb/v6-m/nofp/libg.a(lib_a-freer.o)
                0x000000001000cadc                _malloc_trim_r
                0x000000001000cb78                _free_r
 *(.fini)
 .fini          0x000000001000cd3c        0x4 /usr/lib/gcc/arm-none-eabi/10.3.1/thumb/v6-m/nofp/crti.o
                0x000000001000cd3c                _fini
 .fini.__stub   0x000000001000cd40      0x100 linker stubs
 *crtbegin.o(.ctors)
 *crtbegin?.o(.ctors)
 *(EXCLUDE_FILE(*crtend.o *crtend?.o) .ctors)
 *(SORT_BY_NAME(.ctors.*))
 *(.ctors)
 *crtbegin.o(.dtors)
 *crtbegin?.o(.dtors)
 *(EXCLUDE_FILE(*crtend.o *crtend?.o) .dtors)
 *(SORT_BY_NAME(.dtors.*))
 *(.dtors)
 *(.eh_frame*)
 .eh_frame      0x000000001000ce40        0x0 /usr/lib/gcc/arm-none-eabi/10.3.1/thumb/v6-m/nofp/crtbegin.o
                0x000000001000ce40                . = ALIGN (0x4)

.glue_7         0x000000001000ce40        0x0
 .glue_7        0x000000001000ce40        0x0 linker stubs

.glue_7t        0x000000001000ce40        0x0
 .glue_7t       0x000000001000ce40        0x0 linker stubs

.vfp11_veneer   0x000000001000ce40        0x0
 .vfp11_veneer  0x000000001000ce40        0x0 linker stubs

.v4_bx          0x000000001000ce40        0x0
 .v4_bx         0x000000001000ce40        0x0 linker stubs

.iplt           0x000000001000ce40        0x0
 .iplt          0x000000001000ce40        0x0 /usr/lib/gcc/arm-none-eabi/10.3.1/thumb/v6-m/nofp/crtbegin.o

.rodata         0x000000001000ce40     0x1c00
 *(EXCLUDE_FILE(*libm.a: *libc.a:*lib_a-mem*.o *libgcc.a:) .rodata*)
 .rodata        0x000000001000ce40       0x14 CMakeFiles/max31865_test.dir/main.cpp.obj
 .rodata        0x000000001000ce54       0xa7 CMakeFiles/max31865_test.dir/home/webius/Desktop/pico-dev/pico/pico-sdk/src/rp2_common/hardware_sync/sync.c.obj
 *fill*         0x000000001000cefb        0x1 
 .rodata        0x000000001000cefc      0x253 CMakeFiles/max31865_test.dir/home/webius/Desktop/pico-dev/pico/pico-sdk/src/rp2_common/hardware_irq/irq.c.obj
 *fill*         0x000000001000d14f        0x1 
 .rodata.__func__.6
                0x000000001000d150       0x1a CMakeFiles/max31865_test.dir/home/webius/Desktop/pico-dev/pico/pico-sdk/src/rp2_common/hardware_irq/irq.c.obj
 *fill*         0x000000001000d16a        0x2 
 .rodata.__func__.5
                0x000000001000d16c        0xc CMakeFiles/max31865_test.dir/home/webius/Desktop/pico-dev/pico/pico-sdk/src/rp2_common/hardware_irq/irq.c.obj
 .rodata.__func__.4
                0x000000001000d178       0x17 CMakeFiles/max31865_test.dir/home/webius/Desktop/pico-dev/pico/pico-sdk/src/rp2_common/hardware_irq/irq.c.obj
 *fill*         0x000000001000d18f        0x1 
 .rodata.__func__.3
                0x000000001000d190       0x17 CMakeFiles/max31865_test.dir/home/webius/Desktop/pico-dev/pico/pico-sdk/src/rp2_common/hardware_irq/irq.c.obj
 *fill*         0x000000001000d1a7        0x1 
 .rodata.__func__.2
                0x000000001000d1a8        0xf CMakeFiles/max31865_test.dir/home/webius/Desktop/pico-dev/pico/pico-sdk/src/rp2_common/hardware_irq/irq.c.obj
 *fill*         0x000000001000d1b7        0x1 
 .rodata.__func__.1
                0x000000001000d1b8       0x13 CMakeFiles/max31865_test.dir/home/webius/Desktop/pico-dev/pico/pico-sdk/src/rp2_common/hardware_irq/irq.c.obj
 *fill*         0x000000001000d1cb        0x1 
 .rodata.__func__.0
                0x000000001000d1cc       0x1a CMakeFiles/max31865_test.dir/home/webius/Desktop/pico-dev/pico/pico-sdk/src/rp2_common/hardware_irq/irq.c.obj
 *fill*         0x000000001000d1e6        0x2 
 .rodata        0x000000001000d1e8      0x111 CMakeFiles/max31865_test.dir/home/webius/Desktop/pico-dev/pico/pico-sdk/src/common/pico_sync/mutex.c.obj
 *fill*         0x000000001000d2f9        0x3 
 .rodata.__func__.4
                0x000000001000d2fc       0x15 CMakeFiles/max31865_test.dir/home/webius/Desktop/pico-dev/pico/pico-sdk/src/common/pico_sync/mutex.c.obj
 *fill*         0x000000001000d311        0x3 
 .rodata.__func__.3
                0x000000001000d314       0x18 CMakeFiles/max31865_test.dir/home/webius/Desktop/pico-dev/pico/pico-sdk/src/common/pico_sync/mutex.c.obj
 .rodata.__func__.1
                0x000000001000d32c        0xb CMakeFiles/max31865_test.dir/home/webius/Desktop/pico-dev/pico/pico-sdk/src/common/pico_sync/mutex.c.obj
 *fill*         0x000000001000d337        0x1 
 .rodata        0x000000001000d338      0x339 CMakeFiles/max31865_test.dir/home/webius/Desktop/pico-dev/pico/pico-sdk/src/common/pico_time/time.c.obj
 *fill*         0x000000001000d671        0x3 
 .rodata.__func__.12
                0x000000001000d674       0x12 CMakeFiles/max31865_test.dir/home/webius/Desktop/pico-dev/pico/pico-sdk/src/common/pico_time/time.c.obj
 *fill*         0x000000001000d686        0x2 
 .rodata.__func__.11
                0x000000001000d688        0xc CMakeFiles/max31865_test.dir/home/webius/Desktop/pico-dev/pico/pico-sdk/src/common/pico_time/time.c.obj
 .rodata.__func__.10
                0x000000001000d694        0xa CMakeFiles/max31865_test.dir/home/webius/Desktop/pico-dev/pico/pico-sdk/src/common/pico_time/time.c.obj
 *fill*         0x000000001000d69e        0x2 
 .rodata.__func__.9
                0x000000001000d6a0       0x17 CMakeFiles/max31865_test.dir/home/webius/Desktop/pico-dev/pico/pico-sdk/src/common/pico_time/time.c.obj
 *fill*         0x000000001000d6b7        0x1 
 .rodata.__func__.8